Archive member included to satisfy reference by file (symbol)

e:/program files (x86)/atolic/truestudio for stm32 9.3.0/armtools/bin/../lib/gcc/arm-atollic-eabi/6.3.1/../../../../arm-atollic-eabi/lib/armv7e-m/fpu\libc_nano.a(lib_a-errno.o)
                              Src\syscalls.o (__errno)
e:/program files (x86)/atolic/truestudio for stm32 9.3.0/armtools/bin/../lib/gcc/arm-atollic-eabi/6.3.1/../../../../arm-atollic-eabi/lib/armv7e-m/fpu\libc_nano.a(lib_a-impure.o)
                              e:/program files (x86)/atolic/truestudio for stm32 9.3.0/armtools/bin/../lib/gcc/arm-atollic-eabi/6.3.1/../../../../arm-atollic-eabi/lib/armv7e-m/fpu\libc_nano.a(lib_a-errno.o) (_impure_ptr)
e:/program files (x86)/atolic/truestudio for stm32 9.3.0/armtools/bin/../lib/gcc/arm-atollic-eabi/6.3.1/../../../../arm-atollic-eabi/lib/armv7e-m/fpu\libc_nano.a(lib_a-init.o)
                              startup\startup_stm32l476xx.o (__libc_init_array)
e:/program files (x86)/atolic/truestudio for stm32 9.3.0/armtools/bin/../lib/gcc/arm-atollic-eabi/6.3.1/../../../../arm-atollic-eabi/lib/armv7e-m/fpu\libc_nano.a(lib_a-itoa.o)
                              Src\myTime.o (itoa)
e:/program files (x86)/atolic/truestudio for stm32 9.3.0/armtools/bin/../lib/gcc/arm-atollic-eabi/6.3.1/../../../../arm-atollic-eabi/lib/armv7e-m/fpu\libc_nano.a(lib_a-malloc.o)
                              Src\stm32l476g_discovery_audio.o (malloc)
e:/program files (x86)/atolic/truestudio for stm32 9.3.0/armtools/bin/../lib/gcc/arm-atollic-eabi/6.3.1/../../../../arm-atollic-eabi/lib/armv7e-m/fpu\libc_nano.a(lib_a-memset.o)
                              Src\main.o (memset)
e:/program files (x86)/atolic/truestudio for stm32 9.3.0/armtools/bin/../lib/gcc/arm-atollic-eabi/6.3.1/../../../../arm-atollic-eabi/lib/armv7e-m/fpu\libc_nano.a(lib_a-nano-freer.o)
                              e:/program files (x86)/atolic/truestudio for stm32 9.3.0/armtools/bin/../lib/gcc/arm-atollic-eabi/6.3.1/../../../../arm-atollic-eabi/lib/armv7e-m/fpu\libc_nano.a(lib_a-malloc.o) (_free_r)
e:/program files (x86)/atolic/truestudio for stm32 9.3.0/armtools/bin/../lib/gcc/arm-atollic-eabi/6.3.1/../../../../arm-atollic-eabi/lib/armv7e-m/fpu\libc_nano.a(lib_a-nano-mallocr.o)
                              e:/program files (x86)/atolic/truestudio for stm32 9.3.0/armtools/bin/../lib/gcc/arm-atollic-eabi/6.3.1/../../../../arm-atollic-eabi/lib/armv7e-m/fpu\libc_nano.a(lib_a-malloc.o) (_malloc_r)
e:/program files (x86)/atolic/truestudio for stm32 9.3.0/armtools/bin/../lib/gcc/arm-atollic-eabi/6.3.1/../../../../arm-atollic-eabi/lib/armv7e-m/fpu\libc_nano.a(lib_a-sbrkr.o)
                              e:/program files (x86)/atolic/truestudio for stm32 9.3.0/armtools/bin/../lib/gcc/arm-atollic-eabi/6.3.1/../../../../arm-atollic-eabi/lib/armv7e-m/fpu\libc_nano.a(lib_a-nano-mallocr.o) (_sbrk_r)
e:/program files (x86)/atolic/truestudio for stm32 9.3.0/armtools/bin/../lib/gcc/arm-atollic-eabi/6.3.1/../../../../arm-atollic-eabi/lib/armv7e-m/fpu\libc_nano.a(lib_a-strcpy.o)
                              Src\myTime.o (strcpy)
e:/program files (x86)/atolic/truestudio for stm32 9.3.0/armtools/bin/../lib/gcc/arm-atollic-eabi/6.3.1/../../../../arm-atollic-eabi/lib/armv7e-m/fpu\libc_nano.a(lib_a-utoa.o)
                              e:/program files (x86)/atolic/truestudio for stm32 9.3.0/armtools/bin/../lib/gcc/arm-atollic-eabi/6.3.1/../../../../arm-atollic-eabi/lib/armv7e-m/fpu\libc_nano.a(lib_a-itoa.o) (__utoa)
e:/program files (x86)/atolic/truestudio for stm32 9.3.0/armtools/bin/../lib/gcc/arm-atollic-eabi/6.3.1/../../../../arm-atollic-eabi/lib/armv7e-m/fpu\libc_nano.a(lib_a-mlock.o)
                              e:/program files (x86)/atolic/truestudio for stm32 9.3.0/armtools/bin/../lib/gcc/arm-atollic-eabi/6.3.1/../../../../arm-atollic-eabi/lib/armv7e-m/fpu\libc_nano.a(lib_a-nano-freer.o) (__malloc_lock)
e:/program files (x86)/atolic/truestudio for stm32 9.3.0/armtools/bin/../lib/gcc/arm-atollic-eabi/6.3.1/../../../../arm-atollic-eabi/lib/armv7e-m/fpu\libc_nano.a(lib_a-reent.o)
                              e:/program files (x86)/atolic/truestudio for stm32 9.3.0/armtools/bin/../lib/gcc/arm-atollic-eabi/6.3.1/../../../../arm-atollic-eabi/lib/armv7e-m/fpu\libc_nano.a(lib_a-sbrkr.o) (errno)

Allocating common symbols
Common symbol       size              file

Digit               0x10              Src\stm32l476g_discovery_glass_lcd.o
errno               0x4               e:/program files (x86)/atolic/truestudio for stm32 9.3.0/armtools/bin/../lib/gcc/arm-atollic-eabi/6.3.1/../../../../arm-atollic-eabi/lib/armv7e-m/fpu\libc_nano.a(lib_a-reent.o)
hi2c1               0x4c              Src\main.o
BSP_AUDIO_hDfsdmLeftFilter
                    0x54              Src\stm32l476g_discovery_audio.o
uwTick              0x4               Drivers\STM32L4xx_HAL_Driver\Src\stm32l4xx_hal.o
BSP_AUDIO_hSai      0x84              Src\stm32l476g_discovery_audio.o
hsai_BlockB1        0x84              Src\main.o
[...]
Memory Configuration

Name             Origin             Length             Attributes
RAM              0x20000000         0x00018000         xrw
RAM2             0x10000000         0x00008000         xrw
FLASH            0x08000000         0x00100000         xr
*default*        0x00000000         0xffffffff

Linker script and memory map

LOAD e:/program files (x86)/atolic/truestudio for stm32 9.3.0/armtools/bin/../lib/gcc/arm-atollic-eabi/6.3.1/armv7e-m/fpu/crti.o
LOAD e:/program files (x86)/atolic/truestudio for stm32 9.3.0/armtools/bin/../lib/gcc/arm-atollic-eabi/6.3.1/armv7e-m/fpu/crtbegin.o
LOAD Drivers\STM32L4xx_HAL_Driver\Src\stm32l4xx_hal.o
LOAD Drivers\STM32L4xx_HAL_Driver\Src\stm32l4xx_hal_cortex.o
LOAD Drivers\STM32L4xx_HAL_Driver\Src\stm32l4xx_hal_dma.o
LOAD Drivers\STM32L4xx_HAL_Driver\Src\stm32l4xx_hal_dma_ex.o
LOAD Drivers\STM32L4xx_HAL_Driver\Src\stm32l4xx_hal_exti.o
LOAD Drivers\STM32L4xx_HAL_Driver\Src\stm32l4xx_hal_flash.o
LOAD Drivers\STM32L4xx_HAL_Driver\Src\stm32l4xx_hal_flash_ex.o
LOAD Drivers\STM32L4xx_HAL_Driver\Src\stm32l4xx_hal_flash_ramfunc.o
LOAD Drivers\STM32L4xx_HAL_Driver\Src\stm32l4xx_hal_gpio.o
LOAD Drivers\STM32L4xx_HAL_Driver\Src\stm32l4xx_hal_i2c.o
LOAD Drivers\STM32L4xx_HAL_Driver\Src\stm32l4xx_hal_i2c_ex.o
LOAD Drivers\STM32L4xx_HAL_Driver\Src\stm32l4xx_hal_lcd.o
LOAD Drivers\STM32L4xx_HAL_Driver\Src\stm32l4xx_hal_pwr.o
LOAD Drivers\STM32L4xx_HAL_Driver\Src\stm32l4xx_hal_pwr_ex.o
LOAD Drivers\STM32L4xx_HAL_Driver\Src\stm32l4xx_hal_qspi.o
LOAD Drivers\STM32L4xx_HAL_Driver\Src\stm32l4xx_hal_rcc.o
LOAD Drivers\STM32L4xx_HAL_Driver\Src\stm32l4xx_hal_rcc_ex.o
LOAD Drivers\STM32L4xx_HAL_Driver\Src\stm32l4xx_hal_rtc.o
LOAD Drivers\STM32L4xx_HAL_Driver\Src\stm32l4xx_hal_rtc_ex.o
LOAD Drivers\STM32L4xx_HAL_Driver\Src\stm32l4xx_hal_sai.o
LOAD Drivers\STM32L4xx_HAL_Driver\Src\stm32l4xx_hal_sai_ex.o
LOAD Drivers\STM32L4xx_HAL_Driver\Src\stm32l4xx_hal_tim.o
LOAD Drivers\STM32L4xx_HAL_Driver\Src\stm32l4xx_hal_tim_ex.o
LOAD Src\main.o
LOAD Src\menu.o
LOAD Src\myTime.o
LOAD Src\pamiec.o
LOAD Src\stm32l476g_discovery.o
LOAD Src\stm32l476g_discovery_audio.o
LOAD Src\stm32l476g_discovery_compass.o
LOAD Src\stm32l476g_discovery_glass_lcd.o
LOAD Src\stm32l476g_discovery_gyroscope.o
LOAD Src\stm32l476g_discovery_idd.o
LOAD Src\stm32l476g_discovery_qspi.o
LOAD Src\stm32l4xx_hal_dac.o
LOAD Src\stm32l4xx_hal_dfsdm.o
LOAD Src\stm32l4xx_it.o
LOAD Src\syscalls.o
LOAD Src\system_stm32l4xx.o
LOAD startup\startup_stm32l476xx.o
                0x00000080                malloc_getpagesize_P = 0x80
START GROUP
LOAD e:/program files (x86)/atolic/truestudio for stm32 9.3.0/armtools/bin/../lib/gcc/arm-atollic-eabi/6.3.1/../../../../arm-atollic-eabi/lib/armv7e-m/fpu\libc_nano.a
LOAD e:/program files (x86)/atolic/truestudio for stm32 9.3.0/armtools/bin/../lib/gcc/arm-atollic-eabi/6.3.1/../../../../arm-atollic-eabi/lib/armv7e-m/fpu\libm.a
END GROUP
START GROUP
LOAD e:/program files (x86)/atolic/truestudio for stm32 9.3.0/armtools/bin/../lib/gcc/arm-atollic-eabi/6.3.1/armv7e-m/fpu\libgcc.a
LOAD e:/program files (x86)/atolic/truestudio for stm32 9.3.0/armtools/bin/../lib/gcc/arm-atollic-eabi/6.3.1/../../../../arm-atollic-eabi/lib/armv7e-m/fpu\libc_nano.a
END GROUP
START GROUP
LOAD e:/program files (x86)/atolic/truestudio for stm32 9.3.0/armtools/bin/../lib/gcc/arm-atollic-eabi/6.3.1/armv7e-m/fpu\libgcc.a
LOAD e:/program files (x86)/atolic/truestudio for stm32 9.3.0/armtools/bin/../lib/gcc/arm-atollic-eabi/6.3.1/../../../../arm-atollic-eabi/lib/armv7e-m/fpu\libc_nano.a
LOAD e:/program files (x86)/atolic/truestudio for stm32 9.3.0/armtools/bin/../lib/gcc/arm-atollic-eabi/6.3.1/../../../../arm-atollic-eabi/lib/armv7e-m/fpu\libnosys.a
END GROUP
START GROUP
LOAD e:/program files (x86)/atolic/truestudio for stm32 9.3.0/armtools/bin/../lib/gcc/arm-atollic-eabi/6.3.1/armv7e-m/fpu\libgcc.a
LOAD e:/program files (x86)/atolic/truestudio for stm32 9.3.0/armtools/bin/../lib/gcc/arm-atollic-eabi/6.3.1/../../../../arm-atollic-eabi/lib/armv7e-m/fpu\libc_nano.a
LOAD e:/program files (x86)/atolic/truestudio for stm32 9.3.0/armtools/bin/../lib/gcc/arm-atollic-eabi/6.3.1/../../../../arm-atollic-eabi/lib/armv7e-m/fpu\libnosys.a
END GROUP
LOAD e:/program files (x86)/atolic/truestudio for stm32 9.3.0/armtools/bin/../lib/gcc/arm-atollic-eabi/6.3.1/armv7e-m/fpu/crtend.o
LOAD e:/program files (x86)/atolic/truestudio for stm32 9.3.0/armtools/bin/../lib/gcc/arm-atollic-eabi/6.3.1/armv7e-m/fpu/crtn.o
                0x20018000                _estack = 0x20018000
                0x00000200                _Min_Heap_Size = 0x200
                0x00000400                _Min_Stack_Size = 0x400

.isr_vector     0x08000000      0x188
                0x08000000                . = ALIGN (0x4)
 *(.isr_vector)
 .isr_vector    0x08000000      0x188 startup\startup_stm32l476xx.o
                0x08000000                g_pfnVectors
                0x08000188                . = ALIGN (0x4)

.text           0x08000188     0x5de4
                0x08000188                . = ALIGN (0x4)
 *(.text)
 .text          0x08000188       0x40 e:/program files (x86)/atolic/truestudio for stm32 9.3.0/armtools/bin/../lib/gcc/arm-atollic-eabi/6.3.1/armv7e-m/fpu/crtbegin.o
 *(.text*)
 .text.HAL_Init
                0x080001c8       0x40 Drivers\STM32L4xx_HAL_Driver\Src\stm32l4xx_hal.o
                0x080001c8                HAL_Init
 .text.HAL_MspInit
                0x08000208        0xe Drivers\STM32L4xx_HAL_Driver\Src\stm32l4xx_hal.o
                0x08000208                HAL_MspInit
 *fill*         0x08000216        0x2 
 .text.HAL_InitTick
                0x08000218       0x48 Drivers\STM32L4xx_HAL_Driver\Src\stm32l4xx_hal.o
                0x08000218                HAL_InitTick
 .text.HAL_IncTick
                0x08000260       0x1c Drivers\STM32L4xx_HAL_Driver\Src\stm32l4xx_hal.o
                0x08000260                HAL_IncTick
 .text.HAL_GetTick
                0x0800027c       0x18 Drivers\STM32L4xx_HAL_Driver\Src\stm32l4xx_hal.o
                0x0800027c                HAL_GetTick
 .text.HAL_Delay
                0x08000294       0x3a Drivers\STM32L4xx_HAL_Driver\Src\stm32l4xx_hal.o
                0x08000294                HAL_Delay
 *fill*         0x080002ce        0x2 
 .text.NVIC_SetPriorityGrouping
                0x080002d0       0x48 Drivers\STM32L4xx_HAL_Driver\Src\stm32l4xx_hal_cortex.o
 .text.NVIC_GetPriorityGrouping
                0x08000318       0x1c Drivers\STM32L4xx_HAL_Driver\Src\stm32l4xx_hal_cortex.o
 .text.NVIC_EnableIRQ
                0x08000334       0x34 Drivers\STM32L4xx_HAL_Driver\Src\stm32l4xx_hal_cortex.o
 .text.NVIC_SetPriority
                0x08000368       0x54 Drivers\STM32L4xx_HAL_Driver\Src\stm32l4xx_hal_cortex.o
 .text.NVIC_EncodePriority
                0x080003bc       0x62 Drivers\STM32L4xx_HAL_Driver\Src\stm32l4xx_hal_cortex.o
 *fill*         0x0800041e        0x2 
 .text.SysTick_Config
                0x08000420       0x44 Drivers\STM32L4xx_HAL_Driver\Src\stm32l4xx_hal_cortex.o
 .text.HAL_NVIC_SetPriorityGrouping
                0x08000464       0x16 Drivers\STM32L4xx_HAL_Driver\Src\stm32l4xx_hal_cortex.o
                0x08000464                HAL_NVIC_SetPriorityGrouping
 .text.HAL_NVIC_SetPriority
                0x0800047a       0x38 Drivers\STM32L4xx_HAL_Driver\Src\stm32l4xx_hal_cortex.o
                0x0800047a                HAL_NVIC_SetPriority
 .text.HAL_NVIC_EnableIRQ
                0x080004b2       0x1c Drivers\STM32L4xx_HAL_Driver\Src\stm32l4xx_hal_cortex.o
                0x080004b2                HAL_NVIC_EnableIRQ
 .text.HAL_SYSTICK_Config
                0x080004ce       0x18 Drivers\STM32L4xx_HAL_Driver\Src\stm32l4xx_hal_cortex.o
                0x080004ce                HAL_SYSTICK_Config
 *fill*         0x080004e6        0x2 
 .text.HAL_DMA_Init
                0x080004e8      0x170 Drivers\STM32L4xx_HAL_Driver\Src\stm32l4xx_hal_dma.o
                0x080004e8                HAL_DMA_Init
 .text.HAL_DMA_DeInit
                0x08000658      0x124 Drivers\STM32L4xx_HAL_Driver\Src\stm32l4xx_hal_dma.o
                0x08000658                HAL_DMA_DeInit
 .text.HAL_DMA_Abort
                0x0800077c       0x68 Drivers\STM32L4xx_HAL_Driver\Src\stm32l4xx_hal_dma.o
                0x0800077c                HAL_DMA_Abort
 .text.HAL_GPIO_Init
                0x080007e4      0x350 Drivers\STM32L4xx_HAL_Driver\Src\stm32l4xx_hal_gpio.o
                0x080007e4                HAL_GPIO_Init
 .text.HAL_GPIO_WritePin
                0x08000b34       0x30 Drivers\STM32L4xx_HAL_Driver\Src\stm32l4xx_hal_gpio.o
                0x08000b34                HAL_GPIO_WritePin
 .text.HAL_GPIO_EXTI_IRQHandler
                0x08000b64       0x30 Drivers\STM32L4xx_HAL_Driver\Src\stm32l4xx_hal_gpio.o
                0x08000b64                HAL_GPIO_EXTI_IRQHandler
 .text.HAL_I2C_Init
                0x08000b94      0x11c Drivers\STM32L4xx_HAL_Driver\Src\stm32l4xx_hal_i2c.o
                0x08000b94                HAL_I2C_Init
 .text.HAL_I2C_MspInit
                0x08000cb0       0x14 Drivers\STM32L4xx_HAL_Driver\Src\stm32l4xx_hal_i2c.o
                0x08000cb0                HAL_I2C_MspInit
 .text.HAL_I2CEx_ConfigAnalogFilter
                0x08000cc4       0x96 Drivers\STM32L4xx_HAL_Driver\Src\stm32l4xx_hal_i2c_ex.o
                0x08000cc4                HAL_I2CEx_ConfigAnalogFilter
 .text.HAL_I2CEx_ConfigDigitalFilter
                0x08000d5a       0x98 Drivers\STM32L4xx_HAL_Driver\Src\stm32l4xx_hal_i2c_ex.o
                0x08000d5a                HAL_I2CEx_ConfigDigitalFilter
 *fill*         0x08000df2        0x2 
 .text.HAL_LCD_Init
                0x08000df4      0x178 Drivers\STM32L4xx_HAL_Driver\Src\stm32l4xx_hal_lcd.o
                0x08000df4                HAL_LCD_Init
 .text.HAL_LCD_MspInit
                0x08000f6c       0x14 Drivers\STM32L4xx_HAL_Driver\Src\stm32l4xx_hal_lcd.o
                0x08000f6c                HAL_LCD_MspInit
 .text.HAL_LCD_Write
                0x08000f80       0xbe Drivers\STM32L4xx_HAL_Driver\Src\stm32l4xx_hal_lcd.o
                0x08000f80                HAL_LCD_Write
 .text.HAL_LCD_Clear
                0x0800103e       0xb4 Drivers\STM32L4xx_HAL_Driver\Src\stm32l4xx_hal_lcd.o
                0x0800103e                HAL_LCD_Clear
 .text.HAL_LCD_UpdateDisplayRequest
                0x080010f2       0x76 Drivers\STM32L4xx_HAL_Driver\Src\stm32l4xx_hal_lcd.o
                0x080010f2                HAL_LCD_UpdateDisplayRequest
 .text.LCD_WaitForSynchro
                0x08001168       0x46 Drivers\STM32L4xx_HAL_Driver\Src\stm32l4xx_hal_lcd.o
                0x08001168                LCD_WaitForSynchro
 *fill*         0x080011ae        0x2 
 .text.HAL_PWREx_GetVoltageRange
                0x080011b0       0x1c Drivers\STM32L4xx_HAL_Driver\Src\stm32l4xx_hal_pwr_ex.o
                0x080011b0                HAL_PWREx_GetVoltageRange
 .text.HAL_PWREx_ControlVoltageScaling
                0x080011cc       0xac Drivers\STM32L4xx_HAL_Driver\Src\stm32l4xx_hal_pwr_ex.o
                0x080011cc                HAL_PWREx_ControlVoltageScaling
 .text.HAL_QSPI_Init
                0x08001278      0x104 Drivers\STM32L4xx_HAL_Driver\Src\stm32l4xx_hal_qspi.o
                0x08001278                HAL_QSPI_Init
 .text.HAL_QSPI_DeInit
                0x0800137c       0x60 Drivers\STM32L4xx_HAL_Driver\Src\stm32l4xx_hal_qspi.o
                0x0800137c                HAL_QSPI_DeInit
 .text.HAL_QSPI_MspInit
                0x080013dc       0x14 Drivers\STM32L4xx_HAL_Driver\Src\stm32l4xx_hal_qspi.o
                0x080013dc                HAL_QSPI_MspInit
 .text.HAL_QSPI_MspDeInit
                0x080013f0       0x14 Drivers\STM32L4xx_HAL_Driver\Src\stm32l4xx_hal_qspi.o
                0x080013f0                HAL_QSPI_MspDeInit
 .text.HAL_QSPI_Command
                0x08001404       0xbc Drivers\STM32L4xx_HAL_Driver\Src\stm32l4xx_hal_qspi.o
                0x08001404                HAL_QSPI_Command
 .text.HAL_QSPI_Transmit
                0x080014c0      0x12e Drivers\STM32L4xx_HAL_Driver\Src\stm32l4xx_hal_qspi.o
                0x080014c0                HAL_QSPI_Transmit
 .text.HAL_QSPI_Receive
                0x080015ee      0x144 Drivers\STM32L4xx_HAL_Driver\Src\stm32l4xx_hal_qspi.o
                0x080015ee                HAL_QSPI_Receive
 .text.HAL_QSPI_AutoPolling
                0x08001732       0xee Drivers\STM32L4xx_HAL_Driver\Src\stm32l4xx_hal_qspi.o
                0x08001732                HAL_QSPI_AutoPolling
 .text.HAL_QSPI_Abort
                0x08001820       0xda Drivers\STM32L4xx_HAL_Driver\Src\stm32l4xx_hal_qspi.o
                0x08001820                HAL_QSPI_Abort
 .text.HAL_QSPI_SetTimeout
                0x080018fa       0x1c Drivers\STM32L4xx_HAL_Driver\Src\stm32l4xx_hal_qspi.o
                0x080018fa                HAL_QSPI_SetTimeout
 .text.QSPI_WaitFlagStateUntilTimeout
                0x08001916       0x6e Drivers\STM32L4xx_HAL_Driver\Src\stm32l4xx_hal_qspi.o
 .text.QSPI_Config
                0x08001984      0x2fc Drivers\STM32L4xx_HAL_Driver\Src\stm32l4xx_hal_qspi.o
 .text.HAL_RCC_OscConfig
                0x08001c80      0x6c8 Drivers\STM32L4xx_HAL_Driver\Src\stm32l4xx_hal_rcc.o
                0x08001c80                HAL_RCC_OscConfig
 .text.HAL_RCC_ClockConfig
                0x08002348      0x1bc Drivers\STM32L4xx_HAL_Driver\Src\stm32l4xx_hal_rcc.o
                0x08002348                HAL_RCC_ClockConfig
 .text.HAL_RCC_GetSysClockFreq
                0x08002504      0x138 Drivers\STM32L4xx_HAL_Driver\Src\stm32l4xx_hal_rcc.o
                0x08002504                HAL_RCC_GetSysClockFreq
 .text.HAL_RCC_GetHCLKFreq
                0x0800263c       0x18 Drivers\STM32L4xx_HAL_Driver\Src\stm32l4xx_hal_rcc.o
                0x0800263c                HAL_RCC_GetHCLKFreq
 .text.HAL_RCC_GetPCLK1Freq
                0x08002654       0x2c Drivers\STM32L4xx_HAL_Driver\Src\stm32l4xx_hal_rcc.o
                0x08002654                HAL_RCC_GetPCLK1Freq
 .text.HAL_RCC_GetPCLK2Freq
                0x08002680       0x2c Drivers\STM32L4xx_HAL_Driver\Src\stm32l4xx_hal_rcc.o
                0x08002680                HAL_RCC_GetPCLK2Freq
 .text.RCC_SetFlashLatencyFromMSIRange
                0x080026ac       0xc0 Drivers\STM32L4xx_HAL_Driver\Src\stm32l4xx_hal_rcc.o
 .text.HAL_RCCEx_PeriphCLKConfig
                0x0800276c      0x5cc Drivers\STM32L4xx_HAL_Driver\Src\stm32l4xx_hal_rcc_ex.o
                0x0800276c                HAL_RCCEx_PeriphCLKConfig
 .text.HAL_RCCEx_GetPeriphCLKFreq
                0x08002d38      0x8f0 Drivers\STM32L4xx_HAL_Driver\Src\stm32l4xx_hal_rcc_ex.o
                0x08002d38                HAL_RCCEx_GetPeriphCLKFreq
 .text.RCCEx_PLLSAI1_Config
                0x08003628      0x1e0 Drivers\STM32L4xx_HAL_Driver\Src\stm32l4xx_hal_rcc_ex.o
 .text.RCCEx_PLLSAI2_Config
                0x08003808      0x1b4 Drivers\STM32L4xx_HAL_Driver\Src\stm32l4xx_hal_rcc_ex.o
 .text.RCCEx_GetSAIxPeriphCLKFreq
                0x080039bc      0x1b0 Drivers\STM32L4xx_HAL_Driver\Src\stm32l4xx_hal_rcc_ex.o
 .text.HAL_RTC_Init
                0x08003b6c      0x142 Drivers\STM32L4xx_HAL_Driver\Src\stm32l4xx_hal_rtc.o
                0x08003b6c                HAL_RTC_Init
 .text.HAL_RTC_MspInit
                0x08003cae       0x14 Drivers\STM32L4xx_HAL_Driver\Src\stm32l4xx_hal_rtc.o
                0x08003cae                HAL_RTC_MspInit
 .text.HAL_RTC_SetTime
                0x08003cc2      0x198 Drivers\STM32L4xx_HAL_Driver\Src\stm32l4xx_hal_rtc.o
                0x08003cc2                HAL_RTC_SetTime
 .text.HAL_RTC_SetDate
                0x08003e5a      0x15c Drivers\STM32L4xx_HAL_Driver\Src\stm32l4xx_hal_rtc.o
                0x08003e5a                HAL_RTC_SetDate
 .text.HAL_RTC_WaitForSynchro
                0x08003fb6       0x4c Drivers\STM32L4xx_HAL_Driver\Src\stm32l4xx_hal_rtc.o
                0x08003fb6                HAL_RTC_WaitForSynchro
 .text.RTC_EnterInitMode
                0x08004002       0x54 Drivers\STM32L4xx_HAL_Driver\Src\stm32l4xx_hal_rtc.o
                0x08004002                RTC_EnterInitMode
 .text.RTC_ByteToBcd2
                0x08004056       0x40 Drivers\STM32L4xx_HAL_Driver\Src\stm32l4xx_hal_rtc.o
                0x08004056                RTC_ByteToBcd2
 .text.RTC_Bcd2ToByte
                0x08004096       0x34 Drivers\STM32L4xx_HAL_Driver\Src\stm32l4xx_hal_rtc.o
                0x08004096                RTC_Bcd2ToByte
 *fill*         0x080040ca        0x2 
 .text.HAL_SAI_Init
                0x080040cc      0x2cc Drivers\STM32L4xx_HAL_Driver\Src\stm32l4xx_hal_sai.o
                0x080040cc                HAL_SAI_Init
 .text.SAI_Disable
                0x08004398       0x68 Drivers\STM32L4xx_HAL_Driver\Src\stm32l4xx_hal_sai.o
 .text.main     0x08004400      0x124 Src\main.o
                0x08004400                main
 .text.HAL_GPIO_EXTI_Callback
                0x08004524       0xdc Src\main.o
                0x08004524                HAL_GPIO_EXTI_Callback
 .text.SystemClock_Config
                0x08004600      0x124 Src\main.o
                0x08004600                SystemClock_Config
 .text.MX_I2C1_Init
                0x08004724       0x80 Src\main.o
 .text.MX_RTC_Init
                0x080047a4       0xb8 Src\main.o
 .text.MX_SAI1_Init
                0x0800485c      0x10c Src\main.o
 .text.MX_GPIO_Init
                0x08004968      0x1bc Src\main.o
 .text.Error_Handler
                0x08004b24        0xe Src\main.o
                0x08004b24                Error_Handler
 *fill*         0x08004b32        0x2 
 .text.zapisz   0x08004b34       0x68 Src\pamiec.o
                0x08004b34                zapisz
 .text.wczytaj  0x08004b9c       0x44 Src\pamiec.o
                0x08004b9c                wczytaj
 .text.HAL_SAI_MspInit
                0x08004be0       0xfc Src\stm32l476g_discovery_audio.o
                0x08004be0                HAL_SAI_MspInit
 .text.BSP_LCD_GLASS_Init
                0x08004cdc       0x74 Src\stm32l476g_discovery_glass_lcd.o
                0x08004cdc                BSP_LCD_GLASS_Init
 .text.BSP_LCD_GLASS_DisplayString
                0x08004d50       0x5c Src\stm32l476g_discovery_glass_lcd.o
                0x08004d50                BSP_LCD_GLASS_DisplayString
 .text.BSP_LCD_GLASS_Clear
                0x08004dac       0x14 Src\stm32l476g_discovery_glass_lcd.o
                0x08004dac                BSP_LCD_GLASS_Clear
 .text.LCD_MspInit
                0x08004dc0      0x18c Src\stm32l476g_discovery_glass_lcd.o
 .text.Convert  0x08004f4c      0x190 Src\stm32l476g_discovery_glass_lcd.o
 .text.WriteChar
                0x080050dc      0x700 Src\stm32l476g_discovery_glass_lcd.o
 .text.BSP_QSPI_Init
                0x080057dc       0x9c Src\stm32l476g_discovery_qspi.o
                0x080057dc                BSP_QSPI_Init
 .text.BSP_QSPI_Read
                0x08005878       0x84 Src\stm32l476g_discovery_qspi.o
                0x08005878                BSP_QSPI_Read
 .text.BSP_QSPI_Write
                0x080058fc       0xfc Src\stm32l476g_discovery_qspi.o
                0x080058fc                BSP_QSPI_Write
 .text.BSP_QSPI_Erase_Block
                0x080059f8       0x88 Src\stm32l476g_discovery_qspi.o
                0x080059f8                BSP_QSPI_Erase_Block
 .text.QSPI_MspInit
                0x08005a80       0x98 Src\stm32l476g_discovery_qspi.o
 .text.QSPI_ResetMemory
                0x08005b18       0x88 Src\stm32l476g_discovery_qspi.o
 .text.QSPI_DummyCyclesCfg
                0x08005ba0       0xec Src\stm32l476g_discovery_qspi.o
 .text.QSPI_WriteEnable
                0x08005c8c       0x98 Src\stm32l476g_discovery_qspi.o
 .text.QSPI_AutoPollingMemReady
                0x08005d24       0x74 Src\stm32l476g_discovery_qspi.o
 .text.NMI_Handler
                0x08005d98        0xe Src\stm32l4xx_it.o
                0x08005d98                NMI_Handler
 .text.HardFault_Handler
                0x08005da6        0x6 Src\stm32l4xx_it.o
                0x08005da6                HardFault_Handler
 .text.MemManage_Handler
                0x08005dac        0x6 Src\stm32l4xx_it.o
                0x08005dac                MemManage_Handler
 .text.BusFault_Handler
                0x08005db2        0x6 Src\stm32l4xx_it.o
                0x08005db2                BusFault_Handler
 .text.UsageFault_Handler
                0x08005db8        0x6 Src\stm32l4xx_it.o
                0x08005db8                UsageFault_Handler
 .text.SVC_Handler
                0x08005dbe        0xe Src\stm32l4xx_it.o
                0x08005dbe                SVC_Handler
 .text.DebugMon_Handler
                0x08005dcc        0xe Src\stm32l4xx_it.o
                0x08005dcc                DebugMon_Handler
 .text.PendSV_Handler
                0x08005dda        0xe Src\stm32l4xx_it.o
                0x08005dda                PendSV_Handler
 .text.SysTick_Handler
                0x08005de8        0xc Src\stm32l4xx_it.o
                0x08005de8                SysTick_Handler
 .text.EXTI0_IRQHandler
                0x08005df4        0xe Src\stm32l4xx_it.o
                0x08005df4                EXTI0_IRQHandler
 .text.EXTI1_IRQHandler
                0x08005e02        0xe Src\stm32l4xx_it.o
                0x08005e02                EXTI1_IRQHandler
 .text.EXTI2_IRQHandler
                0x08005e10        0xe Src\stm32l4xx_it.o
                0x08005e10                EXTI2_IRQHandler
 .text.EXTI3_IRQHandler
                0x08005e1e        0xe Src\stm32l4xx_it.o
                0x08005e1e                EXTI3_IRQHandler
 .text.EXTI9_5_IRQHandler
                0x08005e2c        0xe Src\stm32l4xx_it.o
                0x08005e2c                EXTI9_5_IRQHandler
 *fill*         0x08005e3a        0x2 
 .text.SystemInit
                0x08005e3c       0x6c Src\system_stm32l4xx.o
                0x08005e3c                SystemInit
 .text.Reset_Handler
                0x08005ea8       0x50 startup\startup_stm32l476xx.o
                0x08005ea8                Reset_Handler
 .text.Default_Handler
                0x08005ef8        0x2 startup\startup_stm32l476xx.o
                0x08005ef8                RTC_Alarm_IRQHandler
                0x08005ef8                TIM8_TRG_COM_IRQHandler
                0x08005ef8                TIM8_CC_IRQHandler
                0x08005ef8                TIM1_CC_IRQHandler
                0x08005ef8                TSC_IRQHandler
                0x08005ef8                TAMP_STAMP_IRQHandler
                0x08005ef8                LPTIM2_IRQHandler
                0x08005ef8                DFSDM1_FLT1_IRQHandler
                0x08005ef8                I2C3_ER_IRQHandler
                0x08005ef8                DFSDM1_FLT2_IRQHandler
                0x08005ef8                I2C2_EV_IRQHandler
                0x08005ef8                CAN1_RX0_IRQHandler
                0x08005ef8                FPU_IRQHandler
                0x08005ef8                TIM1_UP_TIM16_IRQHandler
                0x08005ef8                ADC1_2_IRQHandler
                0x08005ef8                SPI1_IRQHandler
                0x08005ef8                TIM6_DAC_IRQHandler
                0x08005ef8                TIM8_UP_IRQHandler
                0x08005ef8                DMA2_Channel2_IRQHandler
                0x08005ef8                DMA1_Channel4_IRQHandler
                0x08005ef8                SAI2_IRQHandler
                0x08005ef8                DFSDM1_FLT3_IRQHandler
                0x08005ef8                USART3_IRQHandler
                0x08005ef8                DMA1_Channel7_IRQHandler
                0x08005ef8                CAN1_RX1_IRQHandler
                0x08005ef8                LCD_IRQHandler
                0x08005ef8                UART5_IRQHandler
                0x08005ef8                ADC3_IRQHandler
                0x08005ef8                TIM4_IRQHandler
                0x08005ef8                DMA2_Channel1_IRQHandler
                0x08005ef8                QUADSPI_IRQHandler
                0x08005ef8                I2C1_EV_IRQHandler
                0x08005ef8                DMA1_Channel6_IRQHandler
                0x08005ef8                UART4_IRQHandler
                0x08005ef8                DMA2_Channel4_IRQHandler
                0x08005ef8                TIM3_IRQHandler
                0x08005ef8                RCC_IRQHandler
                0x08005ef8                DMA1_Channel1_IRQHandler
                0x08005ef8                Default_Handler
                0x08005ef8                DMA2_Channel7_IRQHandler
                0x08005ef8                EXTI15_10_IRQHandler
                0x08005ef8                TIM7_IRQHandler
                0x08005ef8                SDMMC1_IRQHandler
                0x08005ef8                TIM5_IRQHandler
                0x08005ef8                I2C3_EV_IRQHandler
                0x08005ef8                RTC_WKUP_IRQHandler
                0x08005ef8                PVD_PVM_IRQHandler
                0x08005ef8                SPI2_IRQHandler
                0x08005ef8                CAN1_TX_IRQHandler
                0x08005ef8                DMA2_Channel5_IRQHandler
                0x08005ef8                DMA1_Channel5_IRQHandler
                0x08005ef8                EXTI4_IRQHandler
                0x08005ef8                RNG_IRQHandler
                0x08005ef8                TIM1_TRG_COM_TIM17_IRQHandler
                0x08005ef8                DMA1_Channel3_IRQHandler
                0x08005ef8                COMP_IRQHandler
                0x08005ef8                WWDG_IRQHandler
                0x08005ef8                LPUART1_IRQHandler
                0x08005ef8                DMA2_Channel6_IRQHandler
                0x08005ef8                TIM2_IRQHandler
                0x08005ef8                USART2_IRQHandler
                0x08005ef8                DFSDM1_FLT0_IRQHandler
                0x08005ef8                I2C2_ER_IRQHandler
                0x08005ef8                DMA1_Channel2_IRQHandler
                0x08005ef8                TIM8_BRK_IRQHandler
                0x08005ef8                CAN1_SCE_IRQHandler
                0x08005ef8                FLASH_IRQHandler
                0x08005ef8                USART1_IRQHandler
                0x08005ef8                OTG_FS_IRQHandler
                0x08005ef8                SPI3_IRQHandler
                0x08005ef8                I2C1_ER_IRQHandler
                0x08005ef8                FMC_IRQHandler
                0x08005ef8                SWPMI1_IRQHandler
                0x08005ef8                LPTIM1_IRQHandler
                0x08005ef8                SAI1_IRQHandler
                0x08005ef8                DMA2_Channel3_IRQHandler
                0x08005ef8                TIM1_BRK_TIM15_IRQHandler
 *fill*         0x08005efa        0x2 
 .text.__libc_init_array
                0x08005efc       0x48 e:/program files (x86)/atolic/truestudio for stm32 9.3.0/armtools/bin/../lib/gcc/arm-atollic-eabi/6.3.1/../../../../arm-atollic-eabi/lib/armv7e-m/fpu\libc_nano.a(lib_a-init.o)
                0x08005efc                __libc_init_array
 .text.memset   0x08005f44       0x10 e:/program files (x86)/atolic/truestudio for stm32 9.3.0/armtools/bin/../lib/gcc/arm-atollic-eabi/6.3.1/../../../../arm-atollic-eabi/lib/armv7e-m/fpu\libc_nano.a(lib_a-memset.o)
                0x08005f44                memset
 *(.glue_7)
 .glue_7        0x08005f54        0x0 linker stubs
 *(.glue_7t)
 .glue_7t       0x08005f54        0x0 linker stubs
 *(.eh_frame)
 .eh_frame      0x08005f54        0x0 e:/program files (x86)/atolic/truestudio for stm32 9.3.0/armtools/bin/../lib/gcc/arm-atollic-eabi/6.3.1/armv7e-m/fpu/crtbegin.o
 *(.init)
 .init          0x08005f54        0x4 e:/program files (x86)/atolic/truestudio for stm32 9.3.0/armtools/bin/../lib/gcc/arm-atollic-eabi/6.3.1/armv7e-m/fpu/crti.o
                0x08005f54                _init
 .init          0x08005f58        0x8 e:/program files (x86)/atolic/truestudio for stm32 9.3.0/armtools/bin/../lib/gcc/arm-atollic-eabi/6.3.1/armv7e-m/fpu/crtn.o
 *(.fini)
 .fini          0x08005f60        0x4 e:/program files (x86)/atolic/truestudio for stm32 9.3.0/armtools/bin/../lib/gcc/arm-atollic-eabi/6.3.1/armv7e-m/fpu/crti.o
                0x08005f60                _fini
 .fini          0x08005f64        0x8 e:/program files (x86)/atolic/truestudio for stm32 9.3.0/armtools/bin/../lib/gcc/arm-atollic-eabi/6.3.1/armv7e-m/fpu/crtn.o
                0x08005f6c                . = ALIGN (0x4)
                0x08005f6c                _etext = .

.vfp11_veneer   0x08005f6c        0x0
 .vfp11_veneer  0x08005f6c        0x0 linker stubs

.v4_bx          0x08005f6c        0x0
 .v4_bx         0x08005f6c        0x0 linker stubs

.iplt           0x08005f6c        0x0
 .iplt          0x08005f6c        0x0 e:/program files (x86)/atolic/truestudio for stm32 9.3.0/armtools/bin/../lib/gcc/arm-atollic-eabi/6.3.1/armv7e-m/fpu/crtbegin.o

.rodata         0x08005f6c      0x108
                0x08005f6c                . = ALIGN (0x4)
 *(.rodata)
 .rodata        0x08005f6c       0x76 Src\main.o
 *(.rodata*)
 *fill*         0x08005fe2        0x2 
 .rodata.CapLetterMap
                0x08005fe4       0x34 Src\stm32l476g_discovery_glass_lcd.o
                0x08005fe4                CapLetterMap
 .rodata.NumberMap
                0x08006018       0x14 Src\stm32l476g_discovery_glass_lcd.o
                0x08006018                NumberMap
 .rodata.AHBPrescTable
                0x0800602c       0x10 Src\system_stm32l4xx.o
                0x0800602c                AHBPrescTable
 .rodata.APBPrescTable
                0x0800603c        0x8 Src\system_stm32l4xx.o
                0x0800603c                APBPrescTable
 .rodata.MSIRangeTable
                0x08006044       0x30 Src\system_stm32l4xx.o
                0x08006044                MSIRangeTable
                0x08006074                . = ALIGN (0x4)

.rel.dyn        0x08006074        0x0
 .rel.iplt      0x08006074        0x0 e:/program files (x86)/atolic/truestudio for stm32 9.3.0/armtools/bin/../lib/gcc/arm-atollic-eabi/6.3.1/armv7e-m/fpu/crtbegin.o

.ARM.extab
 *(.ARM.extab* .gnu.linkonce.armextab.*)

.ARM            0x08006074        0x0
                0x08006074                __exidx_start = .
 *(.ARM.exidx*)
                0x08006074                __exidx_end = .

.preinit_array  0x08006074        0x0
                0x08006074                PROVIDE (__preinit_array_start, .)
 *(.preinit_array*)
                0x08006074                PROVIDE (__preinit_array_end, .)

.init_array     0x08006074        0x4
                0x08006074                PROVIDE (__init_array_start, .)
 *(SORT(.init_array.*))
 *(.init_array*)
 .init_array    0x08006074        0x4 e:/program files (x86)/atolic/truestudio for stm32 9.3.0/armtools/bin/../lib/gcc/arm-atollic-eabi/6.3.1/armv7e-m/fpu/crtbegin.o
                0x08006078                PROVIDE (__init_array_end, .)

.fini_array     0x08006078        0x4
                [!provide]                PROVIDE (__fini_array_start, .)
 *(SORT(.fini_array.*))
 *(.fini_array*)
 .fini_array    0x08006078        0x4 e:/program files (x86)/atolic/truestudio for stm32 9.3.0/armtools/bin/../lib/gcc/arm-atollic-eabi/6.3.1/armv7e-m/fpu/crtbegin.o
                [!provide]                PROVIDE (__fini_array_end, .)
                0x0800607c                _sidata = LOADADDR (.data)

.data           0x20000000        0x4 load address 0x0800607c
                0x20000000                . = ALIGN (0x4)
                0x20000000                _sdata = .
 *(.data)
 *(.data*)
 .data.SystemCoreClock
                0x20000000        0x4 Src\system_stm32l4xx.o
                0x20000000                SystemCoreClock
                0x20000004                . = ALIGN (0x4)
                0x20000004                _edata = .

.igot.plt       0x20000004        0x0 load address 0x08006080
 .igot.plt      0x20000004        0x0 e:/program files (x86)/atolic/truestudio for stm32 9.3.0/armtools/bin/../lib/gcc/arm-atollic-eabi/6.3.1/armv7e-m/fpu/crtbegin.o
                0x20000004                . = ALIGN (0x4)

.bss            0x20000004      0x2f8 load address 0x08006080
                0x20000004                _sbss = .
                0x20000004                __bss_start__ = _sbss
 *(.bss)
 .bss           0x20000004       0x1c e:/program files (x86)/atolic/truestudio for stm32 9.3.0/armtools/bin/../lib/gcc/arm-atollic-eabi/6.3.1/armv7e-m/fpu/crtbegin.o
 *(.bss*)
 .bss.joy_event
                0x20000020        0x1 Src\main.o
                0x20000020                joy_event
 *fill*         0x20000021        0x3 
 .bss.ostatni_adres
                0x20000024        0x4 Src\pamiec.o
                0x20000024                ostatni_adres
 .bss.hDmaSai   0x20000028       0x48 Src\stm32l476g_discovery_audio.o
 *(COMMON)
 COMMON         0x20000070        0x4 Drivers\STM32L4xx_HAL_Driver\Src\stm32l4xx_hal.o
                0x20000070                uwTick
 COMMON         0x20000074      0x1f8 Src\main.o
                0x20000074                hi2c1
                0x200000c0                hsai_BlockB1
                0x20000144                hrtc
                0x20000168                hlcd
                0x200001a4                hsai_BlockA1
                0x20000228                hqspi
 COMMON         0x2000026c       0x4c Src\stm32l476g_discovery_glass_lcd.o
                0x2000026c                Digit
                0x2000027c                LCDHandle
 COMMON         0x200002b8       0x44 Src\stm32l476g_discovery_qspi.o
                0x200002b8                QSPIHandle
                0x200002fc                . = ALIGN (0x4)
                0x200002fc                _ebss = .
                0x200002fc                __bss_end__ = _ebss

._user_heap_stack
                0x200002fc      0x600 load address 0x08006080
                0x200002fc                . = ALIGN (0x4)
                0x200002fc                PROVIDE (end, .)
                [!provide]                PROVIDE (_end, .)
                0x200004fc                . = (. + _Min_Heap_Size)
 *fill*         0x200002fc      0x200 
                0x200008fc                . = (. + _Min_Stack_Size)
 *fill*         0x200004fc      0x400 
                0x200008fc                . = ALIGN (0x4)

/DISCARD/
 libc.a(*)
 libm.a(*)
 libgcc.a(*)

.ARM.attributes
                0x00000000       0x30
 *(.ARM.attributes)
 .ARM.attributes
                0x00000000       0x22 e:/program files (x86)/atolic/truestudio for stm32 9.3.0/armtools/bin/../lib/gcc/arm-atollic-eabi/6.3.1/armv7e-m/fpu/crti.o
 .ARM.attributes
                0x00000022       0x34 e:/program files (x86)/atolic/truestudio for stm32 9.3.0/armtools/bin/../lib/gcc/arm-atollic-eabi/6.3.1/armv7e-m/fpu/crtbegin.o
 .ARM.attributes
                0x00000056       0x39 Drivers\STM32L4xx_HAL_Driver\Src\stm32l4xx_hal.o
 .ARM.attributes
                0x0000008f       0x39 Drivers\STM32L4xx_HAL_Driver\Src\stm32l4xx_hal_cortex.o
 .ARM.attributes
                0x000000c8       0x39 Drivers\STM32L4xx_HAL_Driver\Src\stm32l4xx_hal_dma.o
 .ARM.attributes
                0x00000101       0x39 Drivers\STM32L4xx_HAL_Driver\Src\stm32l4xx_hal_gpio.o
 .ARM.attributes
                0x0000013a       0x39 Drivers\STM32L4xx_HAL_Driver\Src\stm32l4xx_hal_i2c.o
 .ARM.attributes
                0x00000173       0x39 Drivers\STM32L4xx_HAL_Driver\Src\stm32l4xx_hal_i2c_ex.o
 .ARM.attributes
                0x000001ac       0x39 Drivers\STM32L4xx_HAL_Driver\Src\stm32l4xx_hal_lcd.o
 .ARM.attributes
                0x000001e5       0x39 Drivers\STM32L4xx_HAL_Driver\Src\stm32l4xx_hal_pwr_ex.o
 .ARM.attributes
                0x0000021e       0x39 Drivers\STM32L4xx_HAL_Driver\Src\stm32l4xx_hal_qspi.o
 .ARM.attributes
                0x00000257       0x39 Drivers\STM32L4xx_HAL_Driver\Src\stm32l4xx_hal_rcc.o
 .ARM.attributes
                0x00000290       0x39 Drivers\STM32L4xx_HAL_Driver\Src\stm32l4xx_hal_rcc_ex.o
 .ARM.attributes
                0x000002c9       0x39 Drivers\STM32L4xx_HAL_Driver\Src\stm32l4xx_hal_rtc.o
 .ARM.attributes
                0x00000302       0x39 Drivers\STM32L4xx_HAL_Driver\Src\stm32l4xx_hal_sai.o
 .ARM.attributes
                0x0000033b       0x39 Src\main.o
 .ARM.attributes
                0x00000374       0x39 Src\pamiec.o
 .ARM.attributes
                0x000003ad       0x39 Src\stm32l476g_discovery_audio.o
 .ARM.attributes
                0x000003e6       0x39 Src\stm32l476g_discovery_glass_lcd.o
 .ARM.attributes
                0x0000041f       0x39 Src\stm32l476g_discovery_qspi.o
 .ARM.attributes
                0x00000458       0x39 Src\stm32l4xx_it.o
 .ARM.attributes
                0x00000491       0x39 Src\system_stm32l4xx.o
 .ARM.attributes
                0x000004ca       0x21 startup\startup_stm32l476xx.o
 .ARM.attributes
                0x000004eb       0x34 e:/program files (x86)/atolic/truestudio for stm32 9.3.0/armtools/bin/../lib/gcc/arm-atollic-eabi/6.3.1/../../../../arm-atollic-eabi/lib/armv7e-m/fpu\libc_nano.a(lib_a-init.o)
 .ARM.attributes
                0x0000051f       0x34 e:/program files (x86)/atolic/truestudio for stm32 9.3.0/armtools/bin/../lib/gcc/arm-atollic-eabi/6.3.1/../../../../arm-atollic-eabi/lib/armv7e-m/fpu\libc_nano.a(lib_a-memset.o)
 .ARM.attributes
                0x00000553       0x22 e:/program files (x86)/atolic/truestudio for stm32 9.3.0/armtools/bin/../lib/gcc/arm-atollic-eabi/6.3.1/armv7e-m/fpu/crtn.o
OUTPUT(Projekt.elf elf32-littlearm)

.debug_info     0x00000000    0x121ec
 .debug_info    0x00000000      0xb41 Drivers\STM32L4xx_HAL_Driver\Src\stm32l4xx_hal.o
 .debug_info    0x00000b41      0xe09 Drivers\STM32L4xx_HAL_Driver\Src\stm32l4xx_hal_cortex.o
 .debug_info    0x0000194a      0x7b5 Drivers\STM32L4xx_HAL_Driver\Src\stm32l4xx_hal_dma.o
 .debug_info    0x000020ff      0x854 Drivers\STM32L4xx_HAL_Driver\Src\stm32l4xx_hal_gpio.o
 .debug_info    0x00002953     0x1f22 Drivers\STM32L4xx_HAL_Driver\Src\stm32l4xx_hal_i2c.o
 .debug_info    0x00004875      0xa35 Drivers\STM32L4xx_HAL_Driver\Src\stm32l4xx_hal_i2c_ex.o
 .debug_info    0x000052aa      0x59c Drivers\STM32L4xx_HAL_Driver\Src\stm32l4xx_hal_lcd.o
 .debug_info    0x00005846      0xa9d Drivers\STM32L4xx_HAL_Driver\Src\stm32l4xx_hal_pwr_ex.o
 .debug_info    0x000062e3     0x1192 Drivers\STM32L4xx_HAL_Driver\Src\stm32l4xx_hal_qspi.o
 .debug_info    0x00007475      0xbd0 Drivers\STM32L4xx_HAL_Driver\Src\stm32l4xx_hal_rcc.o
 .debug_info    0x00008045      0xde2 Drivers\STM32L4xx_HAL_Driver\Src\stm32l4xx_hal_rcc_ex.o
 .debug_info    0x00008e27      0xcc0 Drivers\STM32L4xx_HAL_Driver\Src\stm32l4xx_hal_rtc.o
 .debug_info    0x00009ae7     0x11a3 Drivers\STM32L4xx_HAL_Driver\Src\stm32l4xx_hal_sai.o
 .debug_info    0x0000ac8a     0x2624 Src\main.o
 .debug_info    0x0000d2ae      0x24a Src\pamiec.o
 .debug_info    0x0000d4f8     0x24d9 Src\stm32l476g_discovery_audio.o
 .debug_info    0x0000f9d1     0x1000 Src\stm32l476g_discovery_glass_lcd.o
 .debug_info    0x000109d1      0xf81 Src\stm32l476g_discovery_qspi.o
 .debug_info    0x00011952      0x258 Src\stm32l4xx_it.o
 .debug_info    0x00011baa      0x5c9 Src\system_stm32l4xx.o
 .debug_info    0x00012173       0x79 startup\startup_stm32l476xx.o

.debug_abbrev   0x00000000     0x2703
 .debug_abbrev  0x00000000      0x1da Drivers\STM32L4xx_HAL_Driver\Src\stm32l4xx_hal.o
 .debug_abbrev  0x000001da      0x2be Drivers\STM32L4xx_HAL_Driver\Src\stm32l4xx_hal_cortex.o
 .debug_abbrev  0x00000498      0x1d4 Drivers\STM32L4xx_HAL_Driver\Src\stm32l4xx_hal_dma.o
 .debug_abbrev  0x0000066c      0x1bb Drivers\STM32L4xx_HAL_Driver\Src\stm32l4xx_hal_gpio.o
 .debug_abbrev  0x00000827      0x225 Drivers\STM32L4xx_HAL_Driver\Src\stm32l4xx_hal_i2c.o
 .debug_abbrev  0x00000a4c      0x1b4 Drivers\STM32L4xx_HAL_Driver\Src\stm32l4xx_hal_i2c_ex.o
 .debug_abbrev  0x00000c00      0x19f Drivers\STM32L4xx_HAL_Driver\Src\stm32l4xx_hal_lcd.o
 .debug_abbrev  0x00000d9f      0x1e4 Drivers\STM32L4xx_HAL_Driver\Src\stm32l4xx_hal_pwr_ex.o
 .debug_abbrev  0x00000f83      0x21a Drivers\STM32L4xx_HAL_Driver\Src\stm32l4xx_hal_qspi.o
 .debug_abbrev  0x0000119d      0x240 Drivers\STM32L4xx_HAL_Driver\Src\stm32l4xx_hal_rcc.o
 .debug_abbrev  0x000013dd      0x233 Drivers\STM32L4xx_HAL_Driver\Src\stm32l4xx_hal_rcc_ex.o
 .debug_abbrev  0x00001610      0x1ce Drivers\STM32L4xx_HAL_Driver\Src\stm32l4xx_hal_rtc.o
 .debug_abbrev  0x000017de      0x228 Drivers\STM32L4xx_HAL_Driver\Src\stm32l4xx_hal_sai.o
 .debug_abbrev  0x00001a06      0x289 Src\main.o
 .debug_abbrev  0x00001c8f      0x12c Src\pamiec.o
 .debug_abbrev  0x00001dbb      0x2b7 Src\stm32l476g_discovery_audio.o
 .debug_abbrev  0x00002072      0x201 Src\stm32l476g_discovery_glass_lcd.o
 .debug_abbrev  0x00002273      0x28e Src\stm32l476g_discovery_qspi.o
 .debug_abbrev  0x00002501       0xc1 Src\stm32l4xx_it.o
 .debug_abbrev  0x000025c2      0x12f Src\system_stm32l4xx.o
 .debug_abbrev  0x000026f1       0x12 startup\startup_stm32l476xx.o

.debug_aranges  0x00000000     0x1058
 .debug_aranges
                0x00000000      0x118 Drivers\STM32L4xx_HAL_Driver\Src\stm32l4xx_hal.o
 .debug_aranges
                0x00000118      0x118 Drivers\STM32L4xx_HAL_Driver\Src\stm32l4xx_hal_cortex.o
 .debug_aranges
                0x00000230       0x80 Drivers\STM32L4xx_HAL_Driver\Src\stm32l4xx_hal_dma.o
 .debug_aranges
                0x000002b0       0x58 Drivers\STM32L4xx_HAL_Driver\Src\stm32l4xx_hal_gpio.o
 .debug_aranges
                0x00000308      0x288 Drivers\STM32L4xx_HAL_Driver\Src\stm32l4xx_hal_i2c.o
 .debug_aranges
                0x00000590       0x48 Drivers\STM32L4xx_HAL_Driver\Src\stm32l4xx_hal_i2c_ex.o
 .debug_aranges
                0x000005d8       0x68 Drivers\STM32L4xx_HAL_Driver\Src\stm32l4xx_hal_lcd.o
 .debug_aranges
                0x00000640      0x148 Drivers\STM32L4xx_HAL_Driver\Src\stm32l4xx_hal_pwr_ex.o
 .debug_aranges
                0x00000788      0x160 Drivers\STM32L4xx_HAL_Driver\Src\stm32l4xx_hal_qspi.o
 .debug_aranges
                0x000008e8       0x88 Drivers\STM32L4xx_HAL_Driver\Src\stm32l4xx_hal_rcc.o
 .debug_aranges
                0x00000970       0xc0 Drivers\STM32L4xx_HAL_Driver\Src\stm32l4xx_hal_rcc_ex.o
 .debug_aranges
                0x00000a30       0xb8 Drivers\STM32L4xx_HAL_Driver\Src\stm32l4xx_hal_rtc.o
 .debug_aranges
                0x00000ae8      0x178 Drivers\STM32L4xx_HAL_Driver\Src\stm32l4xx_hal_sai.o
 .debug_aranges
                0x00000c60       0x68 Src\main.o
 .debug_aranges
                0x00000cc8       0x28 Src\pamiec.o
 .debug_aranges
                0x00000cf0      0x150 Src\stm32l476g_discovery_audio.o
 .debug_aranges
                0x00000e40       0x98 Src\stm32l476g_discovery_glass_lcd.o
 .debug_aranges
                0x00000ed8       0xa8 Src\stm32l476g_discovery_qspi.o
 .debug_aranges
                0x00000f80       0x88 Src\stm32l4xx_it.o
 .debug_aranges
                0x00001008       0x28 Src\system_stm32l4xx.o
 .debug_aranges
                0x00001030       0x28 startup\startup_stm32l476xx.o

.debug_ranges   0x00000000      0xf28
 .debug_ranges  0x00000000      0x108 Drivers\STM32L4xx_HAL_Driver\Src\stm32l4xx_hal.o
 .debug_ranges  0x00000108      0x108 Drivers\STM32L4xx_HAL_Driver\Src\stm32l4xx_hal_cortex.o
 .debug_ranges  0x00000210       0x70 Drivers\STM32L4xx_HAL_Driver\Src\stm32l4xx_hal_dma.o
 .debug_ranges  0x00000280       0x48 Drivers\STM32L4xx_HAL_Driver\Src\stm32l4xx_hal_gpio.o
 .debug_ranges  0x000002c8      0x278 Drivers\STM32L4xx_HAL_Driver\Src\stm32l4xx_hal_i2c.o
 .debug_ranges  0x00000540       0x38 Drivers\STM32L4xx_HAL_Driver\Src\stm32l4xx_hal_i2c_ex.o
 .debug_ranges  0x00000578       0x58 Drivers\STM32L4xx_HAL_Driver\Src\stm32l4xx_hal_lcd.o
 .debug_ranges  0x000005d0      0x138 Drivers\STM32L4xx_HAL_Driver\Src\stm32l4xx_hal_pwr_ex.o
 .debug_ranges  0x00000708      0x150 Drivers\STM32L4xx_HAL_Driver\Src\stm32l4xx_hal_qspi.o
 .debug_ranges  0x00000858       0x78 Drivers\STM32L4xx_HAL_Driver\Src\stm32l4xx_hal_rcc.o
 .debug_ranges  0x000008d0       0xb0 Drivers\STM32L4xx_HAL_Driver\Src\stm32l4xx_hal_rcc_ex.o
 .debug_ranges  0x00000980       0xa8 Drivers\STM32L4xx_HAL_Driver\Src\stm32l4xx_hal_rtc.o
 .debug_ranges  0x00000a28      0x180 Drivers\STM32L4xx_HAL_Driver\Src\stm32l4xx_hal_sai.o
 .debug_ranges  0x00000ba8       0x58 Src\main.o
 .debug_ranges  0x00000c00       0x18 Src\pamiec.o
 .debug_ranges  0x00000c18      0x140 Src\stm32l476g_discovery_audio.o
 .debug_ranges  0x00000d58       0x88 Src\stm32l476g_discovery_glass_lcd.o
 .debug_ranges  0x00000de0       0x98 Src\stm32l476g_discovery_qspi.o
 .debug_ranges  0x00000e78       0x78 Src\stm32l4xx_it.o
 .debug_ranges  0x00000ef0       0x18 Src\system_stm32l4xx.o
 .debug_ranges  0x00000f08       0x20 startup\startup_stm32l476xx.o

.debug_line     0x00000000     0x7c4b
 .debug_line    0x00000000      0x468 Drivers\STM32L4xx_HAL_Driver\Src\stm32l4xx_hal.o
 .debug_line    0x00000468      0x53b Drivers\STM32L4xx_HAL_Driver\Src\stm32l4xx_hal_cortex.o
 .debug_line    0x000009a3      0x442 Drivers\STM32L4xx_HAL_Driver\Src\stm32l4xx_hal_dma.o
 .debug_line    0x00000de5      0x3dc Drivers\STM32L4xx_HAL_Driver\Src\stm32l4xx_hal_gpio.o
 .debug_line    0x000011c1     0x15b4 Drivers\STM32L4xx_HAL_Driver\Src\stm32l4xx_hal_i2c.o
 .debug_line    0x00002775      0x37b Drivers\STM32L4xx_HAL_Driver\Src\stm32l4xx_hal_i2c_ex.o
 .debug_line    0x00002af0      0x3ab Drivers\STM32L4xx_HAL_Driver\Src\stm32l4xx_hal_lcd.o
 .debug_line    0x00002e9b      0x5ff Drivers\STM32L4xx_HAL_Driver\Src\stm32l4xx_hal_pwr_ex.o
 .debug_line    0x0000349a      0x8ca Drivers\STM32L4xx_HAL_Driver\Src\stm32l4xx_hal_qspi.o
 .debug_line    0x00003d64      0x534 Drivers\STM32L4xx_HAL_Driver\Src\stm32l4xx_hal_rcc.o
 .debug_line    0x00004298      0x7ff Drivers\STM32L4xx_HAL_Driver\Src\stm32l4xx_hal_rcc_ex.o
 .debug_line    0x00004a97      0x5db Drivers\STM32L4xx_HAL_Driver\Src\stm32l4xx_hal_rtc.o
 .debug_line    0x00005072      0xa81 Drivers\STM32L4xx_HAL_Driver\Src\stm32l4xx_hal_sai.o
 .debug_line    0x00005af3      0x4fd Src\main.o
 .debug_line    0x00005ff0      0x222 Src\pamiec.o
 .debug_line    0x00006212      0xa6a Src\stm32l476g_discovery_audio.o
 .debug_line    0x00006c7c      0x534 Src\stm32l476g_discovery_glass_lcd.o
 .debug_line    0x000071b0      0x537 Src\stm32l476g_discovery_qspi.o
 .debug_line    0x000076e7      0x2be Src\stm32l4xx_it.o
 .debug_line    0x000079a5      0x227 Src\system_stm32l4xx.o
 .debug_line    0x00007bcc       0x7f startup\startup_stm32l476xx.o

.debug_str      0x00000000     0x5a4f
 .debug_str     0x00000000      0xc42 Drivers\STM32L4xx_HAL_Driver\Src\stm32l4xx_hal.o
                                0xcd0 (size before relaxing)
 .debug_str     0x00000c42      0x408 Drivers\STM32L4xx_HAL_Driver\Src\stm32l4xx_hal_cortex.o
                                0xc79 (size before relaxing)
 .debug_str     0x0000104a      0x41d Drivers\STM32L4xx_HAL_Driver\Src\stm32l4xx_hal_dma.o
                                0x6c5 (size before relaxing)
 .debug_str     0x00001467      0x1cd Drivers\STM32L4xx_HAL_Driver\Src\stm32l4xx_hal_gpio.o
                                0x5ce (size before relaxing)
 .debug_str     0x00001634      0xb21 Drivers\STM32L4xx_HAL_Driver\Src\stm32l4xx_hal_i2c.o
                                0xfd1 (size before relaxing)
 .debug_str     0x00002155       0xf3 Drivers\STM32L4xx_HAL_Driver\Src\stm32l4xx_hal_i2c_ex.o
                                0x976 (size before relaxing)
 .debug_str     0x00002248      0x222 Drivers\STM32L4xx_HAL_Driver\Src\stm32l4xx_hal_lcd.o
                                0x4ef (size before relaxing)
 .debug_str     0x0000246a      0x522 Drivers\STM32L4xx_HAL_Driver\Src\stm32l4xx_hal_pwr_ex.o
                                0x851 (size before relaxing)
 .debug_str     0x0000298c      0x6d5 Drivers\STM32L4xx_HAL_Driver\Src\stm32l4xx_hal_qspi.o
                                0xb8e (size before relaxing)
 .debug_str     0x00003061      0x346 Drivers\STM32L4xx_HAL_Driver\Src\stm32l4xx_hal_rcc.o
                                0x86a (size before relaxing)
 .debug_str     0x000033a7      0x562 Drivers\STM32L4xx_HAL_Driver\Src\stm32l4xx_hal_rcc_ex.o
                                0xaac (size before relaxing)
 .debug_str     0x00003909      0x4d9 Drivers\STM32L4xx_HAL_Driver\Src\stm32l4xx_hal_rtc.o
                                0x832 (size before relaxing)
 .debug_str     0x00003de2      0x61f Drivers\STM32L4xx_HAL_Driver\Src\stm32l4xx_hal_sai.o
                                0xb27 (size before relaxing)
 .debug_str     0x00004401      0x52b Src\main.o
                               0x1f76 (size before relaxing)
 .debug_str     0x0000492c       0x2d Src\pamiec.o
                                0x28e (size before relaxing)
 .debug_str     0x00004959      0x9e9 Src\stm32l476g_discovery_audio.o
                               0x1f77 (size before relaxing)
 .debug_str     0x00005342      0x3b6 Src\stm32l476g_discovery_glass_lcd.o
                                0xce0 (size before relaxing)
 .debug_str     0x000056f8      0x21f Src\stm32l476g_discovery_qspi.o
                                0xbb7 (size before relaxing)
 .debug_str     0x00005917       0xfd Src\stm32l4xx_it.o
                                0x32b (size before relaxing)
 .debug_str     0x00005a14       0x3b Src\system_stm32l4xx.o
                                0x41c (size before relaxing)

.comment        0x00000000       0x7c
 .comment       0x00000000       0x7c Drivers\STM32L4xx_HAL_Driver\Src\stm32l4xx_hal.o
                                 0x7d (size before relaxing)
 .comment       0x0000007c       0x7d Drivers\STM32L4xx_HAL_Driver\Src\stm32l4xx_hal_cortex.o
 .comment       0x0000007c       0x7d Drivers\STM32L4xx_HAL_Driver\Src\stm32l4xx_hal_dma.o
 .comment       0x0000007c       0x7d Drivers\STM32L4xx_HAL_Driver\Src\stm32l4xx_hal_gpio.o
 .comment       0x0000007c       0x7d Drivers\STM32L4xx_HAL_Driver\Src\stm32l4xx_hal_i2c.o
 .comment       0x0000007c       0x7d Drivers\STM32L4xx_HAL_Driver\Src\stm32l4xx_hal_i2c_ex.o
 .comment       0x0000007c       0x7d Drivers\STM32L4xx_HAL_Driver\Src\stm32l4xx_hal_lcd.o
 .comment       0x0000007c       0x7d Drivers\STM32L4xx_HAL_Driver\Src\stm32l4xx_hal_pwr_ex.o
 .comment       0x0000007c       0x7d Drivers\STM32L4xx_HAL_Driver\Src\stm32l4xx_hal_qspi.o
 .comment       0x0000007c       0x7d Drivers\STM32L4xx_HAL_Driver\Src\stm32l4xx_hal_rcc.o
 .comment       0x0000007c       0x7d Drivers\STM32L4xx_HAL_Driver\Src\stm32l4xx_hal_rcc_ex.o
 .comment       0x0000007c       0x7d Drivers\STM32L4xx_HAL_Driver\Src\stm32l4xx_hal_rtc.o
 .comment       0x0000007c       0x7d Drivers\STM32L4xx_HAL_Driver\Src\stm32l4xx_hal_sai.o
 .comment       0x0000007c       0x7d Src\main.o
 .comment       0x0000007c       0x7d Src\pamiec.o
 .comment       0x0000007c       0x7d Src\stm32l476g_discovery_audio.o
 .comment       0x0000007c       0x7d Src\stm32l476g_discovery_glass_lcd.o
 .comment       0x0000007c       0x7d Src\stm32l476g_discovery_qspi.o
 .comment       0x0000007c       0x7d Src\stm32l4xx_it.o
 .comment       0x0000007c       0x7d Src\system_stm32l4xx.o

.debug_frame    0x00000000     0x4284
 .debug_frame   0x00000000      0x434 Drivers\STM32L4xx_HAL_Driver\Src\stm32l4xx_hal.o
 .debug_frame   0x00000434      0x498 Drivers\STM32L4xx_HAL_Driver\Src\stm32l4xx_hal_cortex.o
 .debug_frame   0x000008cc      0x204 Drivers\STM32L4xx_HAL_Driver\Src\stm32l4xx_hal_dma.o
 .debug_frame   0x00000ad0      0x14c Drivers\STM32L4xx_HAL_Driver\Src\stm32l4xx_hal_gpio.o
 .debug_frame   0x00000c1c      0xbbc Drivers\STM32L4xx_HAL_Driver\Src\stm32l4xx_hal_i2c.o
 .debug_frame   0x000017d8      0x100 Drivers\STM32L4xx_HAL_Driver\Src\stm32l4xx_hal_i2c_ex.o
 .debug_frame   0x000018d8      0x188 Drivers\STM32L4xx_HAL_Driver\Src\stm32l4xx_hal_lcd.o
 .debug_frame   0x00001a60      0x524 Drivers\STM32L4xx_HAL_Driver\Src\stm32l4xx_hal_pwr_ex.o
 .debug_frame   0x00001f84      0x658 Drivers\STM32L4xx_HAL_Driver\Src\stm32l4xx_hal_qspi.o
 .debug_frame   0x000025dc      0x1f4 Drivers\STM32L4xx_HAL_Driver\Src\stm32l4xx_hal_rcc.o
 .debug_frame   0x000027d0      0x2fc Drivers\STM32L4xx_HAL_Driver\Src\stm32l4xx_hal_rcc_ex.o
 .debug_frame   0x00002acc      0x308 Drivers\STM32L4xx_HAL_Driver\Src\stm32l4xx_hal_rtc.o
 .debug_frame   0x00002dd4      0x69c Drivers\STM32L4xx_HAL_Driver\Src\stm32l4xx_hal_sai.o
 .debug_frame   0x00003470      0x158 Src\main.o
 .debug_frame   0x000035c8       0x5c Src\pamiec.o
 .debug_frame   0x00003624      0x54c Src\stm32l476g_discovery_audio.o
 .debug_frame   0x00003b70      0x244 Src\stm32l476g_discovery_glass_lcd.o
 .debug_frame   0x00003db4      0x294 Src\stm32l476g_discovery_qspi.o
 .debug_frame   0x00004048      0x198 Src\stm32l4xx_it.o
 .debug_frame   0x000041e0       0x58 Src\system_stm32l4xx.o
 .debug_frame   0x00004238       0x2c e:/program files (x86)/atolic/truestudio for stm32 9.3.0/armtools/bin/../lib/gcc/arm-atollic-eabi/6.3.1/../../../../arm-atollic-eabi/lib/armv7e-m/fpu\libc_nano.a(lib_a-init.o)
 .debug_frame   0x00004264       0x20 e:/program files (x86)/atolic/truestudio for stm32 9.3.0/armtools/bin/../lib/gcc/arm-atollic-eabi/6.3.1/../../../../arm-atollic-eabi/lib/armv7e-m/fpu\libc_nano.a(lib_a-memset.o)
