Archive member included to satisfy reference by file (symbol)

c:/program files (x86)/atollic/truestudio for stm32 9.3.0/armtools/bin/../lib/gcc/arm-atollic-eabi/6.3.1/../../../../arm-atollic-eabi/lib/armv7e-m/fpu\libc_nano.a(lib_a-errno.o)
                              Src\syscalls.o (__errno)
c:/program files (x86)/atollic/truestudio for stm32 9.3.0/armtools/bin/../lib/gcc/arm-atollic-eabi/6.3.1/../../../../arm-atollic-eabi/lib/armv7e-m/fpu\libc_nano.a(lib_a-impure.o)
                              c:/program files (x86)/atollic/truestudio for stm32 9.3.0/armtools/bin/../lib/gcc/arm-atollic-eabi/6.3.1/../../../../arm-atollic-eabi/lib/armv7e-m/fpu\libc_nano.a(lib_a-errno.o) (_impure_ptr)
c:/program files (x86)/atollic/truestudio for stm32 9.3.0/armtools/bin/../lib/gcc/arm-atollic-eabi/6.3.1/../../../../arm-atollic-eabi/lib/armv7e-m/fpu\libc_nano.a(lib_a-init.o)
                              startup\startup_stm32l476xx.o (__libc_init_array)
c:/program files (x86)/atollic/truestudio for stm32 9.3.0/armtools/bin/../lib/gcc/arm-atollic-eabi/6.3.1/../../../../arm-atollic-eabi/lib/armv7e-m/fpu\libc_nano.a(lib_a-malloc.o)
                              Middlewares\ST\STM32_USB_Host_Library\Class\CDC\Src\usbh_cdc.o (malloc)
c:/program files (x86)/atollic/truestudio for stm32 9.3.0/armtools/bin/../lib/gcc/arm-atollic-eabi/6.3.1/../../../../arm-atollic-eabi/lib/armv7e-m/fpu\libc_nano.a(lib_a-memset.o)
                              Src\main.o (memset)
c:/program files (x86)/atollic/truestudio for stm32 9.3.0/armtools/bin/../lib/gcc/arm-atollic-eabi/6.3.1/../../../../arm-atollic-eabi/lib/armv7e-m/fpu\libc_nano.a(lib_a-nano-freer.o)
                              c:/program files (x86)/atollic/truestudio for stm32 9.3.0/armtools/bin/../lib/gcc/arm-atollic-eabi/6.3.1/../../../../arm-atollic-eabi/lib/armv7e-m/fpu\libc_nano.a(lib_a-malloc.o) (_free_r)
c:/program files (x86)/atollic/truestudio for stm32 9.3.0/armtools/bin/../lib/gcc/arm-atollic-eabi/6.3.1/../../../../arm-atollic-eabi/lib/armv7e-m/fpu\libc_nano.a(lib_a-nano-mallocr.o)
                              c:/program files (x86)/atollic/truestudio for stm32 9.3.0/armtools/bin/../lib/gcc/arm-atollic-eabi/6.3.1/../../../../arm-atollic-eabi/lib/armv7e-m/fpu\libc_nano.a(lib_a-malloc.o) (_malloc_r)
c:/program files (x86)/atollic/truestudio for stm32 9.3.0/armtools/bin/../lib/gcc/arm-atollic-eabi/6.3.1/../../../../arm-atollic-eabi/lib/armv7e-m/fpu\libc_nano.a(lib_a-sbrkr.o)
                              c:/program files (x86)/atollic/truestudio for stm32 9.3.0/armtools/bin/../lib/gcc/arm-atollic-eabi/6.3.1/../../../../arm-atollic-eabi/lib/armv7e-m/fpu\libc_nano.a(lib_a-nano-mallocr.o) (_sbrk_r)
c:/program files (x86)/atollic/truestudio for stm32 9.3.0/armtools/bin/../lib/gcc/arm-atollic-eabi/6.3.1/../../../../arm-atollic-eabi/lib/armv7e-m/fpu\libc_nano.a(lib_a-mlock.o)
                              c:/program files (x86)/atollic/truestudio for stm32 9.3.0/armtools/bin/../lib/gcc/arm-atollic-eabi/6.3.1/../../../../arm-atollic-eabi/lib/armv7e-m/fpu\libc_nano.a(lib_a-nano-freer.o) (__malloc_lock)
c:/program files (x86)/atollic/truestudio for stm32 9.3.0/armtools/bin/../lib/gcc/arm-atollic-eabi/6.3.1/../../../../arm-atollic-eabi/lib/armv7e-m/fpu\libc_nano.a(lib_a-reent.o)
                              c:/program files (x86)/atollic/truestudio for stm32 9.3.0/armtools/bin/../lib/gcc/arm-atollic-eabi/6.3.1/../../../../arm-atollic-eabi/lib/armv7e-m/fpu\libc_nano.a(lib_a-sbrkr.o) (errno)
c:/program files (x86)/atollic/truestudio for stm32 9.3.0/armtools/bin/../lib/gcc/arm-atollic-eabi/6.3.1/armv7e-m/fpu\libgcc.a(_aeabi_uldivmod.o)
                              Drivers\STM32L4xx_HAL_Driver\Src\stm32l4xx_hal_uart.o (__aeabi_uldivmod)
c:/program files (x86)/atollic/truestudio for stm32 9.3.0/armtools/bin/../lib/gcc/arm-atollic-eabi/6.3.1/armv7e-m/fpu\libgcc.a(_udivmoddi4.o)
                              c:/program files (x86)/atollic/truestudio for stm32 9.3.0/armtools/bin/../lib/gcc/arm-atollic-eabi/6.3.1/armv7e-m/fpu\libgcc.a(_aeabi_uldivmod.o) (__udivmoddi4)
c:/program files (x86)/atollic/truestudio for stm32 9.3.0/armtools/bin/../lib/gcc/arm-atollic-eabi/6.3.1/armv7e-m/fpu\libgcc.a(_dvmd_tls.o)
                              c:/program files (x86)/atollic/truestudio for stm32 9.3.0/armtools/bin/../lib/gcc/arm-atollic-eabi/6.3.1/armv7e-m/fpu\libgcc.a(_aeabi_uldivmod.o) (__aeabi_ldiv0)

Allocating common symbols
Common symbol       size              file

spiTxBufz           0x2               Src\main.o
hspi2               0x64              Src\spi.o
spiRxBuf            0x2               Src\main.o
errno               0x4               c:/program files (x86)/atollic/truestudio for stm32 9.3.0/armtools/bin/../lib/gcc/arm-atollic-eabi/6.3.1/../../../../arm-atollic-eabi/lib/armv7e-m/fpu\libc_nano.a(lib_a-reent.o)
spiTxBufy           0x2               Src\main.o
hi2c1               0x4c              Src\i2c.o
hi2c2               0x4c              Src\i2c.o
[...]
Memory Configuration

Name             Origin             Length             Attributes
RAM              0x20000000         0x00018000         xrw
RAM2             0x10000000         0x00008000         xrw
FLASH            0x08000000         0x00100000         xr
*default*        0x00000000         0xffffffff

Linker script and memory map

LOAD c:/program files (x86)/atollic/truestudio for stm32 9.3.0/armtools/bin/../lib/gcc/arm-atollic-eabi/6.3.1/armv7e-m/fpu/crti.o
LOAD c:/program files (x86)/atollic/truestudio for stm32 9.3.0/armtools/bin/../lib/gcc/arm-atollic-eabi/6.3.1/armv7e-m/fpu/crtbegin.o
LOAD Drivers\STM32L4xx_HAL_Driver\Src\stm32l4xx_hal.o
LOAD Drivers\STM32L4xx_HAL_Driver\Src\stm32l4xx_hal_cortex.o
LOAD Drivers\STM32L4xx_HAL_Driver\Src\stm32l4xx_hal_dma.o
LOAD Drivers\STM32L4xx_HAL_Driver\Src\stm32l4xx_hal_dma_ex.o
LOAD Drivers\STM32L4xx_HAL_Driver\Src\stm32l4xx_hal_exti.o
LOAD Drivers\STM32L4xx_HAL_Driver\Src\stm32l4xx_hal_flash.o
LOAD Drivers\STM32L4xx_HAL_Driver\Src\stm32l4xx_hal_flash_ex.o
LOAD Drivers\STM32L4xx_HAL_Driver\Src\stm32l4xx_hal_flash_ramfunc.o
LOAD Drivers\STM32L4xx_HAL_Driver\Src\stm32l4xx_hal_gpio.o
LOAD Drivers\STM32L4xx_HAL_Driver\Src\stm32l4xx_hal_hcd.o
LOAD Drivers\STM32L4xx_HAL_Driver\Src\stm32l4xx_hal_i2c.o
LOAD Drivers\STM32L4xx_HAL_Driver\Src\stm32l4xx_hal_i2c_ex.o
LOAD Drivers\STM32L4xx_HAL_Driver\Src\stm32l4xx_hal_lcd.o
LOAD Drivers\STM32L4xx_HAL_Driver\Src\stm32l4xx_hal_pwr.o
LOAD Drivers\STM32L4xx_HAL_Driver\Src\stm32l4xx_hal_pwr_ex.o
LOAD Drivers\STM32L4xx_HAL_Driver\Src\stm32l4xx_hal_qspi.o
LOAD Drivers\STM32L4xx_HAL_Driver\Src\stm32l4xx_hal_rcc.o
LOAD Drivers\STM32L4xx_HAL_Driver\Src\stm32l4xx_hal_rcc_ex.o
LOAD Drivers\STM32L4xx_HAL_Driver\Src\stm32l4xx_hal_sai.o
LOAD Drivers\STM32L4xx_HAL_Driver\Src\stm32l4xx_hal_sai_ex.o
LOAD Drivers\STM32L4xx_HAL_Driver\Src\stm32l4xx_hal_spi.o
LOAD Drivers\STM32L4xx_HAL_Driver\Src\stm32l4xx_hal_spi_ex.o
LOAD Drivers\STM32L4xx_HAL_Driver\Src\stm32l4xx_hal_tim.o
LOAD Drivers\STM32L4xx_HAL_Driver\Src\stm32l4xx_hal_tim_ex.o
LOAD Drivers\STM32L4xx_HAL_Driver\Src\stm32l4xx_hal_uart.o
LOAD Drivers\STM32L4xx_HAL_Driver\Src\stm32l4xx_hal_uart_ex.o
LOAD Drivers\STM32L4xx_HAL_Driver\Src\stm32l4xx_ll_usb.o
LOAD Middlewares\ST\STM32_USB_Host_Library\Class\CDC\Src\usbh_cdc.o
LOAD Middlewares\ST\STM32_USB_Host_Library\Core\Src\usbh_core.o
LOAD Middlewares\ST\STM32_USB_Host_Library\Core\Src\usbh_ctlreq.o
LOAD Middlewares\ST\STM32_USB_Host_Library\Core\Src\usbh_ioreq.o
LOAD Middlewares\ST\STM32_USB_Host_Library\Core\Src\usbh_pipes.o
LOAD Src\gpio.o
LOAD Src\i2c.o
LOAD Src\lcd.o
LOAD Src\main.o
LOAD Src\quadspi.o
LOAD Src\sai.o
LOAD Src\spi.o
LOAD Src\stm32l4xx_hal_msp.o
LOAD Src\stm32l4xx_it.o
LOAD Src\syscalls.o
LOAD Src\system_stm32l4xx.o
LOAD Src\usart.o
LOAD Src\usb_host.o
LOAD Src\usbh_conf.o
LOAD Src\usbh_platform.o
LOAD startup\startup_stm32l476xx.o
                0x00000080                malloc_getpagesize_P = 0x80
START GROUP
LOAD c:/program files (x86)/atollic/truestudio for stm32 9.3.0/armtools/bin/../lib/gcc/arm-atollic-eabi/6.3.1/../../../../arm-atollic-eabi/lib/armv7e-m/fpu\libc_nano.a
LOAD c:/program files (x86)/atollic/truestudio for stm32 9.3.0/armtools/bin/../lib/gcc/arm-atollic-eabi/6.3.1/../../../../arm-atollic-eabi/lib/armv7e-m/fpu\libm.a
END GROUP
START GROUP
LOAD c:/program files (x86)/atollic/truestudio for stm32 9.3.0/armtools/bin/../lib/gcc/arm-atollic-eabi/6.3.1/armv7e-m/fpu\libgcc.a
LOAD c:/program files (x86)/atollic/truestudio for stm32 9.3.0/armtools/bin/../lib/gcc/arm-atollic-eabi/6.3.1/../../../../arm-atollic-eabi/lib/armv7e-m/fpu\libc_nano.a
END GROUP
START GROUP
LOAD c:/program files (x86)/atollic/truestudio for stm32 9.3.0/armtools/bin/../lib/gcc/arm-atollic-eabi/6.3.1/armv7e-m/fpu\libgcc.a
LOAD c:/program files (x86)/atollic/truestudio for stm32 9.3.0/armtools/bin/../lib/gcc/arm-atollic-eabi/6.3.1/../../../../arm-atollic-eabi/lib/armv7e-m/fpu\libc_nano.a
LOAD c:/program files (x86)/atollic/truestudio for stm32 9.3.0/armtools/bin/../lib/gcc/arm-atollic-eabi/6.3.1/../../../../arm-atollic-eabi/lib/armv7e-m/fpu\libnosys.a
END GROUP
START GROUP
LOAD c:/program files (x86)/atollic/truestudio for stm32 9.3.0/armtools/bin/../lib/gcc/arm-atollic-eabi/6.3.1/armv7e-m/fpu\libgcc.a
LOAD c:/program files (x86)/atollic/truestudio for stm32 9.3.0/armtools/bin/../lib/gcc/arm-atollic-eabi/6.3.1/../../../../arm-atollic-eabi/lib/armv7e-m/fpu\libc_nano.a
LOAD c:/program files (x86)/atollic/truestudio for stm32 9.3.0/armtools/bin/../lib/gcc/arm-atollic-eabi/6.3.1/../../../../arm-atollic-eabi/lib/armv7e-m/fpu\libnosys.a
END GROUP
LOAD c:/program files (x86)/atollic/truestudio for stm32 9.3.0/armtools/bin/../lib/gcc/arm-atollic-eabi/6.3.1/armv7e-m/fpu/crtend.o
LOAD c:/program files (x86)/atollic/truestudio for stm32 9.3.0/armtools/bin/../lib/gcc/arm-atollic-eabi/6.3.1/armv7e-m/fpu/crtn.o
                0x20018000                _estack = 0x20018000
                0x00000200                _Min_Heap_Size = 0x200
                0x00000400                _Min_Stack_Size = 0x400

.isr_vector     0x08000000      0x188
                0x08000000                . = ALIGN (0x4)
 *(.isr_vector)
 .isr_vector    0x08000000      0x188 startup\startup_stm32l476xx.o
                0x08000000                g_pfnVectors
                0x08000188                . = ALIGN (0x4)

.text           0x08000188     0xa354
                0x08000188                . = ALIGN (0x4)
 *(.text)
 .text          0x08000188       0x40 c:/program files (x86)/atollic/truestudio for stm32 9.3.0/armtools/bin/../lib/gcc/arm-atollic-eabi/6.3.1/armv7e-m/fpu/crtbegin.o
 .text          0x080001c8       0x30 c:/program files (x86)/atollic/truestudio for stm32 9.3.0/armtools/bin/../lib/gcc/arm-atollic-eabi/6.3.1/armv7e-m/fpu\libgcc.a(_aeabi_uldivmod.o)
                0x080001c8                __aeabi_uldivmod
 .text          0x080001f8      0x2dc c:/program files (x86)/atollic/truestudio for stm32 9.3.0/armtools/bin/../lib/gcc/arm-atollic-eabi/6.3.1/armv7e-m/fpu\libgcc.a(_udivmoddi4.o)
                0x080001f8                __udivmoddi4
 .text          0x080004d4        0x4 c:/program files (x86)/atollic/truestudio for stm32 9.3.0/armtools/bin/../lib/gcc/arm-atollic-eabi/6.3.1/armv7e-m/fpu\libgcc.a(_dvmd_tls.o)
                0x080004d4                __aeabi_idiv0
                0x080004d4                __aeabi_ldiv0
 *(.text*)
 .text.HAL_Init
                0x080004d8       0x40 Drivers\STM32L4xx_HAL_Driver\Src\stm32l4xx_hal.o
                0x080004d8                HAL_Init
 .text.HAL_InitTick
                0x08000518       0x48 Drivers\STM32L4xx_HAL_Driver\Src\stm32l4xx_hal.o
                0x08000518                HAL_InitTick
 .text.HAL_IncTick
                0x08000560       0x1c Drivers\STM32L4xx_HAL_Driver\Src\stm32l4xx_hal.o
                0x08000560                HAL_IncTick
 .text.HAL_GetTick
                0x0800057c       0x18 Drivers\STM32L4xx_HAL_Driver\Src\stm32l4xx_hal.o
                0x0800057c                HAL_GetTick
 .text.HAL_Delay
                0x08000594       0x3a Drivers\STM32L4xx_HAL_Driver\Src\stm32l4xx_hal.o
                0x08000594                HAL_Delay
 *fill*         0x080005ce        0x2 
 .text.NVIC_SetPriorityGrouping
                0x080005d0       0x48 Drivers\STM32L4xx_HAL_Driver\Src\stm32l4xx_hal_cortex.o
 .text.NVIC_GetPriorityGrouping
                0x08000618       0x1c Drivers\STM32L4xx_HAL_Driver\Src\stm32l4xx_hal_cortex.o
 .text.NVIC_EnableIRQ
                0x08000634       0x34 Drivers\STM32L4xx_HAL_Driver\Src\stm32l4xx_hal_cortex.o
 .text.NVIC_SetPriority
                0x08000668       0x54 Drivers\STM32L4xx_HAL_Driver\Src\stm32l4xx_hal_cortex.o
 .text.NVIC_EncodePriority
                0x080006bc       0x62 Drivers\STM32L4xx_HAL_Driver\Src\stm32l4xx_hal_cortex.o
 *fill*         0x0800071e        0x2 
 .text.SysTick_Config
                0x08000720       0x44 Drivers\STM32L4xx_HAL_Driver\Src\stm32l4xx_hal_cortex.o
 .text.HAL_NVIC_SetPriorityGrouping
                0x08000764       0x16 Drivers\STM32L4xx_HAL_Driver\Src\stm32l4xx_hal_cortex.o
                0x08000764                HAL_NVIC_SetPriorityGrouping
 .text.HAL_NVIC_SetPriority
                0x0800077a       0x38 Drivers\STM32L4xx_HAL_Driver\Src\stm32l4xx_hal_cortex.o
                0x0800077a                HAL_NVIC_SetPriority
 .text.HAL_NVIC_EnableIRQ
                0x080007b2       0x1c Drivers\STM32L4xx_HAL_Driver\Src\stm32l4xx_hal_cortex.o
                0x080007b2                HAL_NVIC_EnableIRQ
 .text.HAL_SYSTICK_Config
                0x080007ce       0x18 Drivers\STM32L4xx_HAL_Driver\Src\stm32l4xx_hal_cortex.o
                0x080007ce                HAL_SYSTICK_Config
 *fill*         0x080007e6        0x2 
 .text.HAL_GPIO_Init
                0x080007e8      0x350 Drivers\STM32L4xx_HAL_Driver\Src\stm32l4xx_hal_gpio.o
                0x080007e8                HAL_GPIO_Init
 .text.HAL_GPIO_WritePin
                0x08000b38       0x30 Drivers\STM32L4xx_HAL_Driver\Src\stm32l4xx_hal_gpio.o
                0x08000b38                HAL_GPIO_WritePin
 .text.HAL_HCD_Init
                0x08000b68       0xac Drivers\STM32L4xx_HAL_Driver\Src\stm32l4xx_hal_hcd.o
                0x08000b68                HAL_HCD_Init
 .text.HAL_HCD_HC_Init
                0x08000c14      0x130 Drivers\STM32L4xx_HAL_Driver\Src\stm32l4xx_hal_hcd.o
                0x08000c14                HAL_HCD_HC_Init
 .text.HAL_HCD_HC_Halt
                0x08000d44       0x46 Drivers\STM32L4xx_HAL_Driver\Src\stm32l4xx_hal_hcd.o
                0x08000d44                HAL_HCD_HC_Halt
 *fill*         0x08000d8a        0x2 
 .text.HAL_HCD_HC_SubmitRequest
                0x08000d8c      0x2c8 Drivers\STM32L4xx_HAL_Driver\Src\stm32l4xx_hal_hcd.o
                0x08000d8c                HAL_HCD_HC_SubmitRequest
 .text.HAL_HCD_IRQHandler
                0x08001054      0x20e Drivers\STM32L4xx_HAL_Driver\Src\stm32l4xx_hal_hcd.o
                0x08001054                HAL_HCD_IRQHandler
 .text.HAL_HCD_Start
                0x08001262       0x46 Drivers\STM32L4xx_HAL_Driver\Src\stm32l4xx_hal_hcd.o
                0x08001262                HAL_HCD_Start
 .text.HAL_HCD_Stop
                0x080012a8       0x3a Drivers\STM32L4xx_HAL_Driver\Src\stm32l4xx_hal_hcd.o
                0x080012a8                HAL_HCD_Stop
 .text.HAL_HCD_ResetPort
                0x080012e2       0x1c Drivers\STM32L4xx_HAL_Driver\Src\stm32l4xx_hal_hcd.o
                0x080012e2                HAL_HCD_ResetPort
 .text.HAL_HCD_HC_GetURBState
                0x080012fe       0x2a Drivers\STM32L4xx_HAL_Driver\Src\stm32l4xx_hal_hcd.o
                0x080012fe                HAL_HCD_HC_GetURBState
 .text.HAL_HCD_HC_GetXferCount
                0x08001328       0x2a Drivers\STM32L4xx_HAL_Driver\Src\stm32l4xx_hal_hcd.o
                0x08001328                HAL_HCD_HC_GetXferCount
 .text.HAL_HCD_GetCurrentFrame
                0x08001352       0x1c Drivers\STM32L4xx_HAL_Driver\Src\stm32l4xx_hal_hcd.o
                0x08001352                HAL_HCD_GetCurrentFrame
 .text.HAL_HCD_GetCurrentSpeed
                0x0800136e       0x1c Drivers\STM32L4xx_HAL_Driver\Src\stm32l4xx_hal_hcd.o
                0x0800136e                HAL_HCD_GetCurrentSpeed
 .text.HCD_HC_IN_IRQHandler
                0x0800138a      0x742 Drivers\STM32L4xx_HAL_Driver\Src\stm32l4xx_hal_hcd.o
 .text.HCD_HC_OUT_IRQHandler
                0x08001acc      0x6e8 Drivers\STM32L4xx_HAL_Driver\Src\stm32l4xx_hal_hcd.o
 .text.HCD_RXQLVL_IRQHandler
                0x080021b4      0x158 Drivers\STM32L4xx_HAL_Driver\Src\stm32l4xx_hal_hcd.o
 .text.HCD_Port_IRQHandler
                0x0800230c      0x122 Drivers\STM32L4xx_HAL_Driver\Src\stm32l4xx_hal_hcd.o
 .text.HAL_I2C_Init
                0x0800242e      0x11c Drivers\STM32L4xx_HAL_Driver\Src\stm32l4xx_hal_i2c.o
                0x0800242e                HAL_I2C_Init
 .text.HAL_I2CEx_ConfigAnalogFilter
                0x0800254a       0x96 Drivers\STM32L4xx_HAL_Driver\Src\stm32l4xx_hal_i2c_ex.o
                0x0800254a                HAL_I2CEx_ConfigAnalogFilter
 .text.HAL_I2CEx_ConfigDigitalFilter
                0x080025e0       0x98 Drivers\STM32L4xx_HAL_Driver\Src\stm32l4xx_hal_i2c_ex.o
                0x080025e0                HAL_I2CEx_ConfigDigitalFilter
 .text.HAL_LCD_Init
                0x08002678      0x178 Drivers\STM32L4xx_HAL_Driver\Src\stm32l4xx_hal_lcd.o
                0x08002678                HAL_LCD_Init
 .text.LCD_WaitForSynchro
                0x080027f0       0x46 Drivers\STM32L4xx_HAL_Driver\Src\stm32l4xx_hal_lcd.o
                0x080027f0                LCD_WaitForSynchro
 *fill*         0x08002836        0x2 
 .text.HAL_PWR_EnableBkUpAccess
                0x08002838       0x20 Drivers\STM32L4xx_HAL_Driver\Src\stm32l4xx_hal_pwr.o
                0x08002838                HAL_PWR_EnableBkUpAccess
 .text.HAL_PWREx_GetVoltageRange
                0x08002858       0x1c Drivers\STM32L4xx_HAL_Driver\Src\stm32l4xx_hal_pwr_ex.o
                0x08002858                HAL_PWREx_GetVoltageRange
 .text.HAL_PWREx_ControlVoltageScaling
                0x08002874       0xac Drivers\STM32L4xx_HAL_Driver\Src\stm32l4xx_hal_pwr_ex.o
                0x08002874                HAL_PWREx_ControlVoltageScaling
 .text.HAL_PWREx_EnableVddUSB
                0x08002920       0x20 Drivers\STM32L4xx_HAL_Driver\Src\stm32l4xx_hal_pwr_ex.o
                0x08002920                HAL_PWREx_EnableVddUSB
 .text.HAL_QSPI_Init
                0x08002940      0x104 Drivers\STM32L4xx_HAL_Driver\Src\stm32l4xx_hal_qspi.o
                0x08002940                HAL_QSPI_Init
 .text.HAL_QSPI_SetTimeout
                0x08002a44       0x1c Drivers\STM32L4xx_HAL_Driver\Src\stm32l4xx_hal_qspi.o
                0x08002a44                HAL_QSPI_SetTimeout
 .text.QSPI_WaitFlagStateUntilTimeout
                0x08002a60       0x6e Drivers\STM32L4xx_HAL_Driver\Src\stm32l4xx_hal_qspi.o
 *fill*         0x08002ace        0x2 
 .text.HAL_RCC_OscConfig
                0x08002ad0      0x6c8 Drivers\STM32L4xx_HAL_Driver\Src\stm32l4xx_hal_rcc.o
                0x08002ad0                HAL_RCC_OscConfig
 .text.HAL_RCC_ClockConfig
                0x08003198      0x1bc Drivers\STM32L4xx_HAL_Driver\Src\stm32l4xx_hal_rcc.o
                0x08003198                HAL_RCC_ClockConfig
 .text.HAL_RCC_GetSysClockFreq
                0x08003354      0x138 Drivers\STM32L4xx_HAL_Driver\Src\stm32l4xx_hal_rcc.o
                0x08003354                HAL_RCC_GetSysClockFreq
 .text.HAL_RCC_GetHCLKFreq
                0x0800348c       0x18 Drivers\STM32L4xx_HAL_Driver\Src\stm32l4xx_hal_rcc.o
                0x0800348c                HAL_RCC_GetHCLKFreq
 .text.HAL_RCC_GetPCLK1Freq
                0x080034a4       0x2c Drivers\STM32L4xx_HAL_Driver\Src\stm32l4xx_hal_rcc.o
                0x080034a4                HAL_RCC_GetPCLK1Freq
 .text.HAL_RCC_GetPCLK2Freq
                0x080034d0       0x2c Drivers\STM32L4xx_HAL_Driver\Src\stm32l4xx_hal_rcc.o
                0x080034d0                HAL_RCC_GetPCLK2Freq
 .text.RCC_SetFlashLatencyFromMSIRange
                0x080034fc       0xc0 Drivers\STM32L4xx_HAL_Driver\Src\stm32l4xx_hal_rcc.o
 .text.HAL_RCCEx_PeriphCLKConfig
                0x080035bc      0x5cc Drivers\STM32L4xx_HAL_Driver\Src\stm32l4xx_hal_rcc_ex.o
                0x080035bc                HAL_RCCEx_PeriphCLKConfig
 .text.HAL_RCCEx_GetPeriphCLKFreq
                0x08003b88      0x8f0 Drivers\STM32L4xx_HAL_Driver\Src\stm32l4xx_hal_rcc_ex.o
                0x08003b88                HAL_RCCEx_GetPeriphCLKFreq
 .text.HAL_RCCEx_EnableMSIPLLMode
                0x08004478       0x20 Drivers\STM32L4xx_HAL_Driver\Src\stm32l4xx_hal_rcc_ex.o
                0x08004478                HAL_RCCEx_EnableMSIPLLMode
 .text.RCCEx_PLLSAI1_Config
                0x08004498      0x1e0 Drivers\STM32L4xx_HAL_Driver\Src\stm32l4xx_hal_rcc_ex.o
 .text.RCCEx_PLLSAI2_Config
                0x08004678      0x1b4 Drivers\STM32L4xx_HAL_Driver\Src\stm32l4xx_hal_rcc_ex.o
 .text.RCCEx_GetSAIxPeriphCLKFreq
                0x0800482c      0x1b0 Drivers\STM32L4xx_HAL_Driver\Src\stm32l4xx_hal_rcc_ex.o
 .text.HAL_SAI_Init
                0x080049dc      0x2cc Drivers\STM32L4xx_HAL_Driver\Src\stm32l4xx_hal_sai.o
                0x080049dc                HAL_SAI_Init
 .text.SAI_Disable
                0x08004ca8       0x68 Drivers\STM32L4xx_HAL_Driver\Src\stm32l4xx_hal_sai.o
 .text.HAL_SPI_Init
                0x08004d10      0x110 Drivers\STM32L4xx_HAL_Driver\Src\stm32l4xx_hal_spi.o
                0x08004d10                HAL_SPI_Init
 .text.HAL_SPI_Transmit
                0x08004e20      0x2c8 Drivers\STM32L4xx_HAL_Driver\Src\stm32l4xx_hal_spi.o
                0x08004e20                HAL_SPI_Transmit
 .text.HAL_SPI_Receive
                0x080050e8      0x24a Drivers\STM32L4xx_HAL_Driver\Src\stm32l4xx_hal_spi.o
                0x080050e8                HAL_SPI_Receive
 .text.HAL_SPI_TransmitReceive
                0x08005332      0x420 Drivers\STM32L4xx_HAL_Driver\Src\stm32l4xx_hal_spi.o
                0x08005332                HAL_SPI_TransmitReceive
 .text.SPI_WaitFlagStateUntilTimeout
                0x08005752       0xd4 Drivers\STM32L4xx_HAL_Driver\Src\stm32l4xx_hal_spi.o
 .text.SPI_WaitFifoStateUntilTimeout
                0x08005826       0xda Drivers\STM32L4xx_HAL_Driver\Src\stm32l4xx_hal_spi.o
 .text.SPI_EndRxTransaction
                0x08005900       0xb0 Drivers\STM32L4xx_HAL_Driver\Src\stm32l4xx_hal_spi.o
 .text.SPI_EndRxTxTransaction
                0x080059b0       0x8c Drivers\STM32L4xx_HAL_Driver\Src\stm32l4xx_hal_spi.o
 .text.HAL_UART_Init
                0x08005a3c       0xa2 Drivers\STM32L4xx_HAL_Driver\Src\stm32l4xx_hal_uart.o
                0x08005a3c                HAL_UART_Init
 *fill*         0x08005ade        0x2 
 .text.UART_SetConfig
                0x08005ae0      0x67c Drivers\STM32L4xx_HAL_Driver\Src\stm32l4xx_hal_uart.o
                0x08005ae0                UART_SetConfig
 .text.UART_AdvFeatureConfig
                0x0800615c      0x144 Drivers\STM32L4xx_HAL_Driver\Src\stm32l4xx_hal_uart.o
                0x0800615c                UART_AdvFeatureConfig
 .text.UART_CheckIdleState
                0x080062a0       0x92 Drivers\STM32L4xx_HAL_Driver\Src\stm32l4xx_hal_uart.o
                0x080062a0                UART_CheckIdleState
 .text.UART_WaitOnFlagUntilTimeout
                0x08006332       0x94 Drivers\STM32L4xx_HAL_Driver\Src\stm32l4xx_hal_uart.o
                0x08006332                UART_WaitOnFlagUntilTimeout
 .text.USB_CoreInit
                0x080063c6       0x84 Drivers\STM32L4xx_HAL_Driver\Src\stm32l4xx_ll_usb.o
                0x080063c6                USB_CoreInit
 .text.USB_EnableGlobalInt
                0x0800644a       0x22 Drivers\STM32L4xx_HAL_Driver\Src\stm32l4xx_ll_usb.o
                0x0800644a                USB_EnableGlobalInt
 .text.USB_DisableGlobalInt
                0x0800646c       0x22 Drivers\STM32L4xx_HAL_Driver\Src\stm32l4xx_ll_usb.o
                0x0800646c                USB_DisableGlobalInt
 .text.USB_SetCurrentMode
                0x0800648e       0x54 Drivers\STM32L4xx_HAL_Driver\Src\stm32l4xx_ll_usb.o
                0x0800648e                USB_SetCurrentMode
 *fill*         0x080064e2        0x2 
 .text.USB_FlushTxFifo
                0x080064e4       0x4c Drivers\STM32L4xx_HAL_Driver\Src\stm32l4xx_ll_usb.o
                0x080064e4                USB_FlushTxFifo
 .text.USB_FlushRxFifo
                0x08006530       0x44 Drivers\STM32L4xx_HAL_Driver\Src\stm32l4xx_ll_usb.o
                0x08006530                USB_FlushRxFifo
 .text.USB_WritePacket
                0x08006574       0x62 Drivers\STM32L4xx_HAL_Driver\Src\stm32l4xx_ll_usb.o
                0x08006574                USB_WritePacket
 .text.USB_ReadPacket
                0x080065d6       0x52 Drivers\STM32L4xx_HAL_Driver\Src\stm32l4xx_ll_usb.o
                0x080065d6                USB_ReadPacket
 .text.USB_ReadInterrupts
                0x08006628       0x26 Drivers\STM32L4xx_HAL_Driver\Src\stm32l4xx_ll_usb.o
                0x08006628                USB_ReadInterrupts
 .text.USB_GetMode
                0x0800664e       0x1c Drivers\STM32L4xx_HAL_Driver\Src\stm32l4xx_ll_usb.o
                0x0800664e                USB_GetMode
 *fill*         0x0800666a        0x2 
 .text.USB_CoreReset
                0x0800666c       0x68 Drivers\STM32L4xx_HAL_Driver\Src\stm32l4xx_ll_usb.o
 .text.USB_HostInit
                0x080066d4      0x14c Drivers\STM32L4xx_HAL_Driver\Src\stm32l4xx_ll_usb.o
                0x080066d4                USB_HostInit
 .text.USB_InitFSLSPClkSel
                0x08006820       0x78 Drivers\STM32L4xx_HAL_Driver\Src\stm32l4xx_ll_usb.o
                0x08006820                USB_InitFSLSPClkSel
 .text.USB_ResetPort
                0x08006898       0x58 Drivers\STM32L4xx_HAL_Driver\Src\stm32l4xx_ll_usb.o
                0x08006898                USB_ResetPort
 .text.USB_DriveVbus
                0x080068f0       0x76 Drivers\STM32L4xx_HAL_Driver\Src\stm32l4xx_ll_usb.o
                0x080068f0                USB_DriveVbus
 .text.USB_GetHostSpeed
                0x08006966       0x2e Drivers\STM32L4xx_HAL_Driver\Src\stm32l4xx_ll_usb.o
                0x08006966                USB_GetHostSpeed
 .text.USB_GetCurrentFrame
                0x08006994       0x22 Drivers\STM32L4xx_HAL_Driver\Src\stm32l4xx_ll_usb.o
                0x08006994                USB_GetCurrentFrame
 *fill*         0x080069b6        0x2 
 .text.USB_HC_Init
                0x080069b8      0x1f0 Drivers\STM32L4xx_HAL_Driver\Src\stm32l4xx_ll_usb.o
                0x080069b8                USB_HC_Init
 .text.USB_HC_StartXfer
                0x08006ba8      0x204 Drivers\STM32L4xx_HAL_Driver\Src\stm32l4xx_ll_usb.o
                0x08006ba8                USB_HC_StartXfer
 .text.USB_HC_ReadInterrupt
                0x08006dac       0x22 Drivers\STM32L4xx_HAL_Driver\Src\stm32l4xx_ll_usb.o
                0x08006dac                USB_HC_ReadInterrupt
 .text.USB_HC_Halt
                0x08006dce      0x212 Drivers\STM32L4xx_HAL_Driver\Src\stm32l4xx_ll_usb.o
                0x08006dce                USB_HC_Halt
 .text.USB_StopHost
                0x08006fe0      0x10c Drivers\STM32L4xx_HAL_Driver\Src\stm32l4xx_ll_usb.o
                0x08006fe0                USB_StopHost
 .text.USBH_CDC_InterfaceInit
                0x080070ec      0x282 Middlewares\ST\STM32_USB_Host_Library\Class\CDC\Src\usbh_cdc.o
 .text.USBH_CDC_InterfaceDeInit
                0x0800736e       0xb2 Middlewares\ST\STM32_USB_Host_Library\Class\CDC\Src\usbh_cdc.o
 .text.USBH_CDC_ClassRequest
                0x08007420       0x42 Middlewares\ST\STM32_USB_Host_Library\Class\CDC\Src\usbh_cdc.o
 *fill*         0x08007462        0x2 
 .text.USBH_CDC_Process
                0x08007464      0x12c Middlewares\ST\STM32_USB_Host_Library\Class\CDC\Src\usbh_cdc.o
 .text.USBH_CDC_SOFProcess
                0x08007590       0x16 Middlewares\ST\STM32_USB_Host_Library\Class\CDC\Src\usbh_cdc.o
 .text.GetLineCoding
                0x080075a6       0x3e Middlewares\ST\STM32_USB_Host_Library\Class\CDC\Src\usbh_cdc.o
 .text.SetLineCoding
                0x080075e4       0x3e Middlewares\ST\STM32_USB_Host_Library\Class\CDC\Src\usbh_cdc.o
 .text.CDC_ProcessTransmission
                0x08007622       0xf0 Middlewares\ST\STM32_USB_Host_Library\Class\CDC\Src\usbh_cdc.o
 .text.CDC_ProcessReception
                0x08007712       0xb6 Middlewares\ST\STM32_USB_Host_Library\Class\CDC\Src\usbh_cdc.o
 .text.USBH_CDC_TransmitCallback
                0x080077c8       0x14 Middlewares\ST\STM32_USB_Host_Library\Class\CDC\Src\usbh_cdc.o
                0x080077c8                USBH_CDC_TransmitCallback
 .text.USBH_CDC_ReceiveCallback
                0x080077dc       0x14 Middlewares\ST\STM32_USB_Host_Library\Class\CDC\Src\usbh_cdc.o
                0x080077dc                USBH_CDC_ReceiveCallback
 .text.USBH_CDC_LineCodingChanged
                0x080077f0       0x14 Middlewares\ST\STM32_USB_Host_Library\Class\CDC\Src\usbh_cdc.o
                0x080077f0                USBH_CDC_LineCodingChanged
 .text.USBH_Init
                0x08007804       0x54 Middlewares\ST\STM32_USB_Host_Library\Core\Src\usbh_core.o
                0x08007804                USBH_Init
 .text.DeInitStateMachine
                0x08007858       0x92 Middlewares\ST\STM32_USB_Host_Library\Core\Src\usbh_core.o
 .text.USBH_RegisterClass
                0x080078ea       0x56 Middlewares\ST\STM32_USB_Host_Library\Core\Src\usbh_core.o
                0x080078ea                USBH_RegisterClass
 .text.USBH_SelectInterface
                0x08007940       0x38 Middlewares\ST\STM32_USB_Host_Library\Core\Src\usbh_core.o
                0x08007940                USBH_SelectInterface
 .text.USBH_FindInterface
                0x08007978       0x8c Middlewares\ST\STM32_USB_Host_Library\Core\Src\usbh_core.o
                0x08007978                USBH_FindInterface
 .text.USBH_Start
                0x08007a04       0x20 Middlewares\ST\STM32_USB_Host_Library\Core\Src\usbh_core.o
                0x08007a04                USBH_Start
 .text.USBH_Process
                0x08007a24      0x310 Middlewares\ST\STM32_USB_Host_Library\Core\Src\usbh_core.o
                0x08007a24                USBH_Process
 .text.USBH_HandleEnum
                0x08007d34      0x234 Middlewares\ST\STM32_USB_Host_Library\Core\Src\usbh_core.o
 .text.USBH_LL_SetTimer
                0x08007f68       0x1e Middlewares\ST\STM32_USB_Host_Library\Core\Src\usbh_core.o
                0x08007f68                USBH_LL_SetTimer
 .text.USBH_LL_IncTimer
                0x08007f86       0x24 Middlewares\ST\STM32_USB_Host_Library\Core\Src\usbh_core.o
                0x08007f86                USBH_LL_IncTimer
 .text.USBH_HandleSof
                0x08007faa       0x30 Middlewares\ST\STM32_USB_Host_Library\Core\Src\usbh_core.o
 .text.USBH_LL_PortEnabled
                0x08007fda       0x1c Middlewares\ST\STM32_USB_Host_Library\Core\Src\usbh_core.o
                0x08007fda                USBH_LL_PortEnabled
 .text.USBH_LL_PortDisabled
                0x08007ff6       0x1c Middlewares\ST\STM32_USB_Host_Library\Core\Src\usbh_core.o
                0x08007ff6                USBH_LL_PortDisabled
 .text.USBH_IsPortEnabled
                0x08008012       0x1a Middlewares\ST\STM32_USB_Host_Library\Core\Src\usbh_core.o
                0x08008012                USBH_IsPortEnabled
 .text.USBH_LL_Connect
                0x0800802c       0x4c Middlewares\ST\STM32_USB_Host_Library\Core\Src\usbh_core.o
                0x0800802c                USBH_LL_Connect
 .text.USBH_LL_Disconnect
                0x08008078       0x5a Middlewares\ST\STM32_USB_Host_Library\Core\Src\usbh_core.o
                0x08008078                USBH_LL_Disconnect
 .text.USBH_Get_DevDesc
                0x080080d2       0x50 Middlewares\ST\STM32_USB_Host_Library\Core\Src\usbh_ctlreq.o
                0x080080d2                USBH_Get_DevDesc
 .text.USBH_Get_CfgDesc
                0x08008122       0x48 Middlewares\ST\STM32_USB_Host_Library\Core\Src\usbh_ctlreq.o
                0x08008122                USBH_Get_CfgDesc
 .text.USBH_Get_StringDesc
                0x0800816a       0x56 Middlewares\ST\STM32_USB_Host_Library\Core\Src\usbh_ctlreq.o
                0x0800816a                USBH_Get_StringDesc
 .text.USBH_GetDescriptor
                0x080081c0       0x6a Middlewares\ST\STM32_USB_Host_Library\Core\Src\usbh_ctlreq.o
                0x080081c0                USBH_GetDescriptor
 .text.USBH_SetAddress
                0x0800822a       0x48 Middlewares\ST\STM32_USB_Host_Library\Core\Src\usbh_ctlreq.o
                0x0800822a                USBH_SetAddress
 .text.USBH_SetCfg
                0x08008272       0x46 Middlewares\ST\STM32_USB_Host_Library\Core\Src\usbh_ctlreq.o
                0x08008272                USBH_SetCfg
 .text.USBH_SetFeature
                0x080082b8       0x48 Middlewares\ST\STM32_USB_Host_Library\Core\Src\usbh_ctlreq.o
                0x080082b8                USBH_SetFeature
 .text.USBH_ClrFeature
                0x08008300       0x48 Middlewares\ST\STM32_USB_Host_Library\Core\Src\usbh_ctlreq.o
                0x08008300                USBH_ClrFeature
 .text.USBH_ParseDevDesc
                0x08008348       0xe0 Middlewares\ST\STM32_USB_Host_Library\Core\Src\usbh_ctlreq.o
 .text.USBH_ParseCfgDesc
                0x08008428      0x144 Middlewares\ST\STM32_USB_Host_Library\Core\Src\usbh_ctlreq.o
 .text.USBH_ParseInterfaceDesc
                0x0800856c       0x5e Middlewares\ST\STM32_USB_Host_Library\Core\Src\usbh_ctlreq.o
 .text.USBH_ParseEPDesc
                0x080085ca       0x5a Middlewares\ST\STM32_USB_Host_Library\Core\Src\usbh_ctlreq.o
 .text.USBH_ParseStringDesc
                0x08008624       0x66 Middlewares\ST\STM32_USB_Host_Library\Core\Src\usbh_ctlreq.o
 .text.USBH_GetNextDesc
                0x0800868a       0x36 Middlewares\ST\STM32_USB_Host_Library\Core\Src\usbh_ctlreq.o
                0x0800868a                USBH_GetNextDesc
 .text.USBH_CtlReq
                0x080086c0       0x94 Middlewares\ST\STM32_USB_Host_Library\Core\Src\usbh_ctlreq.o
                0x080086c0                USBH_CtlReq
 .text.USBH_HandleControl
                0x08008754      0x2d4 Middlewares\ST\STM32_USB_Host_Library\Core\Src\usbh_ctlreq.o
 .text.USBH_CtlSendSetup
                0x08008a28       0x34 Middlewares\ST\STM32_USB_Host_Library\Core\Src\usbh_ioreq.o
                0x08008a28                USBH_CtlSendSetup
 .text.USBH_CtlSendData
                0x08008a5c       0x4a Middlewares\ST\STM32_USB_Host_Library\Core\Src\usbh_ioreq.o
                0x08008a5c                USBH_CtlSendData
 .text.USBH_CtlReceiveData
                0x08008aa6       0x3c Middlewares\ST\STM32_USB_Host_Library\Core\Src\usbh_ioreq.o
                0x08008aa6                USBH_CtlReceiveData
 .text.USBH_BulkSendData
                0x08008ae2       0x4a Middlewares\ST\STM32_USB_Host_Library\Core\Src\usbh_ioreq.o
                0x08008ae2                USBH_BulkSendData
 .text.USBH_BulkReceiveData
                0x08008b2c       0x3c Middlewares\ST\STM32_USB_Host_Library\Core\Src\usbh_ioreq.o
                0x08008b2c                USBH_BulkReceiveData
 .text.USBH_OpenPipe
                0x08008b68       0x3e Middlewares\ST\STM32_USB_Host_Library\Core\Src\usbh_pipes.o
                0x08008b68                USBH_OpenPipe
 .text.USBH_ClosePipe
                0x08008ba6       0x20 Middlewares\ST\STM32_USB_Host_Library\Core\Src\usbh_pipes.o
                0x08008ba6                USBH_ClosePipe
 .text.USBH_AllocPipe
                0x08008bc6       0x3c Middlewares\ST\STM32_USB_Host_Library\Core\Src\usbh_pipes.o
                0x08008bc6                USBH_AllocPipe
 .text.USBH_FreePipe
                0x08008c02       0x38 Middlewares\ST\STM32_USB_Host_Library\Core\Src\usbh_pipes.o
                0x08008c02                USBH_FreePipe
 .text.USBH_GetFreePipe
                0x08008c3a       0x46 Middlewares\ST\STM32_USB_Host_Library\Core\Src\usbh_pipes.o
 .text.MX_GPIO_Init
                0x08008c80      0x27c Src\gpio.o
                0x08008c80                MX_GPIO_Init
 .text.MX_I2C1_Init
                0x08008efc       0x80 Src\i2c.o
                0x08008efc                MX_I2C1_Init
 .text.MX_I2C2_Init
                0x08008f7c       0x80 Src\i2c.o
                0x08008f7c                MX_I2C2_Init
 .text.HAL_I2C_MspInit
                0x08008ffc       0xe8 Src\i2c.o
                0x08008ffc                HAL_I2C_MspInit
 .text.MX_LCD_Init
                0x080090e4       0x70 Src\lcd.o
                0x080090e4                MX_LCD_Init
 .text.HAL_LCD_MspInit
                0x08009154      0x144 Src\lcd.o
                0x08009154                HAL_LCD_MspInit
 .text.main     0x08009298      0x234 Src\main.o
                0x08009298                main
 .text.SystemClock_Config
                0x080094cc      0x154 Src\main.o
                0x080094cc                SystemClock_Config
 .text.Error_Handler
                0x08009620        0xe Src\main.o
                0x08009620                Error_Handler
 *fill*         0x0800962e        0x2 
 .text.MX_QUADSPI_Init
                0x08009630       0x4c Src\quadspi.o
                0x08009630                MX_QUADSPI_Init
 .text.HAL_QSPI_MspInit
                0x0800967c       0x88 Src\quadspi.o
                0x0800967c                HAL_QSPI_MspInit
 .text.MX_SAI1_Init
                0x08009704      0x10c Src\sai.o
                0x08009704                MX_SAI1_Init
 .text.HAL_SAI_MspInit
                0x08009810       0xf0 Src\sai.o
                0x08009810                HAL_SAI_MspInit
 .text.MX_SPI2_Init
                0x08009900       0x7c Src\spi.o
                0x08009900                MX_SPI2_Init
 .text.HAL_SPI_MspInit
                0x0800997c       0x88 Src\spi.o
                0x0800997c                HAL_SPI_MspInit
 .text.HAL_MspInit
                0x08009a04       0x48 Src\stm32l4xx_hal_msp.o
                0x08009a04                HAL_MspInit
 .text.NMI_Handler
                0x08009a4c        0xe Src\stm32l4xx_it.o
                0x08009a4c                NMI_Handler
 .text.HardFault_Handler
                0x08009a5a        0x6 Src\stm32l4xx_it.o
                0x08009a5a                HardFault_Handler
 .text.MemManage_Handler
                0x08009a60        0x6 Src\stm32l4xx_it.o
                0x08009a60                MemManage_Handler
 .text.BusFault_Handler
                0x08009a66        0x6 Src\stm32l4xx_it.o
                0x08009a66                BusFault_Handler
 .text.UsageFault_Handler
                0x08009a6c        0x6 Src\stm32l4xx_it.o
                0x08009a6c                UsageFault_Handler
 .text.SVC_Handler
                0x08009a72        0xe Src\stm32l4xx_it.o
                0x08009a72                SVC_Handler
 .text.DebugMon_Handler
                0x08009a80        0xe Src\stm32l4xx_it.o
                0x08009a80                DebugMon_Handler
 .text.PendSV_Handler
                0x08009a8e        0xe Src\stm32l4xx_it.o
                0x08009a8e                PendSV_Handler
 .text.SysTick_Handler
                0x08009a9c        0xc Src\stm32l4xx_it.o
                0x08009a9c                SysTick_Handler
 .text.OTG_FS_IRQHandler
                0x08009aa8       0x14 Src\stm32l4xx_it.o
                0x08009aa8                OTG_FS_IRQHandler
 .text._sbrk    0x08009abc       0x58 Src\syscalls.o
                0x08009abc                _sbrk
 .text.SystemInit
                0x08009b14       0x6c Src\system_stm32l4xx.o
                0x08009b14                SystemInit
 .text.MX_USART2_UART_Init
                0x08009b80       0x60 Src\usart.o
                0x08009b80                MX_USART2_UART_Init
 .text.HAL_UART_MspInit
                0x08009be0       0x88 Src\usart.o
                0x08009be0                HAL_UART_MspInit
 .text.MX_USB_HOST_Init
                0x08009c68       0x4c Src\usb_host.o
                0x08009c68                MX_USB_HOST_Init
 .text.MX_USB_HOST_Process
                0x08009cb4       0x14 Src\usb_host.o
                0x08009cb4                MX_USB_HOST_Process
 .text.USBH_UserProcess
                0x08009cc8       0x5c Src\usb_host.o
 .text.HAL_HCD_MspInit
                0x08009d24       0xbc Src\usbh_conf.o
                0x08009d24                HAL_HCD_MspInit
 .text.HAL_HCD_SOF_Callback
                0x08009de0       0x1c Src\usbh_conf.o
                0x08009de0                HAL_HCD_SOF_Callback
 .text.HAL_HCD_Connect_Callback
                0x08009dfc       0x1c Src\usbh_conf.o
                0x08009dfc                HAL_HCD_Connect_Callback
 .text.HAL_HCD_Disconnect_Callback
                0x08009e18       0x1c Src\usbh_conf.o
                0x08009e18                HAL_HCD_Disconnect_Callback
 .text.HAL_HCD_HC_NotifyURBChange_Callback
                0x08009e34       0x1c Src\usbh_conf.o
                0x08009e34                HAL_HCD_HC_NotifyURBChange_Callback
 .text.HAL_HCD_PortEnabled_Callback
                0x08009e50       0x1c Src\usbh_conf.o
                0x08009e50                HAL_HCD_PortEnabled_Callback
 .text.HAL_HCD_PortDisabled_Callback
                0x08009e6c       0x1c Src\usbh_conf.o
                0x08009e6c                HAL_HCD_PortDisabled_Callback
 .text.USBH_LL_Init
                0x08009e88       0x78 Src\usbh_conf.o
                0x08009e88                USBH_LL_Init
 .text.USBH_LL_Start
                0x08009f00       0x36 Src\usbh_conf.o
                0x08009f00                USBH_LL_Start
 .text.USBH_LL_Stop
                0x08009f36       0x36 Src\usbh_conf.o
                0x08009f36                USBH_LL_Stop
 .text.USBH_LL_GetSpeed
                0x08009f6c       0x4a Src\usbh_conf.o
                0x08009f6c                USBH_LL_GetSpeed
 .text.USBH_LL_ResetPort
                0x08009fb6       0x36 Src\usbh_conf.o
                0x08009fb6                USBH_LL_ResetPort
 .text.USBH_LL_GetLastXferSize
                0x08009fec       0x26 Src\usbh_conf.o
                0x08009fec                USBH_LL_GetLastXferSize
 .text.USBH_LL_OpenPipe
                0x0800a012       0x5e Src\usbh_conf.o
                0x0800a012                USBH_LL_OpenPipe
 .text.USBH_LL_ClosePipe
                0x0800a070       0x3e Src\usbh_conf.o
                0x0800a070                USBH_LL_ClosePipe
 .text.USBH_LL_SubmitURB
                0x0800a0ae       0x62 Src\usbh_conf.o
                0x0800a0ae                USBH_LL_SubmitURB
 .text.USBH_LL_GetURBState
                0x0800a110       0x26 Src\usbh_conf.o
                0x0800a110                USBH_LL_GetURBState
 .text.USBH_LL_DriverVBUS
                0x0800a136       0x2e Src\usbh_conf.o
                0x0800a136                USBH_LL_DriverVBUS
 .text.USBH_LL_SetToggle
                0x0800a164       0x66 Src\usbh_conf.o
                0x0800a164                USBH_LL_SetToggle
 .text.USBH_Delay
                0x0800a1ca       0x16 Src\usbh_conf.o
                0x0800a1ca                USBH_Delay
 .text.USBH_Get_USB_Status
                0x0800a1e0       0x58 Src\usbh_conf.o
                0x0800a1e0                USBH_Get_USB_Status
 .text.MX_DriverVbusFS
                0x0800a238       0x38 Src\usbh_platform.o
                0x0800a238                MX_DriverVbusFS
 .text.Reset_Handler
                0x0800a270       0x50 startup\startup_stm32l476xx.o
                0x0800a270                Reset_Handler
 .text.Default_Handler
                0x0800a2c0        0x2 startup\startup_stm32l476xx.o
                0x0800a2c0                RTC_Alarm_IRQHandler
                0x0800a2c0                EXTI2_IRQHandler
                0x0800a2c0                TIM8_TRG_COM_IRQHandler
                0x0800a2c0                TIM8_CC_IRQHandler
                0x0800a2c0                TIM1_CC_IRQHandler
                0x0800a2c0                TSC_IRQHandler
                0x0800a2c0                TAMP_STAMP_IRQHandler
                0x0800a2c0                EXTI3_IRQHandler
                0x0800a2c0                LPTIM2_IRQHandler
                0x0800a2c0                DFSDM1_FLT1_IRQHandler
                0x0800a2c0                I2C3_ER_IRQHandler
                0x0800a2c0                DFSDM1_FLT2_IRQHandler
                0x0800a2c0                EXTI0_IRQHandler
                0x0800a2c0                I2C2_EV_IRQHandler
                0x0800a2c0                CAN1_RX0_IRQHandler
                0x0800a2c0                FPU_IRQHandler
                0x0800a2c0                TIM1_UP_TIM16_IRQHandler
                0x0800a2c0                ADC1_2_IRQHandler
                0x0800a2c0                SPI1_IRQHandler
                0x0800a2c0                TIM6_DAC_IRQHandler
                0x0800a2c0                TIM8_UP_IRQHandler
                0x0800a2c0                DMA2_Channel2_IRQHandler
                0x0800a2c0                DMA1_Channel4_IRQHandler
                0x0800a2c0                SAI2_IRQHandler
                0x0800a2c0                DFSDM1_FLT3_IRQHandler
                0x0800a2c0                USART3_IRQHandler
                0x0800a2c0                DMA1_Channel7_IRQHandler
                0x0800a2c0                CAN1_RX1_IRQHandler
                0x0800a2c0                LCD_IRQHandler
                0x0800a2c0                UART5_IRQHandler
                0x0800a2c0                ADC3_IRQHandler
                0x0800a2c0                TIM4_IRQHandler
                0x0800a2c0                DMA2_Channel1_IRQHandler
                0x0800a2c0                QUADSPI_IRQHandler
                0x0800a2c0                I2C1_EV_IRQHandler
                0x0800a2c0                DMA1_Channel6_IRQHandler
                0x0800a2c0                UART4_IRQHandler
                0x0800a2c0                DMA2_Channel4_IRQHandler
                0x0800a2c0                TIM3_IRQHandler
                0x0800a2c0                RCC_IRQHandler
                0x0800a2c0                DMA1_Channel1_IRQHandler
                0x0800a2c0                Default_Handler
                0x0800a2c0                DMA2_Channel7_IRQHandler
                0x0800a2c0                EXTI15_10_IRQHandler
                0x0800a2c0                TIM7_IRQHandler
                0x0800a2c0                SDMMC1_IRQHandler
                0x0800a2c0                TIM5_IRQHandler
                0x0800a2c0                I2C3_EV_IRQHandler
                0x0800a2c0                EXTI9_5_IRQHandler
                0x0800a2c0                RTC_WKUP_IRQHandler
                0x0800a2c0                PVD_PVM_IRQHandler
                0x0800a2c0                SPI2_IRQHandler
                0x0800a2c0                CAN1_TX_IRQHandler
                0x0800a2c0                DMA2_Channel5_IRQHandler
                0x0800a2c0                DMA1_Channel5_IRQHandler
                0x0800a2c0                EXTI4_IRQHandler
                0x0800a2c0                RNG_IRQHandler
                0x0800a2c0                TIM1_TRG_COM_TIM17_IRQHandler
                0x0800a2c0                DMA1_Channel3_IRQHandler
                0x0800a2c0                COMP_IRQHandler
                0x0800a2c0                WWDG_IRQHandler
                0x0800a2c0                LPUART1_IRQHandler
                0x0800a2c0                DMA2_Channel6_IRQHandler
                0x0800a2c0                TIM2_IRQHandler
                0x0800a2c0                EXTI1_IRQHandler
                0x0800a2c0                USART2_IRQHandler
                0x0800a2c0                DFSDM1_FLT0_IRQHandler
                0x0800a2c0                I2C2_ER_IRQHandler
                0x0800a2c0                DMA1_Channel2_IRQHandler
                0x0800a2c0                TIM8_BRK_IRQHandler
                0x0800a2c0                CAN1_SCE_IRQHandler
                0x0800a2c0                FLASH_IRQHandler
                0x0800a2c0                USART1_IRQHandler
                0x0800a2c0                SPI3_IRQHandler
                0x0800a2c0                I2C1_ER_IRQHandler
                0x0800a2c0                FMC_IRQHandler
                0x0800a2c0                SWPMI1_IRQHandler
                0x0800a2c0                LPTIM1_IRQHandler
                0x0800a2c0                SAI1_IRQHandler
                0x0800a2c0                DMA2_Channel3_IRQHandler
                0x0800a2c0                TIM1_BRK_TIM15_IRQHandler
 *fill*         0x0800a2c2        0x2 
 .text.__errno  0x0800a2c4        0xc c:/program files (x86)/atollic/truestudio for stm32 9.3.0/armtools/bin/../lib/gcc/arm-atollic-eabi/6.3.1/../../../../arm-atollic-eabi/lib/armv7e-m/fpu\libc_nano.a(lib_a-errno.o)
                0x0800a2c4                __errno
 .text.__libc_init_array
                0x0800a2d0       0x48 c:/program files (x86)/atollic/truestudio for stm32 9.3.0/armtools/bin/../lib/gcc/arm-atollic-eabi/6.3.1/../../../../arm-atollic-eabi/lib/armv7e-m/fpu\libc_nano.a(lib_a-init.o)
                0x0800a2d0                __libc_init_array
 .text.malloc   0x0800a318       0x10 c:/program files (x86)/atollic/truestudio for stm32 9.3.0/armtools/bin/../lib/gcc/arm-atollic-eabi/6.3.1/../../../../arm-atollic-eabi/lib/armv7e-m/fpu\libc_nano.a(lib_a-malloc.o)
                0x0800a318                malloc
 .text.free     0x0800a328       0x10 c:/program files (x86)/atollic/truestudio for stm32 9.3.0/armtools/bin/../lib/gcc/arm-atollic-eabi/6.3.1/../../../../arm-atollic-eabi/lib/armv7e-m/fpu\libc_nano.a(lib_a-malloc.o)
                0x0800a328                free
 .text.memset   0x0800a338       0x10 c:/program files (x86)/atollic/truestudio for stm32 9.3.0/armtools/bin/../lib/gcc/arm-atollic-eabi/6.3.1/../../../../arm-atollic-eabi/lib/armv7e-m/fpu\libc_nano.a(lib_a-memset.o)
                0x0800a338                memset
 .text._free_r  0x0800a348       0x9c c:/program files (x86)/atollic/truestudio for stm32 9.3.0/armtools/bin/../lib/gcc/arm-atollic-eabi/6.3.1/../../../../arm-atollic-eabi/lib/armv7e-m/fpu\libc_nano.a(lib_a-nano-freer.o)
                0x0800a348                _free_r
 .text._malloc_r
                0x0800a3e4       0xbc c:/program files (x86)/atollic/truestudio for stm32 9.3.0/armtools/bin/../lib/gcc/arm-atollic-eabi/6.3.1/../../../../arm-atollic-eabi/lib/armv7e-m/fpu\libc_nano.a(lib_a-nano-mallocr.o)
                0x0800a3e4                _malloc_r
 .text._sbrk_r  0x0800a4a0       0x20 c:/program files (x86)/atollic/truestudio for stm32 9.3.0/armtools/bin/../lib/gcc/arm-atollic-eabi/6.3.1/../../../../arm-atollic-eabi/lib/armv7e-m/fpu\libc_nano.a(lib_a-sbrkr.o)
                0x0800a4a0                _sbrk_r
 .text.__malloc_lock
                0x0800a4c0        0x2 c:/program files (x86)/atollic/truestudio for stm32 9.3.0/armtools/bin/../lib/gcc/arm-atollic-eabi/6.3.1/../../../../arm-atollic-eabi/lib/armv7e-m/fpu\libc_nano.a(lib_a-mlock.o)
                0x0800a4c0                __malloc_lock
 .text.__malloc_unlock
                0x0800a4c2        0x2 c:/program files (x86)/atollic/truestudio for stm32 9.3.0/armtools/bin/../lib/gcc/arm-atollic-eabi/6.3.1/../../../../arm-atollic-eabi/lib/armv7e-m/fpu\libc_nano.a(lib_a-mlock.o)
                0x0800a4c2                __malloc_unlock
 *(.glue_7)
 .glue_7        0x0800a4c4        0x0 linker stubs
 *(.glue_7t)
 .glue_7t       0x0800a4c4        0x0 linker stubs
 *(.eh_frame)
 .eh_frame      0x0800a4c4        0x0 c:/program files (x86)/atollic/truestudio for stm32 9.3.0/armtools/bin/../lib/gcc/arm-atollic-eabi/6.3.1/armv7e-m/fpu/crtbegin.o
 *(.init)
 .init          0x0800a4c4        0x4 c:/program files (x86)/atollic/truestudio for stm32 9.3.0/armtools/bin/../lib/gcc/arm-atollic-eabi/6.3.1/armv7e-m/fpu/crti.o
                0x0800a4c4                _init
 .init          0x0800a4c8        0x8 c:/program files (x86)/atollic/truestudio for stm32 9.3.0/armtools/bin/../lib/gcc/arm-atollic-eabi/6.3.1/armv7e-m/fpu/crtn.o
 *(.fini)
 .fini          0x0800a4d0        0x4 c:/program files (x86)/atollic/truestudio for stm32 9.3.0/armtools/bin/../lib/gcc/arm-atollic-eabi/6.3.1/armv7e-m/fpu/crti.o
                0x0800a4d0                _fini
 .fini          0x0800a4d4        0x8 c:/program files (x86)/atollic/truestudio for stm32 9.3.0/armtools/bin/../lib/gcc/arm-atollic-eabi/6.3.1/armv7e-m/fpu/crtn.o
                0x0800a4dc                . = ALIGN (0x4)
                0x0800a4dc                _etext = .

.vfp11_veneer   0x0800a4dc        0x0
 .vfp11_veneer  0x0800a4dc        0x0 linker stubs

.v4_bx          0x0800a4dc        0x0
 .v4_bx         0x0800a4dc        0x0 linker stubs

.iplt           0x0800a4dc        0x0
 .iplt          0x0800a4dc        0x0 c:/program files (x86)/atollic/truestudio for stm32 9.3.0/armtools/bin/../lib/gcc/arm-atollic-eabi/6.3.1/armv7e-m/fpu/crtbegin.o

.rodata         0x0800a4dc       0x4c
                0x0800a4dc                . = ALIGN (0x4)
 *(.rodata)
 .rodata        0x0800a4dc        0x4 Middlewares\ST\STM32_USB_Host_Library\Class\CDC\Src\usbh_cdc.o
 *(.rodata*)
 .rodata.AHBPrescTable
                0x0800a4e0       0x10 Src\system_stm32l4xx.o
                0x0800a4e0                AHBPrescTable
 .rodata.APBPrescTable
                0x0800a4f0        0x8 Src\system_stm32l4xx.o
                0x0800a4f0                APBPrescTable
 .rodata.MSIRangeTable
                0x0800a4f8       0x30 Src\system_stm32l4xx.o
                0x0800a4f8                MSIRangeTable
                0x0800a528                . = ALIGN (0x4)

.ARM.extab
 *(.ARM.extab* .gnu.linkonce.armextab.*)

.ARM            0x0800a528        0x8
                0x0800a528                __exidx_start = .
 *(.ARM.exidx*)
 .ARM.exidx     0x0800a528        0x8 c:/program files (x86)/atollic/truestudio for stm32 9.3.0/armtools/bin/../lib/gcc/arm-atollic-eabi/6.3.1/armv7e-m/fpu\libgcc.a(_udivmoddi4.o)
                0x0800a530                __exidx_end = .

.rel.dyn        0x0800a530        0x0
 .rel.iplt      0x0800a530        0x0 c:/program files (x86)/atollic/truestudio for stm32 9.3.0/armtools/bin/../lib/gcc/arm-atollic-eabi/6.3.1/armv7e-m/fpu/crtbegin.o

.preinit_array  0x0800a530        0x0
                0x0800a530                PROVIDE (__preinit_array_start, .)
 *(.preinit_array*)
                0x0800a530                PROVIDE (__preinit_array_end, .)

.init_array     0x0800a530        0x4
                0x0800a530                PROVIDE (__init_array_start, .)
 *(SORT(.init_array.*))
 *(.init_array*)
 .init_array    0x0800a530        0x4 c:/program files (x86)/atollic/truestudio for stm32 9.3.0/armtools/bin/../lib/gcc/arm-atollic-eabi/6.3.1/armv7e-m/fpu/crtbegin.o
                0x0800a534                PROVIDE (__init_array_end, .)

.fini_array     0x0800a534        0x4
                [!provide]                PROVIDE (__fini_array_start, .)
 *(SORT(.fini_array.*))
 *(.fini_array*)
 .fini_array    0x0800a534        0x4 c:/program files (x86)/atollic/truestudio for stm32 9.3.0/armtools/bin/../lib/gcc/arm-atollic-eabi/6.3.1/armv7e-m/fpu/crtbegin.o
                [!provide]                PROVIDE (__fini_array_end, .)
                0x0800a538                _sidata = LOADADDR (.data)

.data           0x20000000       0x88 load address 0x0800a538
                0x20000000                . = ALIGN (0x4)
                0x20000000                _sdata = .
 *(.data)
 *(.data*)
 .data.CDC_Class
                0x20000000       0x20 Middlewares\ST\STM32_USB_Host_Library\Class\CDC\Src\usbh_cdc.o
                0x20000000                CDC_Class
 .data.SystemCoreClock
                0x20000020        0x4 Src\system_stm32l4xx.o
                0x20000020                SystemCoreClock
 .data._impure_ptr
                0x20000024        0x4 c:/program files (x86)/atollic/truestudio for stm32 9.3.0/armtools/bin/../lib/gcc/arm-atollic-eabi/6.3.1/../../../../arm-atollic-eabi/lib/armv7e-m/fpu\libc_nano.a(lib_a-impure.o)
                0x20000024                _impure_ptr
 .data.impure_data
                0x20000028       0x60 c:/program files (x86)/atollic/truestudio for stm32 9.3.0/armtools/bin/../lib/gcc/arm-atollic-eabi/6.3.1/../../../../arm-atollic-eabi/lib/armv7e-m/fpu\libc_nano.a(lib_a-impure.o)
                0x20000088                . = ALIGN (0x4)
                0x20000088                _edata = .

.igot.plt       0x20000088        0x0 load address 0x0800a5c0
 .igot.plt      0x20000088        0x0 c:/program files (x86)/atollic/truestudio for stm32 9.3.0/armtools/bin/../lib/gcc/arm-atollic-eabi/6.3.1/armv7e-m/fpu/crtbegin.o
                0x20000088                . = ALIGN (0x4)

.bss            0x20000088      0x9e0 load address 0x0800a5c0
                0x20000088                _sbss = .
                0x20000088                __bss_start__ = _sbss
 *(.bss)
 .bss           0x20000088       0x1c c:/program files (x86)/atollic/truestudio for stm32 9.3.0/armtools/bin/../lib/gcc/arm-atollic-eabi/6.3.1/armv7e-m/fpu/crtbegin.o
 *(.bss*)
 .bss.tmpreg.8904
                0x200000a4        0x4 Drivers\STM32L4xx_HAL_Driver\Src\stm32l4xx_ll_usb.o
 .bss.SAI1_client
                0x200000a8        0x4 Src\sai.o
 .bss.heap_end.7010
                0x200000ac        0x4 Src\syscalls.o
 .bss.Appli_state
                0x200000b0        0x1 Src\usb_host.o
                0x200000b0                Appli_state
 *fill*         0x200000b1        0x3 
 .bss.__malloc_free_list
                0x200000b4        0x4 c:/program files (x86)/atollic/truestudio for stm32 9.3.0/armtools/bin/../lib/gcc/arm-atollic-eabi/6.3.1/../../../../arm-atollic-eabi/lib/armv7e-m/fpu\libc_nano.a(lib_a-nano-mallocr.o)
                0x200000b4                __malloc_free_list
 .bss.__malloc_sbrk_start
                0x200000b8        0x4 c:/program files (x86)/atollic/truestudio for stm32 9.3.0/armtools/bin/../lib/gcc/arm-atollic-eabi/6.3.1/../../../../arm-atollic-eabi/lib/armv7e-m/fpu\libc_nano.a(lib_a-nano-mallocr.o)
                0x200000b8                __malloc_sbrk_start
 *(COMMON)
 COMMON         0x200000bc        0x4 Drivers\STM32L4xx_HAL_Driver\Src\stm32l4xx_hal.o
                0x200000bc                uwTick
 COMMON         0x200000c0       0x98 Src\i2c.o
                0x200000c0                hi2c1
                0x2000010c                hi2c2
 COMMON         0x20000158       0x3c Src\lcd.o
                0x20000158                hlcd
 COMMON         0x20000194       0x16 Src\main.o
                0x20000194                spiTxBufz
                0x20000198                spiRxBuf
                0x2000019c                spiTxBufy
                0x200001a0                spiRxBufz
                0x200001a4                spiRxBufy
                0x200001a8                spiTxBuf
 *fill*         0x200001aa        0x2 
 COMMON         0x200001ac       0x44 Src\quadspi.o
                0x200001ac                hqspi
 COMMON         0x200001f0      0x108 Src\sai.o
                0x200001f0                hsai_BlockB1
                0x20000274                hsai_BlockA1
 COMMON         0x200002f8       0x64 Src\spi.o
                0x200002f8                hspi2
 COMMON         0x2000035c       0x78 Src\usart.o
                0x2000035c                huart2
 COMMON         0x200003d4      0x3cc Src\usb_host.o
                0x200003d4                hUsbHostFS
 COMMON         0x200007a0      0x2c4 Src\usbh_conf.o
                0x200007a0                hhcd_USB_OTG_FS
 COMMON         0x20000a64        0x4 c:/program files (x86)/atollic/truestudio for stm32 9.3.0/armtools/bin/../lib/gcc/arm-atollic-eabi/6.3.1/../../../../arm-atollic-eabi/lib/armv7e-m/fpu\libc_nano.a(lib_a-reent.o)
                0x20000a64                errno
                0x20000a68                . = ALIGN (0x4)
                0x20000a68                _ebss = .
                0x20000a68                __bss_end__ = _ebss

._user_heap_stack
                0x20000a68      0x600 load address 0x0800a5c0
                0x20000a68                . = ALIGN (0x4)
                0x20000a68                PROVIDE (end, .)
                [!provide]                PROVIDE (_end, .)
                0x20000c68                . = (. + _Min_Heap_Size)
 *fill*         0x20000a68      0x200 
                0x20001068                . = (. + _Min_Stack_Size)
 *fill*         0x20000c68      0x400 
                0x20001068                . = ALIGN (0x4)

/DISCARD/
 libc.a(*)
 libm.a(*)
 libgcc.a(*)

.ARM.attributes
                0x00000000       0x30
 *(.ARM.attributes)
 .ARM.attributes
                0x00000000       0x22 c:/program files (x86)/atollic/truestudio for stm32 9.3.0/armtools/bin/../lib/gcc/arm-atollic-eabi/6.3.1/armv7e-m/fpu/crti.o
 .ARM.attributes
                0x00000022       0x34 c:/program files (x86)/atollic/truestudio for stm32 9.3.0/armtools/bin/../lib/gcc/arm-atollic-eabi/6.3.1/armv7e-m/fpu/crtbegin.o
 .ARM.attributes
                0x00000056       0x39 Drivers\STM32L4xx_HAL_Driver\Src\stm32l4xx_hal.o
 .ARM.attributes
                0x0000008f       0x39 Drivers\STM32L4xx_HAL_Driver\Src\stm32l4xx_hal_cortex.o
 .ARM.attributes
                0x000000c8       0x39 Drivers\STM32L4xx_HAL_Driver\Src\stm32l4xx_hal_gpio.o
 .ARM.attributes
                0x00000101       0x39 Drivers\STM32L4xx_HAL_Driver\Src\stm32l4xx_hal_hcd.o
 .ARM.attributes
                0x0000013a       0x39 Drivers\STM32L4xx_HAL_Driver\Src\stm32l4xx_hal_i2c.o
 .ARM.attributes
                0x00000173       0x39 Drivers\STM32L4xx_HAL_Driver\Src\stm32l4xx_hal_i2c_ex.o
 .ARM.attributes
                0x000001ac       0x39 Drivers\STM32L4xx_HAL_Driver\Src\stm32l4xx_hal_lcd.o
 .ARM.attributes
                0x000001e5       0x39 Drivers\STM32L4xx_HAL_Driver\Src\stm32l4xx_hal_pwr.o
 .ARM.attributes
                0x0000021e       0x39 Drivers\STM32L4xx_HAL_Driver\Src\stm32l4xx_hal_pwr_ex.o
 .ARM.attributes
                0x00000257       0x39 Drivers\STM32L4xx_HAL_Driver\Src\stm32l4xx_hal_qspi.o
 .ARM.attributes
                0x00000290       0x39 Drivers\STM32L4xx_HAL_Driver\Src\stm32l4xx_hal_rcc.o
 .ARM.attributes
                0x000002c9       0x39 Drivers\STM32L4xx_HAL_Driver\Src\stm32l4xx_hal_rcc_ex.o
 .ARM.attributes
                0x00000302       0x39 Drivers\STM32L4xx_HAL_Driver\Src\stm32l4xx_hal_sai.o
 .ARM.attributes
                0x0000033b       0x39 Drivers\STM32L4xx_HAL_Driver\Src\stm32l4xx_hal_spi.o
 .ARM.attributes
                0x00000374       0x39 Drivers\STM32L4xx_HAL_Driver\Src\stm32l4xx_hal_uart.o
 .ARM.attributes
                0x000003ad       0x39 Drivers\STM32L4xx_HAL_Driver\Src\stm32l4xx_ll_usb.o
 .ARM.attributes
                0x000003e6       0x39 Middlewares\ST\STM32_USB_Host_Library\Class\CDC\Src\usbh_cdc.o
 .ARM.attributes
                0x0000041f       0x39 Middlewares\ST\STM32_USB_Host_Library\Core\Src\usbh_core.o
 .ARM.attributes
                0x00000458       0x39 Middlewares\ST\STM32_USB_Host_Library\Core\Src\usbh_ctlreq.o
 .ARM.attributes
                0x00000491       0x39 Middlewares\ST\STM32_USB_Host_Library\Core\Src\usbh_ioreq.o
 .ARM.attributes
                0x000004ca       0x39 Middlewares\ST\STM32_USB_Host_Library\Core\Src\usbh_pipes.o
 .ARM.attributes
                0x00000503       0x39 Src\gpio.o
 .ARM.attributes
                0x0000053c       0x39 Src\i2c.o
 .ARM.attributes
                0x00000575       0x39 Src\lcd.o
 .ARM.attributes
                0x000005ae       0x39 Src\main.o
 .ARM.attributes
                0x000005e7       0x39 Src\quadspi.o
 .ARM.attributes
                0x00000620       0x39 Src\sai.o
 .ARM.attributes
                0x00000659       0x39 Src\spi.o
 .ARM.attributes
                0x00000692       0x39 Src\stm32l4xx_hal_msp.o
 .ARM.attributes
                0x000006cb       0x39 Src\stm32l4xx_it.o
 .ARM.attributes
                0x00000704       0x39 Src\syscalls.o
 .ARM.attributes
                0x0000073d       0x39 Src\system_stm32l4xx.o
 .ARM.attributes
                0x00000776       0x39 Src\usart.o
 .ARM.attributes
                0x000007af       0x39 Src\usb_host.o
 .ARM.attributes
                0x000007e8       0x39 Src\usbh_conf.o
 .ARM.attributes
                0x00000821       0x39 Src\usbh_platform.o
 .ARM.attributes
                0x0000085a       0x21 startup\startup_stm32l476xx.o
 .ARM.attributes
                0x0000087b       0x34 c:/program files (x86)/atollic/truestudio for stm32 9.3.0/armtools/bin/../lib/gcc/arm-atollic-eabi/6.3.1/../../../../arm-atollic-eabi/lib/armv7e-m/fpu\libc_nano.a(lib_a-errno.o)
 .ARM.attributes
                0x000008af       0x34 c:/program files (x86)/atollic/truestudio for stm32 9.3.0/armtools/bin/../lib/gcc/arm-atollic-eabi/6.3.1/../../../../arm-atollic-eabi/lib/armv7e-m/fpu\libc_nano.a(lib_a-impure.o)
 .ARM.attributes
                0x000008e3       0x34 c:/program files (x86)/atollic/truestudio for stm32 9.3.0/armtools/bin/../lib/gcc/arm-atollic-eabi/6.3.1/../../../../arm-atollic-eabi/lib/armv7e-m/fpu\libc_nano.a(lib_a-init.o)
 .ARM.attributes
                0x00000917       0x34 c:/program files (x86)/atollic/truestudio for stm32 9.3.0/armtools/bin/../lib/gcc/arm-atollic-eabi/6.3.1/../../../../arm-atollic-eabi/lib/armv7e-m/fpu\libc_nano.a(lib_a-malloc.o)
 .ARM.attributes
                0x0000094b       0x34 c:/program files (x86)/atollic/truestudio for stm32 9.3.0/armtools/bin/../lib/gcc/arm-atollic-eabi/6.3.1/../../../../arm-atollic-eabi/lib/armv7e-m/fpu\libc_nano.a(lib_a-memset.o)
 .ARM.attributes
                0x0000097f       0x34 c:/program files (x86)/atollic/truestudio for stm32 9.3.0/armtools/bin/../lib/gcc/arm-atollic-eabi/6.3.1/../../../../arm-atollic-eabi/lib/armv7e-m/fpu\libc_nano.a(lib_a-nano-freer.o)
 .ARM.attributes
                0x000009b3       0x34 c:/program files (x86)/atollic/truestudio for stm32 9.3.0/armtools/bin/../lib/gcc/arm-atollic-eabi/6.3.1/../../../../arm-atollic-eabi/lib/armv7e-m/fpu\libc_nano.a(lib_a-nano-mallocr.o)
 .ARM.attributes
                0x000009e7       0x34 c:/program files (x86)/atollic/truestudio for stm32 9.3.0/armtools/bin/../lib/gcc/arm-atollic-eabi/6.3.1/../../../../arm-atollic-eabi/lib/armv7e-m/fpu\libc_nano.a(lib_a-sbrkr.o)
 .ARM.attributes
                0x00000a1b       0x34 c:/program files (x86)/atollic/truestudio for stm32 9.3.0/armtools/bin/../lib/gcc/arm-atollic-eabi/6.3.1/../../../../arm-atollic-eabi/lib/armv7e-m/fpu\libc_nano.a(lib_a-mlock.o)
 .ARM.attributes
                0x00000a4f       0x34 c:/program files (x86)/atollic/truestudio for stm32 9.3.0/armtools/bin/../lib/gcc/arm-atollic-eabi/6.3.1/../../../../arm-atollic-eabi/lib/armv7e-m/fpu\libc_nano.a(lib_a-reent.o)
 .ARM.attributes
                0x00000a83       0x22 c:/program files (x86)/atollic/truestudio for stm32 9.3.0/armtools/bin/../lib/gcc/arm-atollic-eabi/6.3.1/armv7e-m/fpu\libgcc.a(_aeabi_uldivmod.o)
 .ARM.attributes
                0x00000aa5       0x34 c:/program files (x86)/atollic/truestudio for stm32 9.3.0/armtools/bin/../lib/gcc/arm-atollic-eabi/6.3.1/armv7e-m/fpu\libgcc.a(_udivmoddi4.o)
 .ARM.attributes
                0x00000ad9       0x22 c:/program files (x86)/atollic/truestudio for stm32 9.3.0/armtools/bin/../lib/gcc/arm-atollic-eabi/6.3.1/armv7e-m/fpu\libgcc.a(_dvmd_tls.o)
 .ARM.attributes
                0x00000afb       0x22 c:/program files (x86)/atollic/truestudio for stm32 9.3.0/armtools/bin/../lib/gcc/arm-atollic-eabi/6.3.1/armv7e-m/fpu/crtn.o
OUTPUT(acc.elf elf32-littlearm)

.debug_info     0x00000000    0x214ad
 .debug_info    0x00000000      0xb41 Drivers\STM32L4xx_HAL_Driver\Src\stm32l4xx_hal.o
 .debug_info    0x00000b41      0xe09 Drivers\STM32L4xx_HAL_Driver\Src\stm32l4xx_hal_cortex.o
 .debug_info    0x0000194a      0x854 Drivers\STM32L4xx_HAL_Driver\Src\stm32l4xx_hal_gpio.o
 .debug_info    0x0000219e      0xe80 Drivers\STM32L4xx_HAL_Driver\Src\stm32l4xx_hal_hcd.o
 .debug_info    0x0000301e     0x1f22 Drivers\STM32L4xx_HAL_Driver\Src\stm32l4xx_hal_i2c.o
 .debug_info    0x00004f40      0xa35 Drivers\STM32L4xx_HAL_Driver\Src\stm32l4xx_hal_i2c_ex.o
 .debug_info    0x00005975      0x59c Drivers\STM32L4xx_HAL_Driver\Src\stm32l4xx_hal_lcd.o
 .debug_info    0x00005f11      0x9a2 Drivers\STM32L4xx_HAL_Driver\Src\stm32l4xx_hal_pwr.o
 .debug_info    0x000068b3      0xa9d Drivers\STM32L4xx_HAL_Driver\Src\stm32l4xx_hal_pwr_ex.o
 .debug_info    0x00007350     0x1192 Drivers\STM32L4xx_HAL_Driver\Src\stm32l4xx_hal_qspi.o
 .debug_info    0x000084e2      0xbd0 Drivers\STM32L4xx_HAL_Driver\Src\stm32l4xx_hal_rcc.o
 .debug_info    0x000090b2      0xde2 Drivers\STM32L4xx_HAL_Driver\Src\stm32l4xx_hal_rcc_ex.o
 .debug_info    0x00009e94     0x11a3 Drivers\STM32L4xx_HAL_Driver\Src\stm32l4xx_hal_sai.o
 .debug_info    0x0000b037     0x15f6 Drivers\STM32L4xx_HAL_Driver\Src\stm32l4xx_hal_spi.o
 .debug_info    0x0000c62d     0x1623 Drivers\STM32L4xx_HAL_Driver\Src\stm32l4xx_hal_uart.o
 .debug_info    0x0000dc50     0x1823 Drivers\STM32L4xx_HAL_Driver\Src\stm32l4xx_ll_usb.o
 .debug_info    0x0000f473     0x1a65 Middlewares\ST\STM32_USB_Host_Library\Class\CDC\Src\usbh_cdc.o
 .debug_info    0x00010ed8     0x1637 Middlewares\ST\STM32_USB_Host_Library\Core\Src\usbh_core.o
 .debug_info    0x0001250f     0x1706 Middlewares\ST\STM32_USB_Host_Library\Core\Src\usbh_ctlreq.o
 .debug_info    0x00013c15     0x1473 Middlewares\ST\STM32_USB_Host_Library\Core\Src\usbh_ioreq.o
 .debug_info    0x00015088     0x12b6 Middlewares\ST\STM32_USB_Host_Library\Core\Src\usbh_pipes.o
 .debug_info    0x0001633e      0x553 Src\gpio.o
 .debug_info    0x00016891      0xa89 Src\i2c.o
 .debug_info    0x0001731a      0x778 Src\lcd.o
 .debug_info    0x00017a92     0x1a2b Src\main.o
 .debug_info    0x000194bd      0x99d Src\quadspi.o
 .debug_info    0x00019e5a      0xaa8 Src\sai.o
 .debug_info    0x0001a902      0x9da Src\spi.o
 .debug_info    0x0001b2dc      0x39c Src\stm32l4xx_hal_msp.o
 .debug_info    0x0001b678      0x70b Src\stm32l4xx_it.o
 .debug_info    0x0001bd83      0xf16 Src\syscalls.o
 .debug_info    0x0001cc99      0x5c9 Src\system_stm32l4xx.o
 .debug_info    0x0001d262      0xab5 Src\usart.o
 .debug_info    0x0001dd17     0x1209 Src\usb_host.o
 .debug_info    0x0001ef20     0x22c5 Src\usbh_conf.o
 .debug_info    0x000211e5      0x275 Src\usbh_platform.o
 .debug_info    0x0002145a       0x53 startup\startup_stm32l476xx.o

.debug_abbrev   0x00000000     0x47eb
 .debug_abbrev  0x00000000      0x1da Drivers\STM32L4xx_HAL_Driver\Src\stm32l4xx_hal.o
 .debug_abbrev  0x000001da      0x2be Drivers\STM32L4xx_HAL_Driver\Src\stm32l4xx_hal_cortex.o
 .debug_abbrev  0x00000498      0x1bb Drivers\STM32L4xx_HAL_Driver\Src\stm32l4xx_hal_gpio.o
 .debug_abbrev  0x00000653      0x252 Drivers\STM32L4xx_HAL_Driver\Src\stm32l4xx_hal_hcd.o
 .debug_abbrev  0x000008a5      0x225 Drivers\STM32L4xx_HAL_Driver\Src\stm32l4xx_hal_i2c.o
 .debug_abbrev  0x00000aca      0x1b4 Drivers\STM32L4xx_HAL_Driver\Src\stm32l4xx_hal_i2c_ex.o
 .debug_abbrev  0x00000c7e      0x19f Drivers\STM32L4xx_HAL_Driver\Src\stm32l4xx_hal_lcd.o
 .debug_abbrev  0x00000e1d      0x1a4 Drivers\STM32L4xx_HAL_Driver\Src\stm32l4xx_hal_pwr.o
 .debug_abbrev  0x00000fc1      0x1e4 Drivers\STM32L4xx_HAL_Driver\Src\stm32l4xx_hal_pwr_ex.o
 .debug_abbrev  0x000011a5      0x21a Drivers\STM32L4xx_HAL_Driver\Src\stm32l4xx_hal_qspi.o
 .debug_abbrev  0x000013bf      0x240 Drivers\STM32L4xx_HAL_Driver\Src\stm32l4xx_hal_rcc.o
 .debug_abbrev  0x000015ff      0x233 Drivers\STM32L4xx_HAL_Driver\Src\stm32l4xx_hal_rcc_ex.o
 .debug_abbrev  0x00001832      0x228 Drivers\STM32L4xx_HAL_Driver\Src\stm32l4xx_hal_sai.o
 .debug_abbrev  0x00001a5a      0x223 Drivers\STM32L4xx_HAL_Driver\Src\stm32l4xx_hal_spi.o
 .debug_abbrev  0x00001c7d      0x200 Drivers\STM32L4xx_HAL_Driver\Src\stm32l4xx_hal_uart.o
 .debug_abbrev  0x00001e7d      0x256 Drivers\STM32L4xx_HAL_Driver\Src\stm32l4xx_ll_usb.o
 .debug_abbrev  0x000020d3      0x301 Middlewares\ST\STM32_USB_Host_Library\Class\CDC\Src\usbh_cdc.o
 .debug_abbrev  0x000023d4      0x34c Middlewares\ST\STM32_USB_Host_Library\Core\Src\usbh_core.o
 .debug_abbrev  0x00002720      0x305 Middlewares\ST\STM32_USB_Host_Library\Core\Src\usbh_ctlreq.o
 .debug_abbrev  0x00002a25      0x263 Middlewares\ST\STM32_USB_Host_Library\Core\Src\usbh_ioreq.o
 .debug_abbrev  0x00002c88      0x29b Middlewares\ST\STM32_USB_Host_Library\Core\Src\usbh_pipes.o
 .debug_abbrev  0x00002f23      0x12f Src\gpio.o
 .debug_abbrev  0x00003052      0x19f Src\i2c.o
 .debug_abbrev  0x000031f1      0x16e Src\lcd.o
 .debug_abbrev  0x0000335f      0x1a1 Src\main.o
 .debug_abbrev  0x00003500      0x194 Src\quadspi.o
 .debug_abbrev  0x00003694      0x19b Src\sai.o
 .debug_abbrev  0x0000382f      0x194 Src\spi.o
 .debug_abbrev  0x000039c3       0xec Src\stm32l4xx_hal_msp.o
 .debug_abbrev  0x00003aaf      0x161 Src\stm32l4xx_it.o
 .debug_abbrev  0x00003c10      0x271 Src\syscalls.o
 .debug_abbrev  0x00003e81      0x12f Src\system_stm32l4xx.o
 .debug_abbrev  0x00003fb0      0x194 Src\usart.o
 .debug_abbrev  0x00004144      0x261 Src\usb_host.o
 .debug_abbrev  0x000043a5      0x335 Src\usbh_conf.o
 .debug_abbrev  0x000046da       0xff Src\usbh_platform.o
 .debug_abbrev  0x000047d9       0x12 startup\startup_stm32l476xx.o

.debug_aranges  0x00000000     0x18e0
 .debug_aranges
                0x00000000      0x118 Drivers\STM32L4xx_HAL_Driver\Src\stm32l4xx_hal.o
 .debug_aranges
                0x00000118      0x118 Drivers\STM32L4xx_HAL_Driver\Src\stm32l4xx_hal_cortex.o
 .debug_aranges
                0x00000230       0x58 Drivers\STM32L4xx_HAL_Driver\Src\stm32l4xx_hal_gpio.o
 .debug_aranges
                0x00000288       0xf0 Drivers\STM32L4xx_HAL_Driver\Src\stm32l4xx_hal_hcd.o
 .debug_aranges
                0x00000378      0x288 Drivers\STM32L4xx_HAL_Driver\Src\stm32l4xx_hal_i2c.o
 .debug_aranges
                0x00000600       0x48 Drivers\STM32L4xx_HAL_Driver\Src\stm32l4xx_hal_i2c_ex.o
 .debug_aranges
                0x00000648       0x68 Drivers\STM32L4xx_HAL_Driver\Src\stm32l4xx_hal_lcd.o
 .debug_aranges
                0x000006b0       0x98 Drivers\STM32L4xx_HAL_Driver\Src\stm32l4xx_hal_pwr.o
 .debug_aranges
                0x00000748      0x148 Drivers\STM32L4xx_HAL_Driver\Src\stm32l4xx_hal_pwr_ex.o
 .debug_aranges
                0x00000890      0x160 Drivers\STM32L4xx_HAL_Driver\Src\stm32l4xx_hal_qspi.o
 .debug_aranges
                0x000009f0       0x88 Drivers\STM32L4xx_HAL_Driver\Src\stm32l4xx_hal_rcc.o
 .debug_aranges
                0x00000a78       0xc0 Drivers\STM32L4xx_HAL_Driver\Src\stm32l4xx_hal_rcc_ex.o
 .debug_aranges
                0x00000b38      0x178 Drivers\STM32L4xx_HAL_Driver\Src\stm32l4xx_hal_sai.o
 .debug_aranges
                0x00000cb0      0x1d8 Drivers\STM32L4xx_HAL_Driver\Src\stm32l4xx_hal_spi.o
 .debug_aranges
                0x00000e88      0x1f8 Drivers\STM32L4xx_HAL_Driver\Src\stm32l4xx_hal_uart.o
 .debug_aranges
                0x00001080      0x190 Drivers\STM32L4xx_HAL_Driver\Src\stm32l4xx_ll_usb.o
 .debug_aranges
                0x00001210       0xa8 Middlewares\ST\STM32_USB_Host_Library\Class\CDC\Src\usbh_cdc.o
 .debug_aranges
                0x000012b8       0xc0 Middlewares\ST\STM32_USB_Host_Library\Core\Src\usbh_core.o
 .debug_aranges
                0x00001378       0xa0 Middlewares\ST\STM32_USB_Host_Library\Core\Src\usbh_ctlreq.o
 .debug_aranges
                0x00001418       0x60 Middlewares\ST\STM32_USB_Host_Library\Core\Src\usbh_ioreq.o
 .debug_aranges
                0x00001478       0x40 Middlewares\ST\STM32_USB_Host_Library\Core\Src\usbh_pipes.o
 .debug_aranges
                0x000014b8       0x20 Src\gpio.o
 .debug_aranges
                0x000014d8       0x38 Src\i2c.o
 .debug_aranges
                0x00001510       0x30 Src\lcd.o
 .debug_aranges
                0x00001540       0x30 Src\main.o
 .debug_aranges
                0x00001570       0x30 Src\quadspi.o
 .debug_aranges
                0x000015a0       0x30 Src\sai.o
 .debug_aranges
                0x000015d0       0x30 Src\spi.o
 .debug_aranges
                0x00001600       0x20 Src\stm32l4xx_hal_msp.o
 .debug_aranges
                0x00001620       0x68 Src\stm32l4xx_it.o
 .debug_aranges
                0x00001688       0xb0 Src\syscalls.o
 .debug_aranges
                0x00001738       0x28 Src\system_stm32l4xx.o
 .debug_aranges
                0x00001760       0x30 Src\usart.o
 .debug_aranges
                0x00001790       0x30 Src\usb_host.o
 .debug_aranges
                0x000017c0       0xd8 Src\usbh_conf.o
 .debug_aranges
                0x00001898       0x20 Src\usbh_platform.o
 .debug_aranges
                0x000018b8       0x28 startup\startup_stm32l476xx.o

.debug_ranges   0x00000000     0x16b0
 .debug_ranges  0x00000000      0x108 Drivers\STM32L4xx_HAL_Driver\Src\stm32l4xx_hal.o
 .debug_ranges  0x00000108      0x108 Drivers\STM32L4xx_HAL_Driver\Src\stm32l4xx_hal_cortex.o
 .debug_ranges  0x00000210       0x48 Drivers\STM32L4xx_HAL_Driver\Src\stm32l4xx_hal_gpio.o
 .debug_ranges  0x00000258       0xe0 Drivers\STM32L4xx_HAL_Driver\Src\stm32l4xx_hal_hcd.o
 .debug_ranges  0x00000338      0x278 Drivers\STM32L4xx_HAL_Driver\Src\stm32l4xx_hal_i2c.o
 .debug_ranges  0x000005b0       0x38 Drivers\STM32L4xx_HAL_Driver\Src\stm32l4xx_hal_i2c_ex.o
 .debug_ranges  0x000005e8       0x58 Drivers\STM32L4xx_HAL_Driver\Src\stm32l4xx_hal_lcd.o
 .debug_ranges  0x00000640       0x88 Drivers\STM32L4xx_HAL_Driver\Src\stm32l4xx_hal_pwr.o
 .debug_ranges  0x000006c8      0x138 Drivers\STM32L4xx_HAL_Driver\Src\stm32l4xx_hal_pwr_ex.o
 .debug_ranges  0x00000800      0x150 Drivers\STM32L4xx_HAL_Driver\Src\stm32l4xx_hal_qspi.o
 .debug_ranges  0x00000950       0x78 Drivers\STM32L4xx_HAL_Driver\Src\stm32l4xx_hal_rcc.o
 .debug_ranges  0x000009c8       0xb0 Drivers\STM32L4xx_HAL_Driver\Src\stm32l4xx_hal_rcc_ex.o
 .debug_ranges  0x00000a78      0x180 Drivers\STM32L4xx_HAL_Driver\Src\stm32l4xx_hal_sai.o
 .debug_ranges  0x00000bf8      0x1c8 Drivers\STM32L4xx_HAL_Driver\Src\stm32l4xx_hal_spi.o
 .debug_ranges  0x00000dc0      0x1e8 Drivers\STM32L4xx_HAL_Driver\Src\stm32l4xx_hal_uart.o
 .debug_ranges  0x00000fa8      0x180 Drivers\STM32L4xx_HAL_Driver\Src\stm32l4xx_ll_usb.o
 .debug_ranges  0x00001128       0x98 Middlewares\ST\STM32_USB_Host_Library\Class\CDC\Src\usbh_cdc.o
 .debug_ranges  0x000011c0       0xb0 Middlewares\ST\STM32_USB_Host_Library\Core\Src\usbh_core.o
 .debug_ranges  0x00001270       0x90 Middlewares\ST\STM32_USB_Host_Library\Core\Src\usbh_ctlreq.o
 .debug_ranges  0x00001300       0x50 Middlewares\ST\STM32_USB_Host_Library\Core\Src\usbh_ioreq.o
 .debug_ranges  0x00001350       0x30 Middlewares\ST\STM32_USB_Host_Library\Core\Src\usbh_pipes.o
 .debug_ranges  0x00001380       0x10 Src\gpio.o
 .debug_ranges  0x00001390       0x28 Src\i2c.o
 .debug_ranges  0x000013b8       0x20 Src\lcd.o
 .debug_ranges  0x000013d8       0x20 Src\main.o
 .debug_ranges  0x000013f8       0x20 Src\quadspi.o
 .debug_ranges  0x00001418       0x20 Src\sai.o
 .debug_ranges  0x00001438       0x20 Src\spi.o
 .debug_ranges  0x00001458       0x10 Src\stm32l4xx_hal_msp.o
 .debug_ranges  0x00001468       0x58 Src\stm32l4xx_it.o
 .debug_ranges  0x000014c0       0xa0 Src\syscalls.o
 .debug_ranges  0x00001560       0x18 Src\system_stm32l4xx.o
 .debug_ranges  0x00001578       0x20 Src\usart.o
 .debug_ranges  0x00001598       0x20 Src\usb_host.o
 .debug_ranges  0x000015b8       0xc8 Src\usbh_conf.o
 .debug_ranges  0x00001680       0x10 Src\usbh_platform.o
 .debug_ranges  0x00001690       0x20 startup\startup_stm32l476xx.o

.debug_line     0x00000000     0xc3d4
 .debug_line    0x00000000      0x46a Drivers\STM32L4xx_HAL_Driver\Src\stm32l4xx_hal.o
 .debug_line    0x0000046a      0x53d Drivers\STM32L4xx_HAL_Driver\Src\stm32l4xx_hal_cortex.o
 .debug_line    0x000009a7      0x3de Drivers\STM32L4xx_HAL_Driver\Src\stm32l4xx_hal_gpio.o
 .debug_line    0x00000d85      0x6bf Drivers\STM32L4xx_HAL_Driver\Src\stm32l4xx_hal_hcd.o
 .debug_line    0x00001444     0x15b6 Drivers\STM32L4xx_HAL_Driver\Src\stm32l4xx_hal_i2c.o
 .debug_line    0x000029fa      0x37d Drivers\STM32L4xx_HAL_Driver\Src\stm32l4xx_hal_i2c_ex.o
 .debug_line    0x00002d77      0x3ad Drivers\STM32L4xx_HAL_Driver\Src\stm32l4xx_hal_lcd.o
 .debug_line    0x00003124      0x392 Drivers\STM32L4xx_HAL_Driver\Src\stm32l4xx_hal_pwr.o
 .debug_line    0x000034b6      0x601 Drivers\STM32L4xx_HAL_Driver\Src\stm32l4xx_hal_pwr_ex.o
 .debug_line    0x00003ab7      0x8cc Drivers\STM32L4xx_HAL_Driver\Src\stm32l4xx_hal_qspi.o
 .debug_line    0x00004383      0x536 Drivers\STM32L4xx_HAL_Driver\Src\stm32l4xx_hal_rcc.o
 .debug_line    0x000048b9      0x801 Drivers\STM32L4xx_HAL_Driver\Src\stm32l4xx_hal_rcc_ex.o
 .debug_line    0x000050ba      0xa83 Drivers\STM32L4xx_HAL_Driver\Src\stm32l4xx_hal_sai.o
 .debug_line    0x00005b3d      0xcbb Drivers\STM32L4xx_HAL_Driver\Src\stm32l4xx_hal_spi.o
 .debug_line    0x000067f8      0xd6c Drivers\STM32L4xx_HAL_Driver\Src\stm32l4xx_hal_uart.o
 .debug_line    0x00007564      0x8b3 Drivers\STM32L4xx_HAL_Driver\Src\stm32l4xx_ll_usb.o
 .debug_line    0x00007e17      0x5c2 Middlewares\ST\STM32_USB_Host_Library\Class\CDC\Src\usbh_cdc.o
 .debug_line    0x000083d9      0x675 Middlewares\ST\STM32_USB_Host_Library\Core\Src\usbh_core.o
 .debug_line    0x00008a4e      0x5e7 Middlewares\ST\STM32_USB_Host_Library\Core\Src\usbh_ctlreq.o
 .debug_line    0x00009035      0x3ee Middlewares\ST\STM32_USB_Host_Library\Core\Src\usbh_ioreq.o
 .debug_line    0x00009423      0x3a6 Middlewares\ST\STM32_USB_Host_Library\Core\Src\usbh_pipes.o
 .debug_line    0x000097c9      0x239 Src\gpio.o
 .debug_line    0x00009a02      0x2b4 Src\i2c.o
 .debug_line    0x00009cb6      0x283 Src\lcd.o
 .debug_line    0x00009f39      0x3fd Src\main.o
 .debug_line    0x0000a336      0x285 Src\quadspi.o
 .debug_line    0x0000a5bb      0x2b1 Src\sai.o
 .debug_line    0x0000a86c      0x27f Src\spi.o
 .debug_line    0x0000aaeb      0x1e5 Src\stm32l4xx_hal_msp.o
 .debug_line    0x0000acd0      0x2cd Src\stm32l4xx_it.o
 .debug_line    0x0000af9d      0x3d8 Src\syscalls.o
 .debug_line    0x0000b375      0x229 Src\system_stm32l4xx.o
 .debug_line    0x0000b59e      0x280 Src\usart.o
 .debug_line    0x0000b81e      0x3a5 Src\usb_host.o
 .debug_line    0x0000bbc3      0x597 Src\usbh_conf.o
 .debug_line    0x0000c15a      0x1fb Src\usbh_platform.o
 .debug_line    0x0000c355       0x7f startup\startup_stm32l476xx.o

.debug_str      0x00000000     0x7951
 .debug_str     0x00000000      0xc23 Drivers\STM32L4xx_HAL_Driver\Src\stm32l4xx_hal.o
                                0xcaa (size before relaxing)
 .debug_str     0x00000c23      0x408 Drivers\STM32L4xx_HAL_Driver\Src\stm32l4xx_hal_cortex.o
                                0xc53 (size before relaxing)
 .debug_str     0x0000102b      0x1d4 Drivers\STM32L4xx_HAL_Driver\Src\stm32l4xx_hal_gpio.o
                                0x5a8 (size before relaxing)
 .debug_str     0x000011ff      0x7a3 Drivers\STM32L4xx_HAL_Driver\Src\stm32l4xx_hal_hcd.o
                                0xa6d (size before relaxing)
 .debug_str     0x000019a2      0xc77 Drivers\STM32L4xx_HAL_Driver\Src\stm32l4xx_hal_i2c.o
                                0xfab (size before relaxing)
 .debug_str     0x00002619       0xf3 Drivers\STM32L4xx_HAL_Driver\Src\stm32l4xx_hal_i2c_ex.o
                                0x950 (size before relaxing)
 .debug_str     0x0000270c      0x22b Drivers\STM32L4xx_HAL_Driver\Src\stm32l4xx_hal_lcd.o
                                0x4c9 (size before relaxing)
 .debug_str     0x00002937      0x27f Drivers\STM32L4xx_HAL_Driver\Src\stm32l4xx_hal_pwr.o
                                0x6a3 (size before relaxing)
 .debug_str     0x00002bb6      0x49a Drivers\STM32L4xx_HAL_Driver\Src\stm32l4xx_hal_pwr_ex.o
                                0x82b (size before relaxing)
 .debug_str     0x00003050      0x6af Drivers\STM32L4xx_HAL_Driver\Src\stm32l4xx_hal_qspi.o
                                0xb68 (size before relaxing)
 .debug_str     0x000036ff      0x346 Drivers\STM32L4xx_HAL_Driver\Src\stm32l4xx_hal_rcc.o
                                0x844 (size before relaxing)
 .debug_str     0x00003a45      0x562 Drivers\STM32L4xx_HAL_Driver\Src\stm32l4xx_hal_rcc_ex.o
                                0xa86 (size before relaxing)
 .debug_str     0x00003fa7      0x616 Drivers\STM32L4xx_HAL_Driver\Src\stm32l4xx_hal_sai.o
                                0xb01 (size before relaxing)
 .debug_str     0x000045bd      0x688 Drivers\STM32L4xx_HAL_Driver\Src\stm32l4xx_hal_spi.o
                                0xbc0 (size before relaxing)
 .debug_str     0x00004c45      0x8b2 Drivers\STM32L4xx_HAL_Driver\Src\stm32l4xx_hal_uart.o
                                0xefb (size before relaxing)
 .debug_str     0x000054f7      0x5e7 Drivers\STM32L4xx_HAL_Driver\Src\stm32l4xx_ll_usb.o
                                0xc94 (size before relaxing)
 .debug_str     0x00005ade     0x1168 Middlewares\ST\STM32_USB_Host_Library\Class\CDC\Src\usbh_cdc.o
                               0x14b1 (size before relaxing)
 .debug_str     0x00006c46      0x209 Middlewares\ST\STM32_USB_Host_Library\Core\Src\usbh_core.o
                               0x103c (size before relaxing)
 .debug_str     0x00006e4f      0x222 Middlewares\ST\STM32_USB_Host_Library\Core\Src\usbh_ctlreq.o
                               0x10b8 (size before relaxing)
 .debug_str     0x00007071       0xfe Middlewares\ST\STM32_USB_Host_Library\Core\Src\usbh_ioreq.o
                                0xf33 (size before relaxing)
 .debug_str     0x0000716f       0x97 Middlewares\ST\STM32_USB_Host_Library\Core\Src\usbh_pipes.o
                                0xeb8 (size before relaxing)
 .debug_str     0x00007206       0x1b Src\gpio.o
                                0x401 (size before relaxing)
 .debug_str     0x00007221       0x3d Src\i2c.o
                                0x8d6 (size before relaxing)
 .debug_str     0x0000725e       0x23 Src\lcd.o
                                0x5b0 (size before relaxing)
 .debug_str     0x00007281       0x95 Src\main.o
                               0x1611 (size before relaxing)
 .debug_str     0x00007316       0x2c Src\quadspi.o
                                0x81c (size before relaxing)
 .debug_str     0x00007342       0x26 Src\sai.o
                                0x8b1 (size before relaxing)
 .debug_str     0x00007368       0x1a Src\spi.o
                                0x7ff (size before relaxing)
 .debug_str     0x00007382       0x1b Src\stm32l4xx_hal_msp.o
                                0x36b (size before relaxing)
 .debug_str     0x0000739d       0xc8 Src\stm32l4xx_it.o
                                0x721 (size before relaxing)
 .debug_str     0x00007465      0x22a Src\syscalls.o
                                0x833 (size before relaxing)
 .debug_str     0x0000768f       0x3b Src\system_stm32l4xx.o
                                0x3f6 (size before relaxing)
 .debug_str     0x000076ca       0x2e Src\usart.o
                                0x8b1 (size before relaxing)
 .debug_str     0x000076f8       0xbe Src\usb_host.o
                                0xec6 (size before relaxing)
 .debug_str     0x000077b6      0x174 Src\usbh_conf.o
                               0x1c5b (size before relaxing)
 .debug_str     0x0000792a       0x27 Src\usbh_platform.o
                                0x29b (size before relaxing)

.comment        0x00000000       0x7c
 .comment       0x00000000       0x7c Drivers\STM32L4xx_HAL_Driver\Src\stm32l4xx_hal.o
                                 0x7d (size before relaxing)
 .comment       0x0000007c       0x7d Drivers\STM32L4xx_HAL_Driver\Src\stm32l4xx_hal_cortex.o
 .comment       0x0000007c       0x7d Drivers\STM32L4xx_HAL_Driver\Src\stm32l4xx_hal_gpio.o
 .comment       0x0000007c       0x7d Drivers\STM32L4xx_HAL_Driver\Src\stm32l4xx_hal_hcd.o
 .comment       0x0000007c       0x7d Drivers\STM32L4xx_HAL_Driver\Src\stm32l4xx_hal_i2c.o
 .comment       0x0000007c       0x7d Drivers\STM32L4xx_HAL_Driver\Src\stm32l4xx_hal_i2c_ex.o
 .comment       0x0000007c       0x7d Drivers\STM32L4xx_HAL_Driver\Src\stm32l4xx_hal_lcd.o
 .comment       0x0000007c       0x7d Drivers\STM32L4xx_HAL_Driver\Src\stm32l4xx_hal_pwr.o
 .comment       0x0000007c       0x7d Drivers\STM32L4xx_HAL_Driver\Src\stm32l4xx_hal_pwr_ex.o
 .comment       0x0000007c       0x7d Drivers\STM32L4xx_HAL_Driver\Src\stm32l4xx_hal_qspi.o
 .comment       0x0000007c       0x7d Drivers\STM32L4xx_HAL_Driver\Src\stm32l4xx_hal_rcc.o
 .comment       0x0000007c       0x7d Drivers\STM32L4xx_HAL_Driver\Src\stm32l4xx_hal_rcc_ex.o
 .comment       0x0000007c       0x7d Drivers\STM32L4xx_HAL_Driver\Src\stm32l4xx_hal_sai.o
 .comment       0x0000007c       0x7d Drivers\STM32L4xx_HAL_Driver\Src\stm32l4xx_hal_spi.o
 .comment       0x0000007c       0x7d Drivers\STM32L4xx_HAL_Driver\Src\stm32l4xx_hal_uart.o
 .comment       0x0000007c       0x7d Drivers\STM32L4xx_HAL_Driver\Src\stm32l4xx_ll_usb.o
 .comment       0x0000007c       0x7d Middlewares\ST\STM32_USB_Host_Library\Class\CDC\Src\usbh_cdc.o
 .comment       0x0000007c       0x7d Middlewares\ST\STM32_USB_Host_Library\Core\Src\usbh_core.o
 .comment       0x0000007c       0x7d Middlewares\ST\STM32_USB_Host_Library\Core\Src\usbh_ctlreq.o
 .comment       0x0000007c       0x7d Middlewares\ST\STM32_USB_Host_Library\Core\Src\usbh_ioreq.o
 .comment       0x0000007c       0x7d Middlewares\ST\STM32_USB_Host_Library\Core\Src\usbh_pipes.o
 .comment       0x0000007c       0x7d Src\gpio.o
 .comment       0x0000007c       0x7d Src\i2c.o
 .comment       0x0000007c       0x7d Src\lcd.o
 .comment       0x0000007c       0x7d Src\main.o
 .comment       0x0000007c       0x7d Src\quadspi.o
 .comment       0x0000007c       0x7d Src\sai.o
 .comment       0x0000007c       0x7d Src\spi.o
 .comment       0x0000007c       0x7d Src\stm32l4xx_hal_msp.o
 .comment       0x0000007c       0x7d Src\stm32l4xx_it.o
 .comment       0x0000007c       0x7d Src\syscalls.o
 .comment       0x0000007c       0x7d Src\system_stm32l4xx.o
 .comment       0x0000007c       0x7d Src\usart.o
 .comment       0x0000007c       0x7d Src\usb_host.o
 .comment       0x0000007c       0x7d Src\usbh_conf.o
 .comment       0x0000007c       0x7d Src\usbh_platform.o

.debug_frame    0x00000000     0x6774
 .debug_frame   0x00000000      0x434 Drivers\STM32L4xx_HAL_Driver\Src\stm32l4xx_hal.o
 .debug_frame   0x00000434      0x498 Drivers\STM32L4xx_HAL_Driver\Src\stm32l4xx_hal_cortex.o
 .debug_frame   0x000008cc      0x14c Drivers\STM32L4xx_HAL_Driver\Src\stm32l4xx_hal_gpio.o
 .debug_frame   0x00000a18      0x428 Drivers\STM32L4xx_HAL_Driver\Src\stm32l4xx_hal_hcd.o
 .debug_frame   0x00000e40      0xbbc Drivers\STM32L4xx_HAL_Driver\Src\stm32l4xx_hal_i2c.o
 .debug_frame   0x000019fc      0x100 Drivers\STM32L4xx_HAL_Driver\Src\stm32l4xx_hal_i2c_ex.o
 .debug_frame   0x00001afc      0x188 Drivers\STM32L4xx_HAL_Driver\Src\stm32l4xx_hal_lcd.o
 .debug_frame   0x00001c84      0x230 Drivers\STM32L4xx_HAL_Driver\Src\stm32l4xx_hal_pwr.o
 .debug_frame   0x00001eb4      0x524 Drivers\STM32L4xx_HAL_Driver\Src\stm32l4xx_hal_pwr_ex.o
 .debug_frame   0x000023d8      0x658 Drivers\STM32L4xx_HAL_Driver\Src\stm32l4xx_hal_qspi.o
 .debug_frame   0x00002a30      0x1f4 Drivers\STM32L4xx_HAL_Driver\Src\stm32l4xx_hal_rcc.o
 .debug_frame   0x00002c24      0x2fc Drivers\STM32L4xx_HAL_Driver\Src\stm32l4xx_hal_rcc_ex.o
 .debug_frame   0x00002f20      0x69c Drivers\STM32L4xx_HAL_Driver\Src\stm32l4xx_hal_sai.o
 .debug_frame   0x000035bc      0x864 Drivers\STM32L4xx_HAL_Driver\Src\stm32l4xx_hal_spi.o
 .debug_frame   0x00003e20      0x900 Drivers\STM32L4xx_HAL_Driver\Src\stm32l4xx_hal_uart.o
 .debug_frame   0x00004720      0x764 Drivers\STM32L4xx_HAL_Driver\Src\stm32l4xx_ll_usb.o
 .debug_frame   0x00004e84      0x2c0 Middlewares\ST\STM32_USB_Host_Library\Class\CDC\Src\usbh_cdc.o
 .debug_frame   0x00005144      0x334 Middlewares\ST\STM32_USB_Host_Library\Core\Src\usbh_core.o
 .debug_frame   0x00005478      0x28c Middlewares\ST\STM32_USB_Host_Library\Core\Src\usbh_ctlreq.o
 .debug_frame   0x00005704      0x154 Middlewares\ST\STM32_USB_Host_Library\Core\Src\usbh_ioreq.o
 .debug_frame   0x00005858       0xcc Middlewares\ST\STM32_USB_Host_Library\Core\Src\usbh_pipes.o
 .debug_frame   0x00005924       0x38 Src\gpio.o
 .debug_frame   0x0000595c       0x90 Src\i2c.o
 .debug_frame   0x000059ec       0x74 Src\lcd.o
 .debug_frame   0x00005a60       0x74 Src\main.o
 .debug_frame   0x00005ad4       0x74 Src\quadspi.o
 .debug_frame   0x00005b48       0x74 Src\sai.o
 .debug_frame   0x00005bbc       0x74 Src\spi.o
 .debug_frame   0x00005c30       0x38 Src\stm32l4xx_hal_msp.o
 .debug_frame   0x00005c68      0x128 Src\stm32l4xx_it.o
 .debug_frame   0x00005d90      0x2d4 Src\syscalls.o
 .debug_frame   0x00006064       0x58 Src\system_stm32l4xx.o
 .debug_frame   0x000060bc       0x74 Src\usart.o
 .debug_frame   0x00006130       0x70 Src\usb_host.o
 .debug_frame   0x000061a0      0x388 Src\usbh_conf.o
 .debug_frame   0x00006528       0x34 Src\usbh_platform.o
 .debug_frame   0x0000655c       0x20 c:/program files (x86)/atollic/truestudio for stm32 9.3.0/armtools/bin/../lib/gcc/arm-atollic-eabi/6.3.1/../../../../arm-atollic-eabi/lib/armv7e-m/fpu\libc_nano.a(lib_a-errno.o)
 .debug_frame   0x0000657c       0x2c c:/program files (x86)/atollic/truestudio for stm32 9.3.0/armtools/bin/../lib/gcc/arm-atollic-eabi/6.3.1/../../../../arm-atollic-eabi/lib/armv7e-m/fpu\libc_nano.a(lib_a-init.o)
 .debug_frame   0x000065a8       0x30 c:/program files (x86)/atollic/truestudio for stm32 9.3.0/armtools/bin/../lib/gcc/arm-atollic-eabi/6.3.1/../../../../arm-atollic-eabi/lib/armv7e-m/fpu\libc_nano.a(lib_a-malloc.o)
 .debug_frame   0x000065d8       0x20 c:/program files (x86)/atollic/truestudio for stm32 9.3.0/armtools/bin/../lib/gcc/arm-atollic-eabi/6.3.1/../../../../arm-atollic-eabi/lib/armv7e-m/fpu\libc_nano.a(lib_a-memset.o)
 .debug_frame   0x000065f8       0x38 c:/program files (x86)/atollic/truestudio for stm32 9.3.0/armtools/bin/../lib/gcc/arm-atollic-eabi/6.3.1/../../../../arm-atollic-eabi/lib/armv7e-m/fpu\libc_nano.a(lib_a-nano-freer.o)
 .debug_frame   0x00006630       0x2c c:/program files (x86)/atollic/truestudio for stm32 9.3.0/armtools/bin/../lib/gcc/arm-atollic-eabi/6.3.1/../../../../arm-atollic-eabi/lib/armv7e-m/fpu\libc_nano.a(lib_a-nano-mallocr.o)
 .debug_frame   0x0000665c       0x2c c:/program files (x86)/atollic/truestudio for stm32 9.3.0/armtools/bin/../lib/gcc/arm-atollic-eabi/6.3.1/../../../../arm-atollic-eabi/lib/armv7e-m/fpu\libc_nano.a(lib_a-sbrkr.o)
 .debug_frame   0x00006688       0x30 c:/program files (x86)/atollic/truestudio for stm32 9.3.0/armtools/bin/../lib/gcc/arm-atollic-eabi/6.3.1/../../../../arm-atollic-eabi/lib/armv7e-m/fpu\libc_nano.a(lib_a-mlock.o)
 .debug_frame   0x000066b8       0x5c c:/program files (x86)/atollic/truestudio for stm32 9.3.0/armtools/bin/../lib/gcc/arm-atollic-eabi/6.3.1/../../../../arm-atollic-eabi/lib/armv7e-m/fpu\libc_nano.a(lib_a-reent.o)
 .debug_frame   0x00006714       0x2c c:/program files (x86)/atollic/truestudio for stm32 9.3.0/armtools/bin/../lib/gcc/arm-atollic-eabi/6.3.1/armv7e-m/fpu\libgcc.a(_aeabi_uldivmod.o)
 .debug_frame   0x00006740       0x34 c:/program files (x86)/atollic/truestudio for stm32 9.3.0/armtools/bin/../lib/gcc/arm-atollic-eabi/6.3.1/armv7e-m/fpu\libgcc.a(_udivmoddi4.o)
