Archive member included to satisfy reference by file (symbol)

e:/program files (x86)/atolic/truestudio for stm32 9.3.0/armtools/bin/../lib/gcc/arm-atollic-eabi/6.3.1/../../../../arm-atollic-eabi/lib/armv7e-m/fpu\libc_nano.a(lib_a-errno.o)
                              Src\syscalls.o (__errno)
e:/program files (x86)/atolic/truestudio for stm32 9.3.0/armtools/bin/../lib/gcc/arm-atollic-eabi/6.3.1/../../../../arm-atollic-eabi/lib/armv7e-m/fpu\libc_nano.a(lib_a-impure.o)
                              e:/program files (x86)/atolic/truestudio for stm32 9.3.0/armtools/bin/../lib/gcc/arm-atollic-eabi/6.3.1/../../../../arm-atollic-eabi/lib/armv7e-m/fpu\libc_nano.a(lib_a-errno.o) (_impure_ptr)
e:/program files (x86)/atolic/truestudio for stm32 9.3.0/armtools/bin/../lib/gcc/arm-atollic-eabi/6.3.1/../../../../arm-atollic-eabi/lib/armv7e-m/fpu\libc_nano.a(lib_a-init.o)
                              startup\startup_stm32l476xx.o (__libc_init_array)
e:/program files (x86)/atolic/truestudio for stm32 9.3.0/armtools/bin/../lib/gcc/arm-atollic-eabi/6.3.1/../../../../arm-atollic-eabi/lib/armv7e-m/fpu\libc_nano.a(lib_a-itoa.o)
                              Src\main.o (itoa)
e:/program files (x86)/atolic/truestudio for stm32 9.3.0/armtools/bin/../lib/gcc/arm-atollic-eabi/6.3.1/../../../../arm-atollic-eabi/lib/armv7e-m/fpu\libc_nano.a(lib_a-malloc.o)
                              Middlewares\ST\STM32_USB_Host_Library\Class\CDC\Src\usbh_cdc.o (malloc)
e:/program files (x86)/atolic/truestudio for stm32 9.3.0/armtools/bin/../lib/gcc/arm-atollic-eabi/6.3.1/../../../../arm-atollic-eabi/lib/armv7e-m/fpu\libc_nano.a(lib_a-memset.o)
                              Src\main.o (memset)
e:/program files (x86)/atolic/truestudio for stm32 9.3.0/armtools/bin/../lib/gcc/arm-atollic-eabi/6.3.1/../../../../arm-atollic-eabi/lib/armv7e-m/fpu\libc_nano.a(lib_a-nano-freer.o)
                              e:/program files (x86)/atolic/truestudio for stm32 9.3.0/armtools/bin/../lib/gcc/arm-atollic-eabi/6.3.1/../../../../arm-atollic-eabi/lib/armv7e-m/fpu\libc_nano.a(lib_a-malloc.o) (_free_r)
e:/program files (x86)/atolic/truestudio for stm32 9.3.0/armtools/bin/../lib/gcc/arm-atollic-eabi/6.3.1/../../../../arm-atollic-eabi/lib/armv7e-m/fpu\libc_nano.a(lib_a-nano-mallocr.o)
                              e:/program files (x86)/atolic/truestudio for stm32 9.3.0/armtools/bin/../lib/gcc/arm-atollic-eabi/6.3.1/../../../../arm-atollic-eabi/lib/armv7e-m/fpu\libc_nano.a(lib_a-malloc.o) (_malloc_r)
e:/program files (x86)/atolic/truestudio for stm32 9.3.0/armtools/bin/../lib/gcc/arm-atollic-eabi/6.3.1/../../../../arm-atollic-eabi/lib/armv7e-m/fpu\libc_nano.a(lib_a-sbrkr.o)
                              e:/program files (x86)/atolic/truestudio for stm32 9.3.0/armtools/bin/../lib/gcc/arm-atollic-eabi/6.3.1/../../../../arm-atollic-eabi/lib/armv7e-m/fpu\libc_nano.a(lib_a-nano-mallocr.o) (_sbrk_r)
e:/program files (x86)/atolic/truestudio for stm32 9.3.0/armtools/bin/../lib/gcc/arm-atollic-eabi/6.3.1/../../../../arm-atollic-eabi/lib/armv7e-m/fpu\libc_nano.a(lib_a-strcpy.o)
                              Src\main.o (strcpy)
e:/program files (x86)/atolic/truestudio for stm32 9.3.0/armtools/bin/../lib/gcc/arm-atollic-eabi/6.3.1/../../../../arm-atollic-eabi/lib/armv7e-m/fpu\libc_nano.a(lib_a-utoa.o)
                              e:/program files (x86)/atolic/truestudio for stm32 9.3.0/armtools/bin/../lib/gcc/arm-atollic-eabi/6.3.1/../../../../arm-atollic-eabi/lib/armv7e-m/fpu\libc_nano.a(lib_a-itoa.o) (__utoa)
e:/program files (x86)/atolic/truestudio for stm32 9.3.0/armtools/bin/../lib/gcc/arm-atollic-eabi/6.3.1/../../../../arm-atollic-eabi/lib/armv7e-m/fpu\libc_nano.a(lib_a-mlock.o)
                              e:/program files (x86)/atolic/truestudio for stm32 9.3.0/armtools/bin/../lib/gcc/arm-atollic-eabi/6.3.1/../../../../arm-atollic-eabi/lib/armv7e-m/fpu\libc_nano.a(lib_a-nano-freer.o) (__malloc_lock)
e:/program files (x86)/atolic/truestudio for stm32 9.3.0/armtools/bin/../lib/gcc/arm-atollic-eabi/6.3.1/../../../../arm-atollic-eabi/lib/armv7e-m/fpu\libc_nano.a(lib_a-reent.o)
                              e:/program files (x86)/atolic/truestudio for stm32 9.3.0/armtools/bin/../lib/gcc/arm-atollic-eabi/6.3.1/../../../../arm-atollic-eabi/lib/armv7e-m/fpu\libc_nano.a(lib_a-sbrkr.o) (errno)
e:/program files (x86)/atolic/truestudio for stm32 9.3.0/armtools/bin/../lib/gcc/arm-atollic-eabi/6.3.1/armv7e-m/fpu\libgcc.a(_aeabi_uldivmod.o)
                              Drivers\STM32L4xx_HAL_Driver\Src\stm32l4xx_hal_uart.o (__aeabi_uldivmod)
e:/program files (x86)/atolic/truestudio for stm32 9.3.0/armtools/bin/../lib/gcc/arm-atollic-eabi/6.3.1/armv7e-m/fpu\libgcc.a(_udivmoddi4.o)
                              e:/program files (x86)/atolic/truestudio for stm32 9.3.0/armtools/bin/../lib/gcc/arm-atollic-eabi/6.3.1/armv7e-m/fpu\libgcc.a(_aeabi_uldivmod.o) (__udivmoddi4)
[...]
Memory Configuration

Name             Origin             Length             Attributes
RAM              0x20000000         0x00018000         xrw
RAM2             0x10000000         0x00008000         xrw
FLASH            0x08000000         0x00100000         xr
*default*        0x00000000         0xffffffff

Linker script and memory map

LOAD e:/program files (x86)/atolic/truestudio for stm32 9.3.0/armtools/bin/../lib/gcc/arm-atollic-eabi/6.3.1/armv7e-m/fpu/crti.o
LOAD e:/program files (x86)/atolic/truestudio for stm32 9.3.0/armtools/bin/../lib/gcc/arm-atollic-eabi/6.3.1/armv7e-m/fpu/crtbegin.o
LOAD Drivers\STM32L4xx_HAL_Driver\Src\stm32l4xx_hal.o
LOAD Drivers\STM32L4xx_HAL_Driver\Src\stm32l4xx_hal_cortex.o
LOAD Drivers\STM32L4xx_HAL_Driver\Src\stm32l4xx_hal_dma.o
LOAD Drivers\STM32L4xx_HAL_Driver\Src\stm32l4xx_hal_dma_ex.o
LOAD Drivers\STM32L4xx_HAL_Driver\Src\stm32l4xx_hal_exti.o
LOAD Drivers\STM32L4xx_HAL_Driver\Src\stm32l4xx_hal_flash.o
LOAD Drivers\STM32L4xx_HAL_Driver\Src\stm32l4xx_hal_flash_ex.o
LOAD Drivers\STM32L4xx_HAL_Driver\Src\stm32l4xx_hal_flash_ramfunc.o
LOAD Drivers\STM32L4xx_HAL_Driver\Src\stm32l4xx_hal_gpio.o
LOAD Drivers\STM32L4xx_HAL_Driver\Src\stm32l4xx_hal_hcd.o
LOAD Drivers\STM32L4xx_HAL_Driver\Src\stm32l4xx_hal_i2c.o
LOAD Drivers\STM32L4xx_HAL_Driver\Src\stm32l4xx_hal_i2c_ex.o
LOAD Drivers\STM32L4xx_HAL_Driver\Src\stm32l4xx_hal_lcd.o
LOAD Drivers\STM32L4xx_HAL_Driver\Src\stm32l4xx_hal_pwr.o
LOAD Drivers\STM32L4xx_HAL_Driver\Src\stm32l4xx_hal_pwr_ex.o
LOAD Drivers\STM32L4xx_HAL_Driver\Src\stm32l4xx_hal_qspi.o
LOAD Drivers\STM32L4xx_HAL_Driver\Src\stm32l4xx_hal_rcc.o
LOAD Drivers\STM32L4xx_HAL_Driver\Src\stm32l4xx_hal_rcc_ex.o
LOAD Drivers\STM32L4xx_HAL_Driver\Src\stm32l4xx_hal_rtc.o
LOAD Drivers\STM32L4xx_HAL_Driver\Src\stm32l4xx_hal_rtc_ex.o
LOAD Drivers\STM32L4xx_HAL_Driver\Src\stm32l4xx_hal_sai.o
LOAD Drivers\STM32L4xx_HAL_Driver\Src\stm32l4xx_hal_sai_ex.o
LOAD Drivers\STM32L4xx_HAL_Driver\Src\stm32l4xx_hal_spi.o
LOAD Drivers\STM32L4xx_HAL_Driver\Src\stm32l4xx_hal_spi_ex.o
LOAD Drivers\STM32L4xx_HAL_Driver\Src\stm32l4xx_hal_tim.o
LOAD Drivers\STM32L4xx_HAL_Driver\Src\stm32l4xx_hal_tim_ex.o
LOAD Drivers\STM32L4xx_HAL_Driver\Src\stm32l4xx_hal_uart.o
LOAD Drivers\STM32L4xx_HAL_Driver\Src\stm32l4xx_hal_uart_ex.o
LOAD Drivers\STM32L4xx_HAL_Driver\Src\stm32l4xx_ll_usb.o
LOAD Middlewares\ST\STM32_USB_Host_Library\Class\CDC\Src\usbh_cdc.o
LOAD Middlewares\ST\STM32_USB_Host_Library\Core\Src\usbh_core.o
LOAD Middlewares\ST\STM32_USB_Host_Library\Core\Src\usbh_ctlreq.o
LOAD Middlewares\ST\STM32_USB_Host_Library\Core\Src\usbh_ioreq.o
LOAD Middlewares\ST\STM32_USB_Host_Library\Core\Src\usbh_pipes.o
LOAD Src\akcelerometr.o
LOAD Src\gpio.o
LOAD Src\i2c.o
LOAD Src\lcd.o
LOAD Src\main.o
LOAD Src\menu.o
LOAD Src\myTime.o
LOAD Src\pamiec.o
LOAD Src\quadspi.o
LOAD Src\sai.o
LOAD Src\spi.o
LOAD Src\stm32l476g_discovery.o
LOAD Src\stm32l476g_discovery_glass_lcd.o
LOAD Src\stm32l476g_discovery_qspi.o
LOAD Src\stm32l4xx_hal_msp.o
LOAD Src\stm32l4xx_it.o
LOAD Src\syscalls.o
LOAD Src\system_stm32l4xx.o
LOAD Src\usart.o
LOAD Src\usb_host.o
LOAD Src\usbh_conf.o
LOAD Src\usbh_platform.o
LOAD startup\startup_stm32l476xx.o
                0x00000080                malloc_getpagesize_P = 0x80
START GROUP
LOAD e:/program files (x86)/atolic/truestudio for stm32 9.3.0/armtools/bin/../lib/gcc/arm-atollic-eabi/6.3.1/../../../../arm-atollic-eabi/lib/armv7e-m/fpu\libc_nano.a
LOAD e:/program files (x86)/atolic/truestudio for stm32 9.3.0/armtools/bin/../lib/gcc/arm-atollic-eabi/6.3.1/../../../../arm-atollic-eabi/lib/armv7e-m/fpu\libm.a
END GROUP
START GROUP
LOAD e:/program files (x86)/atolic/truestudio for stm32 9.3.0/armtools/bin/../lib/gcc/arm-atollic-eabi/6.3.1/armv7e-m/fpu\libgcc.a
LOAD e:/program files (x86)/atolic/truestudio for stm32 9.3.0/armtools/bin/../lib/gcc/arm-atollic-eabi/6.3.1/../../../../arm-atollic-eabi/lib/armv7e-m/fpu\libc_nano.a
END GROUP
START GROUP
LOAD e:/program files (x86)/atolic/truestudio for stm32 9.3.0/armtools/bin/../lib/gcc/arm-atollic-eabi/6.3.1/armv7e-m/fpu\libgcc.a
LOAD e:/program files (x86)/atolic/truestudio for stm32 9.3.0/armtools/bin/../lib/gcc/arm-atollic-eabi/6.3.1/../../../../arm-atollic-eabi/lib/armv7e-m/fpu\libc_nano.a
LOAD e:/program files (x86)/atolic/truestudio for stm32 9.3.0/armtools/bin/../lib/gcc/arm-atollic-eabi/6.3.1/../../../../arm-atollic-eabi/lib/armv7e-m/fpu\libnosys.a
END GROUP
START GROUP
LOAD e:/program files (x86)/atolic/truestudio for stm32 9.3.0/armtools/bin/../lib/gcc/arm-atollic-eabi/6.3.1/armv7e-m/fpu\libgcc.a
LOAD e:/program files (x86)/atolic/truestudio for stm32 9.3.0/armtools/bin/../lib/gcc/arm-atollic-eabi/6.3.1/../../../../arm-atollic-eabi/lib/armv7e-m/fpu\libc_nano.a
LOAD e:/program files (x86)/atolic/truestudio for stm32 9.3.0/armtools/bin/../lib/gcc/arm-atollic-eabi/6.3.1/../../../../arm-atollic-eabi/lib/armv7e-m/fpu\libnosys.a
END GROUP
LOAD e:/program files (x86)/atolic/truestudio for stm32 9.3.0/armtools/bin/../lib/gcc/arm-atollic-eabi/6.3.1/armv7e-m/fpu/crtend.o
LOAD e:/program files (x86)/atolic/truestudio for stm32 9.3.0/armtools/bin/../lib/gcc/arm-atollic-eabi/6.3.1/armv7e-m/fpu/crtn.o
                0x20018000                _estack = 0x20018000
                0x00000200                _Min_Heap_Size = 0x200
                0x00000400                _Min_Stack_Size = 0x400

.isr_vector     0x08000000      0x188
                0x08000000                . = ALIGN (0x4)
 *(.isr_vector)
 .isr_vector    0x08000000      0x188 startup\startup_stm32l476xx.o
                0x08000000                g_pfnVectors
                0x08000188                . = ALIGN (0x4)

.text           0x08000188     0xa544
                0x08000188                . = ALIGN (0x4)
 *(.text)
 .text          0x08000188       0x40 e:/program files (x86)/atolic/truestudio for stm32 9.3.0/armtools/bin/../lib/gcc/arm-atollic-eabi/6.3.1/armv7e-m/fpu/crtbegin.o
 .text          0x080001c8       0x30 e:/program files (x86)/atolic/truestudio for stm32 9.3.0/armtools/bin/../lib/gcc/arm-atollic-eabi/6.3.1/armv7e-m/fpu\libgcc.a(_aeabi_uldivmod.o)
                0x080001c8                __aeabi_uldivmod
 .text          0x080001f8      0x2dc e:/program files (x86)/atolic/truestudio for stm32 9.3.0/armtools/bin/../lib/gcc/arm-atollic-eabi/6.3.1/armv7e-m/fpu\libgcc.a(_udivmoddi4.o)
                0x080001f8                __udivmoddi4
 .text          0x080004d4        0x4 e:/program files (x86)/atolic/truestudio for stm32 9.3.0/armtools/bin/../lib/gcc/arm-atollic-eabi/6.3.1/armv7e-m/fpu\libgcc.a(_dvmd_tls.o)
                0x080004d4                __aeabi_idiv0
                0x080004d4                __aeabi_ldiv0
 *(.text*)
 .text.HAL_Init
                0x080004d8       0x40 Drivers\STM32L4xx_HAL_Driver\Src\stm32l4xx_hal.o
                0x080004d8                HAL_Init
 .text.HAL_InitTick
                0x08000518       0x48 Drivers\STM32L4xx_HAL_Driver\Src\stm32l4xx_hal.o
                0x08000518                HAL_InitTick
 .text.HAL_IncTick
                0x08000560       0x1c Drivers\STM32L4xx_HAL_Driver\Src\stm32l4xx_hal.o
                0x08000560                HAL_IncTick
 .text.HAL_GetTick
                0x0800057c       0x18 Drivers\STM32L4xx_HAL_Driver\Src\stm32l4xx_hal.o
                0x0800057c                HAL_GetTick
 .text.HAL_Delay
                0x08000594       0x3a Drivers\STM32L4xx_HAL_Driver\Src\stm32l4xx_hal.o
                0x08000594                HAL_Delay
 *fill*         0x080005ce        0x2 
 .text.NVIC_SetPriorityGrouping
                0x080005d0       0x48 Drivers\STM32L4xx_HAL_Driver\Src\stm32l4xx_hal_cortex.o
 .text.NVIC_GetPriorityGrouping
                0x08000618       0x1c Drivers\STM32L4xx_HAL_Driver\Src\stm32l4xx_hal_cortex.o
 .text.NVIC_EnableIRQ
                0x08000634       0x34 Drivers\STM32L4xx_HAL_Driver\Src\stm32l4xx_hal_cortex.o
 .text.NVIC_SetPriority
                0x08000668       0x54 Drivers\STM32L4xx_HAL_Driver\Src\stm32l4xx_hal_cortex.o
 .text.NVIC_EncodePriority
                0x080006bc       0x62 Drivers\STM32L4xx_HAL_Driver\Src\stm32l4xx_hal_cortex.o
 *fill*         0x0800071e        0x2 
 .text.SysTick_Config
                0x08000720       0x44 Drivers\STM32L4xx_HAL_Driver\Src\stm32l4xx_hal_cortex.o
 .text.HAL_NVIC_SetPriorityGrouping
                0x08000764       0x16 Drivers\STM32L4xx_HAL_Driver\Src\stm32l4xx_hal_cortex.o
                0x08000764                HAL_NVIC_SetPriorityGrouping
 .text.HAL_NVIC_SetPriority
                0x0800077a       0x38 Drivers\STM32L4xx_HAL_Driver\Src\stm32l4xx_hal_cortex.o
                0x0800077a                HAL_NVIC_SetPriority
 .text.HAL_NVIC_EnableIRQ
                0x080007b2       0x1c Drivers\STM32L4xx_HAL_Driver\Src\stm32l4xx_hal_cortex.o
                0x080007b2                HAL_NVIC_EnableIRQ
 .text.HAL_SYSTICK_Config
                0x080007ce       0x18 Drivers\STM32L4xx_HAL_Driver\Src\stm32l4xx_hal_cortex.o
                0x080007ce                HAL_SYSTICK_Config
 *fill*         0x080007e6        0x2 
 .text.HAL_GPIO_Init
                0x080007e8      0x350 Drivers\STM32L4xx_HAL_Driver\Src\stm32l4xx_hal_gpio.o
                0x080007e8                HAL_GPIO_Init
 .text.HAL_GPIO_WritePin
                0x08000b38       0x30 Drivers\STM32L4xx_HAL_Driver\Src\stm32l4xx_hal_gpio.o
                0x08000b38                HAL_GPIO_WritePin
 .text.HAL_HCD_Init
                0x08000b68       0xac Drivers\STM32L4xx_HAL_Driver\Src\stm32l4xx_hal_hcd.o
                0x08000b68                HAL_HCD_Init
 .text.HAL_HCD_HC_Init
                0x08000c14      0x130 Drivers\STM32L4xx_HAL_Driver\Src\stm32l4xx_hal_hcd.o
                0x08000c14                HAL_HCD_HC_Init
 .text.HAL_HCD_HC_Halt
                0x08000d44       0x46 Drivers\STM32L4xx_HAL_Driver\Src\stm32l4xx_hal_hcd.o
                0x08000d44                HAL_HCD_HC_Halt
 *fill*         0x08000d8a        0x2 
 .text.HAL_HCD_HC_SubmitRequest
                0x08000d8c      0x2c8 Drivers\STM32L4xx_HAL_Driver\Src\stm32l4xx_hal_hcd.o
                0x08000d8c                HAL_HCD_HC_SubmitRequest
 .text.HAL_HCD_IRQHandler
                0x08001054      0x20e Drivers\STM32L4xx_HAL_Driver\Src\stm32l4xx_hal_hcd.o
                0x08001054                HAL_HCD_IRQHandler
 .text.HAL_HCD_Start
                0x08001262       0x46 Drivers\STM32L4xx_HAL_Driver\Src\stm32l4xx_hal_hcd.o
                0x08001262                HAL_HCD_Start
 .text.HAL_HCD_Stop
                0x080012a8       0x3a Drivers\STM32L4xx_HAL_Driver\Src\stm32l4xx_hal_hcd.o
                0x080012a8                HAL_HCD_Stop
 .text.HAL_HCD_HC_GetURBState
                0x080012e2       0x2a Drivers\STM32L4xx_HAL_Driver\Src\stm32l4xx_hal_hcd.o
                0x080012e2                HAL_HCD_HC_GetURBState
 .text.HAL_HCD_HC_GetXferCount
                0x0800130c       0x2a Drivers\STM32L4xx_HAL_Driver\Src\stm32l4xx_hal_hcd.o
                0x0800130c                HAL_HCD_HC_GetXferCount
 .text.HAL_HCD_GetCurrentFrame
                0x08001336       0x1c Drivers\STM32L4xx_HAL_Driver\Src\stm32l4xx_hal_hcd.o
                0x08001336                HAL_HCD_GetCurrentFrame
 .text.HCD_HC_IN_IRQHandler
                0x08001352      0x742 Drivers\STM32L4xx_HAL_Driver\Src\stm32l4xx_hal_hcd.o
 .text.HCD_HC_OUT_IRQHandler
                0x08001a94      0x6e8 Drivers\STM32L4xx_HAL_Driver\Src\stm32l4xx_hal_hcd.o
 .text.HCD_RXQLVL_IRQHandler
                0x0800217c      0x158 Drivers\STM32L4xx_HAL_Driver\Src\stm32l4xx_hal_hcd.o
 .text.HCD_Port_IRQHandler
                0x080022d4      0x122 Drivers\STM32L4xx_HAL_Driver\Src\stm32l4xx_hal_hcd.o
 .text.HAL_I2C_Init
                0x080023f6      0x11c Drivers\STM32L4xx_HAL_Driver\Src\stm32l4xx_hal_i2c.o
                0x080023f6                HAL_I2C_Init
 .text.HAL_I2CEx_ConfigAnalogFilter
                0x08002512       0x96 Drivers\STM32L4xx_HAL_Driver\Src\stm32l4xx_hal_i2c_ex.o
                0x08002512                HAL_I2CEx_ConfigAnalogFilter
 .text.HAL_I2CEx_ConfigDigitalFilter
                0x080025a8       0x98 Drivers\STM32L4xx_HAL_Driver\Src\stm32l4xx_hal_i2c_ex.o
                0x080025a8                HAL_I2CEx_ConfigDigitalFilter
 .text.HAL_LCD_Init
                0x08002640      0x178 Drivers\STM32L4xx_HAL_Driver\Src\stm32l4xx_hal_lcd.o
                0x08002640                HAL_LCD_Init
 .text.HAL_LCD_Write
                0x080027b8       0xbe Drivers\STM32L4xx_HAL_Driver\Src\stm32l4xx_hal_lcd.o
                0x080027b8                HAL_LCD_Write
 .text.HAL_LCD_Clear
                0x08002876       0xb4 Drivers\STM32L4xx_HAL_Driver\Src\stm32l4xx_hal_lcd.o
                0x08002876                HAL_LCD_Clear
 .text.HAL_LCD_UpdateDisplayRequest
                0x0800292a       0x76 Drivers\STM32L4xx_HAL_Driver\Src\stm32l4xx_hal_lcd.o
                0x0800292a                HAL_LCD_UpdateDisplayRequest
 .text.LCD_WaitForSynchro
                0x080029a0       0x46 Drivers\STM32L4xx_HAL_Driver\Src\stm32l4xx_hal_lcd.o
                0x080029a0                LCD_WaitForSynchro
 *fill*         0x080029e6        0x2 
 .text.HAL_PWR_EnableBkUpAccess
                0x080029e8       0x20 Drivers\STM32L4xx_HAL_Driver\Src\stm32l4xx_hal_pwr.o
                0x080029e8                HAL_PWR_EnableBkUpAccess
 .text.HAL_PWREx_GetVoltageRange
                0x08002a08       0x1c Drivers\STM32L4xx_HAL_Driver\Src\stm32l4xx_hal_pwr_ex.o
                0x08002a08                HAL_PWREx_GetVoltageRange
 .text.HAL_PWREx_ControlVoltageScaling
                0x08002a24       0xac Drivers\STM32L4xx_HAL_Driver\Src\stm32l4xx_hal_pwr_ex.o
                0x08002a24                HAL_PWREx_ControlVoltageScaling
 .text.HAL_PWREx_EnableVddUSB
                0x08002ad0       0x20 Drivers\STM32L4xx_HAL_Driver\Src\stm32l4xx_hal_pwr_ex.o
                0x08002ad0                HAL_PWREx_EnableVddUSB
 .text.HAL_QSPI_Init
                0x08002af0      0x104 Drivers\STM32L4xx_HAL_Driver\Src\stm32l4xx_hal_qspi.o
                0x08002af0                HAL_QSPI_Init
 .text.HAL_QSPI_SetTimeout
                0x08002bf4       0x1c Drivers\STM32L4xx_HAL_Driver\Src\stm32l4xx_hal_qspi.o
                0x08002bf4                HAL_QSPI_SetTimeout
 .text.QSPI_WaitFlagStateUntilTimeout
                0x08002c10       0x6e Drivers\STM32L4xx_HAL_Driver\Src\stm32l4xx_hal_qspi.o
 *fill*         0x08002c7e        0x2 
 .text.HAL_RCC_OscConfig
                0x08002c80      0x6c8 Drivers\STM32L4xx_HAL_Driver\Src\stm32l4xx_hal_rcc.o
                0x08002c80                HAL_RCC_OscConfig
 .text.HAL_RCC_ClockConfig
                0x08003348      0x1bc Drivers\STM32L4xx_HAL_Driver\Src\stm32l4xx_hal_rcc.o
                0x08003348                HAL_RCC_ClockConfig
 .text.HAL_RCC_GetSysClockFreq
                0x08003504      0x138 Drivers\STM32L4xx_HAL_Driver\Src\stm32l4xx_hal_rcc.o
                0x08003504                HAL_RCC_GetSysClockFreq
 .text.HAL_RCC_GetHCLKFreq
                0x0800363c       0x18 Drivers\STM32L4xx_HAL_Driver\Src\stm32l4xx_hal_rcc.o
                0x0800363c                HAL_RCC_GetHCLKFreq
 .text.HAL_RCC_GetPCLK1Freq
                0x08003654       0x2c Drivers\STM32L4xx_HAL_Driver\Src\stm32l4xx_hal_rcc.o
                0x08003654                HAL_RCC_GetPCLK1Freq
 .text.HAL_RCC_GetPCLK2Freq
                0x08003680       0x2c Drivers\STM32L4xx_HAL_Driver\Src\stm32l4xx_hal_rcc.o
                0x08003680                HAL_RCC_GetPCLK2Freq
 .text.RCC_SetFlashLatencyFromMSIRange
                0x080036ac       0xc0 Drivers\STM32L4xx_HAL_Driver\Src\stm32l4xx_hal_rcc.o
 .text.HAL_RCCEx_PeriphCLKConfig
                0x0800376c      0x5cc Drivers\STM32L4xx_HAL_Driver\Src\stm32l4xx_hal_rcc_ex.o
                0x0800376c                HAL_RCCEx_PeriphCLKConfig
 .text.HAL_RCCEx_GetPeriphCLKFreq
                0x08003d38      0x8f0 Drivers\STM32L4xx_HAL_Driver\Src\stm32l4xx_hal_rcc_ex.o
                0x08003d38                HAL_RCCEx_GetPeriphCLKFreq
 .text.HAL_RCCEx_EnableMSIPLLMode
                0x08004628       0x20 Drivers\STM32L4xx_HAL_Driver\Src\stm32l4xx_hal_rcc_ex.o
                0x08004628                HAL_RCCEx_EnableMSIPLLMode
 .text.RCCEx_PLLSAI1_Config
                0x08004648      0x1e0 Drivers\STM32L4xx_HAL_Driver\Src\stm32l4xx_hal_rcc_ex.o
 .text.RCCEx_PLLSAI2_Config
                0x08004828      0x1b4 Drivers\STM32L4xx_HAL_Driver\Src\stm32l4xx_hal_rcc_ex.o
 .text.RCCEx_GetSAIxPeriphCLKFreq
                0x080049dc      0x1b0 Drivers\STM32L4xx_HAL_Driver\Src\stm32l4xx_hal_rcc_ex.o
 .text.HAL_SAI_Init
                0x08004b8c      0x2cc Drivers\STM32L4xx_HAL_Driver\Src\stm32l4xx_hal_sai.o
                0x08004b8c                HAL_SAI_Init
 .text.SAI_Disable
                0x08004e58       0x68 Drivers\STM32L4xx_HAL_Driver\Src\stm32l4xx_hal_sai.o
 .text.HAL_SPI_Init
                0x08004ec0      0x110 Drivers\STM32L4xx_HAL_Driver\Src\stm32l4xx_hal_spi.o
                0x08004ec0                HAL_SPI_Init
 .text.HAL_SPI_Transmit
                0x08004fd0      0x2c8 Drivers\STM32L4xx_HAL_Driver\Src\stm32l4xx_hal_spi.o
                0x08004fd0                HAL_SPI_Transmit
 .text.HAL_SPI_Receive
                0x08005298      0x24a Drivers\STM32L4xx_HAL_Driver\Src\stm32l4xx_hal_spi.o
                0x08005298                HAL_SPI_Receive
 .text.HAL_SPI_TransmitReceive
                0x080054e2      0x420 Drivers\STM32L4xx_HAL_Driver\Src\stm32l4xx_hal_spi.o
                0x080054e2                HAL_SPI_TransmitReceive
 .text.SPI_WaitFlagStateUntilTimeout
                0x08005902       0xd4 Drivers\STM32L4xx_HAL_Driver\Src\stm32l4xx_hal_spi.o
 .text.SPI_WaitFifoStateUntilTimeout
                0x080059d6       0xda Drivers\STM32L4xx_HAL_Driver\Src\stm32l4xx_hal_spi.o
 .text.SPI_EndRxTransaction
                0x08005ab0       0xb0 Drivers\STM32L4xx_HAL_Driver\Src\stm32l4xx_hal_spi.o
 .text.SPI_EndRxTxTransaction
                0x08005b60       0x8c Drivers\STM32L4xx_HAL_Driver\Src\stm32l4xx_hal_spi.o
 .text.HAL_UART_Init
                0x08005bec       0xa2 Drivers\STM32L4xx_HAL_Driver\Src\stm32l4xx_hal_uart.o
                0x08005bec                HAL_UART_Init
 *fill*         0x08005c8e        0x2 
 .text.UART_SetConfig
                0x08005c90      0x67c Drivers\STM32L4xx_HAL_Driver\Src\stm32l4xx_hal_uart.o
                0x08005c90                UART_SetConfig
 .text.UART_AdvFeatureConfig
                0x0800630c      0x144 Drivers\STM32L4xx_HAL_Driver\Src\stm32l4xx_hal_uart.o
                0x0800630c                UART_AdvFeatureConfig
 .text.UART_CheckIdleState
                0x08006450       0x92 Drivers\STM32L4xx_HAL_Driver\Src\stm32l4xx_hal_uart.o
                0x08006450                UART_CheckIdleState
 .text.UART_WaitOnFlagUntilTimeout
                0x080064e2       0x94 Drivers\STM32L4xx_HAL_Driver\Src\stm32l4xx_hal_uart.o
                0x080064e2                UART_WaitOnFlagUntilTimeout
 .text.USB_CoreInit
                0x08006576       0x84 Drivers\STM32L4xx_HAL_Driver\Src\stm32l4xx_ll_usb.o
                0x08006576                USB_CoreInit
 .text.USB_EnableGlobalInt
                0x080065fa       0x22 Drivers\STM32L4xx_HAL_Driver\Src\stm32l4xx_ll_usb.o
                0x080065fa                USB_EnableGlobalInt
 .text.USB_DisableGlobalInt
                0x0800661c       0x22 Drivers\STM32L4xx_HAL_Driver\Src\stm32l4xx_ll_usb.o
                0x0800661c                USB_DisableGlobalInt
 .text.USB_SetCurrentMode
                0x0800663e       0x54 Drivers\STM32L4xx_HAL_Driver\Src\stm32l4xx_ll_usb.o
                0x0800663e                USB_SetCurrentMode
 *fill*         0x08006692        0x2 
 .text.USB_FlushTxFifo
                0x08006694       0x4c Drivers\STM32L4xx_HAL_Driver\Src\stm32l4xx_ll_usb.o
                0x08006694                USB_FlushTxFifo
 .text.USB_FlushRxFifo
                0x080066e0       0x44 Drivers\STM32L4xx_HAL_Driver\Src\stm32l4xx_ll_usb.o
                0x080066e0                USB_FlushRxFifo
 .text.USB_WritePacket
                0x08006724       0x62 Drivers\STM32L4xx_HAL_Driver\Src\stm32l4xx_ll_usb.o
                0x08006724                USB_WritePacket
 .text.USB_ReadPacket
                0x08006786       0x52 Drivers\STM32L4xx_HAL_Driver\Src\stm32l4xx_ll_usb.o
                0x08006786                USB_ReadPacket
 .text.USB_ReadInterrupts
                0x080067d8       0x26 Drivers\STM32L4xx_HAL_Driver\Src\stm32l4xx_ll_usb.o
                0x080067d8                USB_ReadInterrupts
 .text.USB_GetMode
                0x080067fe       0x1c Drivers\STM32L4xx_HAL_Driver\Src\stm32l4xx_ll_usb.o
                0x080067fe                USB_GetMode
 *fill*         0x0800681a        0x2 
 .text.USB_CoreReset
                0x0800681c       0x68 Drivers\STM32L4xx_HAL_Driver\Src\stm32l4xx_ll_usb.o
 .text.USB_HostInit
                0x08006884      0x14c Drivers\STM32L4xx_HAL_Driver\Src\stm32l4xx_ll_usb.o
                0x08006884                USB_HostInit
 .text.USB_InitFSLSPClkSel
                0x080069d0       0x78 Drivers\STM32L4xx_HAL_Driver\Src\stm32l4xx_ll_usb.o
                0x080069d0                USB_InitFSLSPClkSel
 .text.USB_DriveVbus
                0x08006a48       0x76 Drivers\STM32L4xx_HAL_Driver\Src\stm32l4xx_ll_usb.o
                0x08006a48                USB_DriveVbus
 .text.USB_GetCurrentFrame
                0x08006abe       0x22 Drivers\STM32L4xx_HAL_Driver\Src\stm32l4xx_ll_usb.o
                0x08006abe                USB_GetCurrentFrame
 .text.USB_HC_Init
                0x08006ae0      0x1f0 Drivers\STM32L4xx_HAL_Driver\Src\stm32l4xx_ll_usb.o
                0x08006ae0                USB_HC_Init
 .text.USB_HC_StartXfer
                0x08006cd0      0x204 Drivers\STM32L4xx_HAL_Driver\Src\stm32l4xx_ll_usb.o
                0x08006cd0                USB_HC_StartXfer
 .text.USB_HC_ReadInterrupt
                0x08006ed4       0x22 Drivers\STM32L4xx_HAL_Driver\Src\stm32l4xx_ll_usb.o
                0x08006ed4                USB_HC_ReadInterrupt
 .text.USB_HC_Halt
                0x08006ef6      0x212 Drivers\STM32L4xx_HAL_Driver\Src\stm32l4xx_ll_usb.o
                0x08006ef6                USB_HC_Halt
 .text.USB_StopHost
                0x08007108      0x10c Drivers\STM32L4xx_HAL_Driver\Src\stm32l4xx_ll_usb.o
                0x08007108                USB_StopHost
 .text.USBH_CDC_InterfaceInit
                0x08007214      0x282 Middlewares\ST\STM32_USB_Host_Library\Class\CDC\Src\usbh_cdc.o
 .text.USBH_CDC_InterfaceDeInit
                0x08007496       0xb2 Middlewares\ST\STM32_USB_Host_Library\Class\CDC\Src\usbh_cdc.o
 .text.USBH_CDC_ClassRequest
                0x08007548       0x42 Middlewares\ST\STM32_USB_Host_Library\Class\CDC\Src\usbh_cdc.o
 *fill*         0x0800758a        0x2 
 .text.USBH_CDC_Process
                0x0800758c      0x12c Middlewares\ST\STM32_USB_Host_Library\Class\CDC\Src\usbh_cdc.o
 .text.USBH_CDC_SOFProcess
                0x080076b8       0x16 Middlewares\ST\STM32_USB_Host_Library\Class\CDC\Src\usbh_cdc.o
 .text.GetLineCoding
                0x080076ce       0x3e Middlewares\ST\STM32_USB_Host_Library\Class\CDC\Src\usbh_cdc.o
 .text.SetLineCoding
                0x0800770c       0x3e Middlewares\ST\STM32_USB_Host_Library\Class\CDC\Src\usbh_cdc.o
 .text.CDC_ProcessTransmission
                0x0800774a       0xf0 Middlewares\ST\STM32_USB_Host_Library\Class\CDC\Src\usbh_cdc.o
 .text.CDC_ProcessReception
                0x0800783a       0xb6 Middlewares\ST\STM32_USB_Host_Library\Class\CDC\Src\usbh_cdc.o
 .text.USBH_CDC_TransmitCallback
                0x080078f0       0x14 Middlewares\ST\STM32_USB_Host_Library\Class\CDC\Src\usbh_cdc.o
                0x080078f0                USBH_CDC_TransmitCallback
 .text.USBH_CDC_ReceiveCallback
                0x08007904       0x14 Middlewares\ST\STM32_USB_Host_Library\Class\CDC\Src\usbh_cdc.o
                0x08007904                USBH_CDC_ReceiveCallback
 .text.USBH_CDC_LineCodingChanged
                0x08007918       0x14 Middlewares\ST\STM32_USB_Host_Library\Class\CDC\Src\usbh_cdc.o
                0x08007918                USBH_CDC_LineCodingChanged
 .text.USBH_Init
                0x0800792c       0x54 Middlewares\ST\STM32_USB_Host_Library\Core\Src\usbh_core.o
                0x0800792c                USBH_Init
 .text.DeInitStateMachine
                0x08007980       0x92 Middlewares\ST\STM32_USB_Host_Library\Core\Src\usbh_core.o
 .text.USBH_RegisterClass
                0x08007a12       0x56 Middlewares\ST\STM32_USB_Host_Library\Core\Src\usbh_core.o
                0x08007a12                USBH_RegisterClass
 .text.USBH_SelectInterface
                0x08007a68       0x38 Middlewares\ST\STM32_USB_Host_Library\Core\Src\usbh_core.o
                0x08007a68                USBH_SelectInterface
 .text.USBH_FindInterface
                0x08007aa0       0x8c Middlewares\ST\STM32_USB_Host_Library\Core\Src\usbh_core.o
                0x08007aa0                USBH_FindInterface
 .text.USBH_Start
                0x08007b2c       0x20 Middlewares\ST\STM32_USB_Host_Library\Core\Src\usbh_core.o
                0x08007b2c                USBH_Start
 .text.USBH_LL_SetTimer
                0x08007b4c       0x1e Middlewares\ST\STM32_USB_Host_Library\Core\Src\usbh_core.o
                0x08007b4c                USBH_LL_SetTimer
 .text.USBH_LL_IncTimer
                0x08007b6a       0x24 Middlewares\ST\STM32_USB_Host_Library\Core\Src\usbh_core.o
                0x08007b6a                USBH_LL_IncTimer
 .text.USBH_HandleSof
                0x08007b8e       0x30 Middlewares\ST\STM32_USB_Host_Library\Core\Src\usbh_core.o
 .text.USBH_LL_PortEnabled
                0x08007bbe       0x1c Middlewares\ST\STM32_USB_Host_Library\Core\Src\usbh_core.o
                0x08007bbe                USBH_LL_PortEnabled
 .text.USBH_LL_PortDisabled
                0x08007bda       0x1c Middlewares\ST\STM32_USB_Host_Library\Core\Src\usbh_core.o
                0x08007bda                USBH_LL_PortDisabled
 .text.USBH_LL_Connect
                0x08007bf6       0x4c Middlewares\ST\STM32_USB_Host_Library\Core\Src\usbh_core.o
                0x08007bf6                USBH_LL_Connect
 .text.USBH_LL_Disconnect
                0x08007c42       0x5a Middlewares\ST\STM32_USB_Host_Library\Core\Src\usbh_core.o
                0x08007c42                USBH_LL_Disconnect
 .text.USBH_ClrFeature
                0x08007c9c       0x48 Middlewares\ST\STM32_USB_Host_Library\Core\Src\usbh_ctlreq.o
                0x08007c9c                USBH_ClrFeature
 .text.USBH_CtlReq
                0x08007ce4       0x94 Middlewares\ST\STM32_USB_Host_Library\Core\Src\usbh_ctlreq.o
                0x08007ce4                USBH_CtlReq
 .text.USBH_HandleControl
                0x08007d78      0x2d4 Middlewares\ST\STM32_USB_Host_Library\Core\Src\usbh_ctlreq.o
 .text.USBH_CtlSendSetup
                0x0800804c       0x34 Middlewares\ST\STM32_USB_Host_Library\Core\Src\usbh_ioreq.o
                0x0800804c                USBH_CtlSendSetup
 .text.USBH_CtlSendData
                0x08008080       0x4a Middlewares\ST\STM32_USB_Host_Library\Core\Src\usbh_ioreq.o
                0x08008080                USBH_CtlSendData
 .text.USBH_CtlReceiveData
                0x080080ca       0x3c Middlewares\ST\STM32_USB_Host_Library\Core\Src\usbh_ioreq.o
                0x080080ca                USBH_CtlReceiveData
 .text.USBH_BulkSendData
                0x08008106       0x4a Middlewares\ST\STM32_USB_Host_Library\Core\Src\usbh_ioreq.o
                0x08008106                USBH_BulkSendData
 .text.USBH_BulkReceiveData
                0x08008150       0x3c Middlewares\ST\STM32_USB_Host_Library\Core\Src\usbh_ioreq.o
                0x08008150                USBH_BulkReceiveData
 .text.USBH_OpenPipe
                0x0800818c       0x3e Middlewares\ST\STM32_USB_Host_Library\Core\Src\usbh_pipes.o
                0x0800818c                USBH_OpenPipe
 .text.USBH_ClosePipe
                0x080081ca       0x20 Middlewares\ST\STM32_USB_Host_Library\Core\Src\usbh_pipes.o
                0x080081ca                USBH_ClosePipe
 .text.USBH_AllocPipe
                0x080081ea       0x3c Middlewares\ST\STM32_USB_Host_Library\Core\Src\usbh_pipes.o
                0x080081ea                USBH_AllocPipe
 .text.USBH_FreePipe
                0x08008226       0x38 Middlewares\ST\STM32_USB_Host_Library\Core\Src\usbh_pipes.o
                0x08008226                USBH_FreePipe
 .text.USBH_GetFreePipe
                0x0800825e       0x46 Middlewares\ST\STM32_USB_Host_Library\Core\Src\usbh_pipes.o
 .text.MX_GPIO_Init
                0x080082a4      0x27c Src\gpio.o
                0x080082a4                MX_GPIO_Init
 .text.MX_I2C1_Init
                0x08008520       0x80 Src\i2c.o
                0x08008520                MX_I2C1_Init
 .text.MX_I2C2_Init
                0x080085a0       0x80 Src\i2c.o
                0x080085a0                MX_I2C2_Init
 .text.HAL_I2C_MspInit
                0x08008620       0xe8 Src\i2c.o
                0x08008620                HAL_I2C_MspInit
 .text.MX_LCD_Init
                0x08008708       0x70 Src\lcd.o
                0x08008708                MX_LCD_Init
 .text.HAL_LCD_MspInit
                0x08008778      0x144 Src\lcd.o
                0x08008778                HAL_LCD_MspInit
 .text.min      0x080088bc       0x28 Src\main.o
                0x080088bc                min
 .text.main     0x080088e4       0xa4 Src\main.o
                0x080088e4                main
 .text.AKC_Init
                0x08008988      0x128 Src\main.o
                0x08008988                AKC_Init
 .text.AKC_Pomiar
                0x08008ab0       0xf0 Src\main.o
                0x08008ab0                AKC_Pomiar
 .text.SystemClock_Config
                0x08008ba0      0x154 Src\main.o
                0x08008ba0                SystemClock_Config
 .text.Error_Handler
                0x08008cf4        0xe Src\main.o
                0x08008cf4                Error_Handler
 *fill*         0x08008d02        0x2 
 .text.MX_QUADSPI_Init
                0x08008d04       0x4c Src\quadspi.o
                0x08008d04                MX_QUADSPI_Init
 .text.HAL_QSPI_MspInit
                0x08008d50       0x88 Src\quadspi.o
                0x08008d50                HAL_QSPI_MspInit
 .text.MX_SAI1_Init
                0x08008dd8      0x10c Src\sai.o
                0x08008dd8                MX_SAI1_Init
 .text.HAL_SAI_MspInit
                0x08008ee4       0xf0 Src\sai.o
                0x08008ee4                HAL_SAI_MspInit
 .text.MX_SPI2_Init
                0x08008fd4       0x7c Src\spi.o
                0x08008fd4                MX_SPI2_Init
 .text.HAL_SPI_MspInit
                0x08009050       0x88 Src\spi.o
                0x08009050                HAL_SPI_MspInit
 .text.BSP_LCD_GLASS_Init
                0x080090d8       0x74 Src\stm32l476g_discovery_glass_lcd.o
                0x080090d8                BSP_LCD_GLASS_Init
 .text.BSP_LCD_GLASS_DisplayString
                0x0800914c       0x5c Src\stm32l476g_discovery_glass_lcd.o
                0x0800914c                BSP_LCD_GLASS_DisplayString
 .text.BSP_LCD_GLASS_Clear
                0x080091a8       0x14 Src\stm32l476g_discovery_glass_lcd.o
                0x080091a8                BSP_LCD_GLASS_Clear
 .text.LCD_MspInit
                0x080091bc      0x18c Src\stm32l476g_discovery_glass_lcd.o
 .text.Convert  0x08009348      0x190 Src\stm32l476g_discovery_glass_lcd.o
 .text.WriteChar
                0x080094d8      0x700 Src\stm32l476g_discovery_glass_lcd.o
 .text.HAL_MspInit
                0x08009bd8       0x48 Src\stm32l4xx_hal_msp.o
                0x08009bd8                HAL_MspInit
 .text.NMI_Handler
                0x08009c20        0xe Src\stm32l4xx_it.o
                0x08009c20                NMI_Handler
 .text.HardFault_Handler
                0x08009c2e        0x6 Src\stm32l4xx_it.o
                0x08009c2e                HardFault_Handler
 .text.MemManage_Handler
                0x08009c34        0x6 Src\stm32l4xx_it.o
                0x08009c34                MemManage_Handler
 .text.BusFault_Handler
                0x08009c3a        0x6 Src\stm32l4xx_it.o
                0x08009c3a                BusFault_Handler
 .text.UsageFault_Handler
                0x08009c40        0x6 Src\stm32l4xx_it.o
                0x08009c40                UsageFault_Handler
 .text.SVC_Handler
                0x08009c46        0xe Src\stm32l4xx_it.o
                0x08009c46                SVC_Handler
 .text.DebugMon_Handler
                0x08009c54        0xe Src\stm32l4xx_it.o
                0x08009c54                DebugMon_Handler
 .text.PendSV_Handler
                0x08009c62        0xe Src\stm32l4xx_it.o
                0x08009c62                PendSV_Handler
 .text.SysTick_Handler
                0x08009c70        0xc Src\stm32l4xx_it.o
                0x08009c70                SysTick_Handler
 .text.OTG_FS_IRQHandler
                0x08009c7c       0x14 Src\stm32l4xx_it.o
                0x08009c7c                OTG_FS_IRQHandler
 .text._sbrk    0x08009c90       0x58 Src\syscalls.o
                0x08009c90                _sbrk
 .text.SystemInit
                0x08009ce8       0x6c Src\system_stm32l4xx.o
                0x08009ce8                SystemInit
 .text.MX_USART2_UART_Init
                0x08009d54       0x60 Src\usart.o
                0x08009d54                MX_USART2_UART_Init
 .text.HAL_UART_MspInit
                0x08009db4       0x88 Src\usart.o
                0x08009db4                HAL_UART_MspInit
 .text.MX_USB_HOST_Init
                0x08009e3c       0x4c Src\usb_host.o
                0x08009e3c                MX_USB_HOST_Init
 .text.USBH_UserProcess
                0x08009e88       0x5c Src\usb_host.o
 .text.HAL_HCD_MspInit
                0x08009ee4       0xbc Src\usbh_conf.o
                0x08009ee4                HAL_HCD_MspInit
 .text.HAL_HCD_SOF_Callback
                0x08009fa0       0x1c Src\usbh_conf.o
                0x08009fa0                HAL_HCD_SOF_Callback
 .text.HAL_HCD_Connect_Callback
                0x08009fbc       0x1c Src\usbh_conf.o
                0x08009fbc                HAL_HCD_Connect_Callback
 .text.HAL_HCD_Disconnect_Callback
                0x08009fd8       0x1c Src\usbh_conf.o
                0x08009fd8                HAL_HCD_Disconnect_Callback
 .text.HAL_HCD_HC_NotifyURBChange_Callback
                0x08009ff4       0x1c Src\usbh_conf.o
                0x08009ff4                HAL_HCD_HC_NotifyURBChange_Callback
 .text.HAL_HCD_PortEnabled_Callback
                0x0800a010       0x1c Src\usbh_conf.o
                0x0800a010                HAL_HCD_PortEnabled_Callback
 .text.HAL_HCD_PortDisabled_Callback
                0x0800a02c       0x1c Src\usbh_conf.o
                0x0800a02c                HAL_HCD_PortDisabled_Callback
 .text.USBH_LL_Init
                0x0800a048       0x78 Src\usbh_conf.o
                0x0800a048                USBH_LL_Init
 .text.USBH_LL_Start
                0x0800a0c0       0x36 Src\usbh_conf.o
                0x0800a0c0                USBH_LL_Start
 .text.USBH_LL_Stop
                0x0800a0f6       0x36 Src\usbh_conf.o
                0x0800a0f6                USBH_LL_Stop
 .text.USBH_LL_GetLastXferSize
                0x0800a12c       0x26 Src\usbh_conf.o
                0x0800a12c                USBH_LL_GetLastXferSize
 .text.USBH_LL_OpenPipe
                0x0800a152       0x5e Src\usbh_conf.o
                0x0800a152                USBH_LL_OpenPipe
 .text.USBH_LL_ClosePipe
                0x0800a1b0       0x3e Src\usbh_conf.o
                0x0800a1b0                USBH_LL_ClosePipe
 .text.USBH_LL_SubmitURB
                0x0800a1ee       0x62 Src\usbh_conf.o
                0x0800a1ee                USBH_LL_SubmitURB
 .text.USBH_LL_GetURBState
                0x0800a250       0x26 Src\usbh_conf.o
                0x0800a250                USBH_LL_GetURBState
 .text.USBH_LL_DriverVBUS
                0x0800a276       0x2e Src\usbh_conf.o
                0x0800a276                USBH_LL_DriverVBUS
 .text.USBH_LL_SetToggle
                0x0800a2a4       0x66 Src\usbh_conf.o
                0x0800a2a4                USBH_LL_SetToggle
 *fill*         0x0800a30a        0x2 
 .text.USBH_Get_USB_Status
                0x0800a30c       0x58 Src\usbh_conf.o
                0x0800a30c                USBH_Get_USB_Status
 .text.MX_DriverVbusFS
                0x0800a364       0x38 Src\usbh_platform.o
                0x0800a364                MX_DriverVbusFS
 .text.Reset_Handler
                0x0800a39c       0x50 startup\startup_stm32l476xx.o
                0x0800a39c                Reset_Handler
 .text.Default_Handler
                0x0800a3ec        0x2 startup\startup_stm32l476xx.o
                0x0800a3ec                RTC_Alarm_IRQHandler
                0x0800a3ec                EXTI2_IRQHandler
                0x0800a3ec                TIM8_TRG_COM_IRQHandler
                0x0800a3ec                TIM8_CC_IRQHandler
                0x0800a3ec                TIM1_CC_IRQHandler
                0x0800a3ec                TSC_IRQHandler
                0x0800a3ec                TAMP_STAMP_IRQHandler
                0x0800a3ec                EXTI3_IRQHandler
                0x0800a3ec                LPTIM2_IRQHandler
                0x0800a3ec                DFSDM1_FLT1_IRQHandler
                0x0800a3ec                I2C3_ER_IRQHandler
                0x0800a3ec                DFSDM1_FLT2_IRQHandler
                0x0800a3ec                EXTI0_IRQHandler
                0x0800a3ec                I2C2_EV_IRQHandler
                0x0800a3ec                CAN1_RX0_IRQHandler
                0x0800a3ec                FPU_IRQHandler
                0x0800a3ec                TIM1_UP_TIM16_IRQHandler
                0x0800a3ec                ADC1_2_IRQHandler
                0x0800a3ec                SPI1_IRQHandler
                0x0800a3ec                TIM6_DAC_IRQHandler
                0x0800a3ec                TIM8_UP_IRQHandler
                0x0800a3ec                DMA2_Channel2_IRQHandler
                0x0800a3ec                DMA1_Channel4_IRQHandler
                0x0800a3ec                SAI2_IRQHandler
                0x0800a3ec                DFSDM1_FLT3_IRQHandler
                0x0800a3ec                USART3_IRQHandler
                0x0800a3ec                DMA1_Channel7_IRQHandler
                0x0800a3ec                CAN1_RX1_IRQHandler
                0x0800a3ec                LCD_IRQHandler
                0x0800a3ec                UART5_IRQHandler
                0x0800a3ec                ADC3_IRQHandler
                0x0800a3ec                TIM4_IRQHandler
                0x0800a3ec                DMA2_Channel1_IRQHandler
                0x0800a3ec                QUADSPI_IRQHandler
                0x0800a3ec                I2C1_EV_IRQHandler
                0x0800a3ec                DMA1_Channel6_IRQHandler
                0x0800a3ec                UART4_IRQHandler
                0x0800a3ec                DMA2_Channel4_IRQHandler
                0x0800a3ec                TIM3_IRQHandler
                0x0800a3ec                RCC_IRQHandler
                0x0800a3ec                DMA1_Channel1_IRQHandler
                0x0800a3ec                Default_Handler
                0x0800a3ec                DMA2_Channel7_IRQHandler
                0x0800a3ec                EXTI15_10_IRQHandler
                0x0800a3ec                TIM7_IRQHandler
                0x0800a3ec                SDMMC1_IRQHandler
                0x0800a3ec                TIM5_IRQHandler
                0x0800a3ec                I2C3_EV_IRQHandler
                0x0800a3ec                EXTI9_5_IRQHandler
                0x0800a3ec                RTC_WKUP_IRQHandler
                0x0800a3ec                PVD_PVM_IRQHandler
                0x0800a3ec                SPI2_IRQHandler
                0x0800a3ec                CAN1_TX_IRQHandler
                0x0800a3ec                DMA2_Channel5_IRQHandler
                0x0800a3ec                DMA1_Channel5_IRQHandler
                0x0800a3ec                EXTI4_IRQHandler
                0x0800a3ec                RNG_IRQHandler
                0x0800a3ec                TIM1_TRG_COM_TIM17_IRQHandler
                0x0800a3ec                DMA1_Channel3_IRQHandler
                0x0800a3ec                COMP_IRQHandler
                0x0800a3ec                WWDG_IRQHandler
                0x0800a3ec                LPUART1_IRQHandler
                0x0800a3ec                DMA2_Channel6_IRQHandler
                0x0800a3ec                TIM2_IRQHandler
                0x0800a3ec                EXTI1_IRQHandler
                0x0800a3ec                USART2_IRQHandler
                0x0800a3ec                DFSDM1_FLT0_IRQHandler
                0x0800a3ec                I2C2_ER_IRQHandler
                0x0800a3ec                DMA1_Channel2_IRQHandler
                0x0800a3ec                TIM8_BRK_IRQHandler
                0x0800a3ec                CAN1_SCE_IRQHandler
                0x0800a3ec                FLASH_IRQHandler
                0x0800a3ec                USART1_IRQHandler
                0x0800a3ec                SPI3_IRQHandler
                0x0800a3ec                I2C1_ER_IRQHandler
                0x0800a3ec                FMC_IRQHandler
                0x0800a3ec                SWPMI1_IRQHandler
                0x0800a3ec                LPTIM1_IRQHandler
                0x0800a3ec                SAI1_IRQHandler
                0x0800a3ec                DMA2_Channel3_IRQHandler
                0x0800a3ec                TIM1_BRK_TIM15_IRQHandler
 *fill*         0x0800a3ee        0x2 
 .text.__errno  0x0800a3f0        0xc e:/program files (x86)/atolic/truestudio for stm32 9.3.0/armtools/bin/../lib/gcc/arm-atollic-eabi/6.3.1/../../../../arm-atollic-eabi/lib/armv7e-m/fpu\libc_nano.a(lib_a-errno.o)
                0x0800a3f0                __errno
 .text.__libc_init_array
                0x0800a3fc       0x48 e:/program files (x86)/atolic/truestudio for stm32 9.3.0/armtools/bin/../lib/gcc/arm-atollic-eabi/6.3.1/../../../../arm-atollic-eabi/lib/armv7e-m/fpu\libc_nano.a(lib_a-init.o)
                0x0800a3fc                __libc_init_array
 .text.__itoa   0x0800a444       0x30 e:/program files (x86)/atolic/truestudio for stm32 9.3.0/armtools/bin/../lib/gcc/arm-atollic-eabi/6.3.1/../../../../arm-atollic-eabi/lib/armv7e-m/fpu\libc_nano.a(lib_a-itoa.o)
                0x0800a444                __itoa
 .text.itoa     0x0800a474        0x4 e:/program files (x86)/atolic/truestudio for stm32 9.3.0/armtools/bin/../lib/gcc/arm-atollic-eabi/6.3.1/../../../../arm-atollic-eabi/lib/armv7e-m/fpu\libc_nano.a(lib_a-itoa.o)
                0x0800a474                itoa
 .text.malloc   0x0800a478       0x10 e:/program files (x86)/atolic/truestudio for stm32 9.3.0/armtools/bin/../lib/gcc/arm-atollic-eabi/6.3.1/../../../../arm-atollic-eabi/lib/armv7e-m/fpu\libc_nano.a(lib_a-malloc.o)
                0x0800a478                malloc
 .text.free     0x0800a488       0x10 e:/program files (x86)/atolic/truestudio for stm32 9.3.0/armtools/bin/../lib/gcc/arm-atollic-eabi/6.3.1/../../../../arm-atollic-eabi/lib/armv7e-m/fpu\libc_nano.a(lib_a-malloc.o)
                0x0800a488                free
 .text.memset   0x0800a498       0x10 e:/program files (x86)/atolic/truestudio for stm32 9.3.0/armtools/bin/../lib/gcc/arm-atollic-eabi/6.3.1/../../../../arm-atollic-eabi/lib/armv7e-m/fpu\libc_nano.a(lib_a-memset.o)
                0x0800a498                memset
 .text._free_r  0x0800a4a8       0x9c e:/program files (x86)/atolic/truestudio for stm32 9.3.0/armtools/bin/../lib/gcc/arm-atollic-eabi/6.3.1/../../../../arm-atollic-eabi/lib/armv7e-m/fpu\libc_nano.a(lib_a-nano-freer.o)
                0x0800a4a8                _free_r
 .text._malloc_r
                0x0800a544       0xbc e:/program files (x86)/atolic/truestudio for stm32 9.3.0/armtools/bin/../lib/gcc/arm-atollic-eabi/6.3.1/../../../../arm-atollic-eabi/lib/armv7e-m/fpu\libc_nano.a(lib_a-nano-mallocr.o)
                0x0800a544                _malloc_r
 .text._sbrk_r  0x0800a600       0x20 e:/program files (x86)/atolic/truestudio for stm32 9.3.0/armtools/bin/../lib/gcc/arm-atollic-eabi/6.3.1/../../../../arm-atollic-eabi/lib/armv7e-m/fpu\libc_nano.a(lib_a-sbrkr.o)
                0x0800a600                _sbrk_r
 .text.strcpy   0x0800a620       0x10 e:/program files (x86)/atolic/truestudio for stm32 9.3.0/armtools/bin/../lib/gcc/arm-atollic-eabi/6.3.1/../../../../arm-atollic-eabi/lib/armv7e-m/fpu\libc_nano.a(lib_a-strcpy.o)
                0x0800a620                strcpy
 .text.__utoa   0x0800a630       0x80 e:/program files (x86)/atolic/truestudio for stm32 9.3.0/armtools/bin/../lib/gcc/arm-atollic-eabi/6.3.1/../../../../arm-atollic-eabi/lib/armv7e-m/fpu\libc_nano.a(lib_a-utoa.o)
                0x0800a630                __utoa
 .text.__malloc_lock
                0x0800a6b0        0x2 e:/program files (x86)/atolic/truestudio for stm32 9.3.0/armtools/bin/../lib/gcc/arm-atollic-eabi/6.3.1/../../../../arm-atollic-eabi/lib/armv7e-m/fpu\libc_nano.a(lib_a-mlock.o)
                0x0800a6b0                __malloc_lock
 .text.__malloc_unlock
                0x0800a6b2        0x2 e:/program files (x86)/atolic/truestudio for stm32 9.3.0/armtools/bin/../lib/gcc/arm-atollic-eabi/6.3.1/../../../../arm-atollic-eabi/lib/armv7e-m/fpu\libc_nano.a(lib_a-mlock.o)
                0x0800a6b2                __malloc_unlock
 *(.glue_7)
 .glue_7        0x0800a6b4        0x0 linker stubs
 *(.glue_7t)
 .glue_7t       0x0800a6b4        0x0 linker stubs
 *(.eh_frame)
 .eh_frame      0x0800a6b4        0x0 e:/program files (x86)/atolic/truestudio for stm32 9.3.0/armtools/bin/../lib/gcc/arm-atollic-eabi/6.3.1/armv7e-m/fpu/crtbegin.o
 *(.init)
 .init          0x0800a6b4        0x4 e:/program files (x86)/atolic/truestudio for stm32 9.3.0/armtools/bin/../lib/gcc/arm-atollic-eabi/6.3.1/armv7e-m/fpu/crti.o
                0x0800a6b4                _init
 .init          0x0800a6b8        0x8 e:/program files (x86)/atolic/truestudio for stm32 9.3.0/armtools/bin/../lib/gcc/arm-atollic-eabi/6.3.1/armv7e-m/fpu/crtn.o
 *(.fini)
 .fini          0x0800a6c0        0x4 e:/program files (x86)/atolic/truestudio for stm32 9.3.0/armtools/bin/../lib/gcc/arm-atollic-eabi/6.3.1/armv7e-m/fpu/crti.o
                0x0800a6c0                _fini
 .fini          0x0800a6c4        0x8 e:/program files (x86)/atolic/truestudio for stm32 9.3.0/armtools/bin/../lib/gcc/arm-atollic-eabi/6.3.1/armv7e-m/fpu/crtn.o
                0x0800a6cc                . = ALIGN (0x4)
                0x0800a6cc                _etext = .

.vfp11_veneer   0x0800a6cc        0x0
 .vfp11_veneer  0x0800a6cc        0x0 linker stubs

.v4_bx          0x0800a6cc        0x0
 .v4_bx         0x0800a6cc        0x0 linker stubs

.iplt           0x0800a6cc        0x0
 .iplt          0x0800a6cc        0x0 e:/program files (x86)/atolic/truestudio for stm32 9.3.0/armtools/bin/../lib/gcc/arm-atollic-eabi/6.3.1/armv7e-m/fpu/crtbegin.o

.rodata         0x0800a6cc       0xbc
                0x0800a6cc                . = ALIGN (0x4)
 *(.rodata)
 .rodata        0x0800a6cc        0x4 Middlewares\ST\STM32_USB_Host_Library\Class\CDC\Src\usbh_cdc.o
 *(.rodata*)
 .rodata.CapLetterMap
                0x0800a6d0       0x34 Src\stm32l476g_discovery_glass_lcd.o
                0x0800a6d0                CapLetterMap
 .rodata.NumberMap
                0x0800a704       0x14 Src\stm32l476g_discovery_glass_lcd.o
                0x0800a704                NumberMap
 .rodata.AHBPrescTable
                0x0800a718       0x10 Src\system_stm32l4xx.o
                0x0800a718                AHBPrescTable
 .rodata.APBPrescTable
                0x0800a728        0x8 Src\system_stm32l4xx.o
                0x0800a728                APBPrescTable
 .rodata.MSIRangeTable
                0x0800a730       0x30 Src\system_stm32l4xx.o
                0x0800a730                MSIRangeTable
 .rodata.__utoa.str1.1
                0x0800a760       0x25 e:/program files (x86)/atolic/truestudio for stm32 9.3.0/armtools/bin/../lib/gcc/arm-atollic-eabi/6.3.1/../../../../arm-atollic-eabi/lib/armv7e-m/fpu\libc_nano.a(lib_a-utoa.o)
                0x0800a788                . = ALIGN (0x4)
 *fill*         0x0800a785        0x3 

.ARM.extab
 *(.ARM.extab* .gnu.linkonce.armextab.*)

.ARM            0x0800a788        0x8
                0x0800a788                __exidx_start = .
 *(.ARM.exidx*)
 .ARM.exidx     0x0800a788        0x8 e:/program files (x86)/atolic/truestudio for stm32 9.3.0/armtools/bin/../lib/gcc/arm-atollic-eabi/6.3.1/armv7e-m/fpu\libgcc.a(_udivmoddi4.o)
                0x0800a790                __exidx_end = .

.rel.dyn        0x0800a790        0x0
 .rel.iplt      0x0800a790        0x0 e:/program files (x86)/atolic/truestudio for stm32 9.3.0/armtools/bin/../lib/gcc/arm-atollic-eabi/6.3.1/armv7e-m/fpu/crtbegin.o

.preinit_array  0x0800a790        0x0
                0x0800a790                PROVIDE (__preinit_array_start, .)
 *(.preinit_array*)
                0x0800a790                PROVIDE (__preinit_array_end, .)

.init_array     0x0800a790        0x4
                0x0800a790                PROVIDE (__init_array_start, .)
 *(SORT(.init_array.*))
 *(.init_array*)
 .init_array    0x0800a790        0x4 e:/program files (x86)/atolic/truestudio for stm32 9.3.0/armtools/bin/../lib/gcc/arm-atollic-eabi/6.3.1/armv7e-m/fpu/crtbegin.o
                0x0800a794                PROVIDE (__init_array_end, .)

.fini_array     0x0800a794        0x4
                [!provide]                PROVIDE (__fini_array_start, .)
 *(SORT(.fini_array.*))
 *(.fini_array*)
 .fini_array    0x0800a794        0x4 e:/program files (x86)/atolic/truestudio for stm32 9.3.0/armtools/bin/../lib/gcc/arm-atollic-eabi/6.3.1/armv7e-m/fpu/crtbegin.o
                [!provide]                PROVIDE (__fini_array_end, .)
                0x0800a798                _sidata = LOADADDR (.data)

.data           0x20000000       0x88 load address 0x0800a798
                0x20000000                . = ALIGN (0x4)
                0x20000000                _sdata = .
 *(.data)
 *(.data*)
 .data.CDC_Class
                0x20000000       0x20 Middlewares\ST\STM32_USB_Host_Library\Class\CDC\Src\usbh_cdc.o
                0x20000000                CDC_Class
 .data.SystemCoreClock
                0x20000020        0x4 Src\system_stm32l4xx.o
                0x20000020                SystemCoreClock
 .data._impure_ptr
                0x20000024        0x4 e:/program files (x86)/atolic/truestudio for stm32 9.3.0/armtools/bin/../lib/gcc/arm-atollic-eabi/6.3.1/../../../../arm-atollic-eabi/lib/armv7e-m/fpu\libc_nano.a(lib_a-impure.o)
                0x20000024                _impure_ptr
 .data.impure_data
                0x20000028       0x60 e:/program files (x86)/atolic/truestudio for stm32 9.3.0/armtools/bin/../lib/gcc/arm-atollic-eabi/6.3.1/../../../../arm-atollic-eabi/lib/armv7e-m/fpu\libc_nano.a(lib_a-impure.o)
                0x20000088                . = ALIGN (0x4)
                0x20000088                _edata = .

.igot.plt       0x20000088        0x0 load address 0x0800a820
 .igot.plt      0x20000088        0x0 e:/program files (x86)/atolic/truestudio for stm32 9.3.0/armtools/bin/../lib/gcc/arm-atollic-eabi/6.3.1/armv7e-m/fpu/crtbegin.o
                0x20000088                . = ALIGN (0x4)

.bss            0x20000088      0xa2c load address 0x0800a820
                0x20000088                _sbss = .
                0x20000088                __bss_start__ = _sbss
 *(.bss)
 .bss           0x20000088       0x1c e:/program files (x86)/atolic/truestudio for stm32 9.3.0/armtools/bin/../lib/gcc/arm-atollic-eabi/6.3.1/armv7e-m/fpu/crtbegin.o
 *(.bss*)
 .bss.tmpreg.8904
                0x200000a4        0x4 Drivers\STM32L4xx_HAL_Driver\Src\stm32l4xx_ll_usb.o
 .bss.SAI1_client
                0x200000a8        0x4 Src\sai.o
 .bss.heap_end.7010
                0x200000ac        0x4 Src\syscalls.o
 .bss.Appli_state
                0x200000b0        0x1 Src\usb_host.o
                0x200000b0                Appli_state
 *fill*         0x200000b1        0x3 
 .bss.__malloc_free_list
                0x200000b4        0x4 e:/program files (x86)/atolic/truestudio for stm32 9.3.0/armtools/bin/../lib/gcc/arm-atollic-eabi/6.3.1/../../../../arm-atollic-eabi/lib/armv7e-m/fpu\libc_nano.a(lib_a-nano-mallocr.o)
                0x200000b4                __malloc_free_list
 .bss.__malloc_sbrk_start
                0x200000b8        0x4 e:/program files (x86)/atolic/truestudio for stm32 9.3.0/armtools/bin/../lib/gcc/arm-atollic-eabi/6.3.1/../../../../arm-atollic-eabi/lib/armv7e-m/fpu\libc_nano.a(lib_a-nano-mallocr.o)
                0x200000b8                __malloc_sbrk_start
 *(COMMON)
 COMMON         0x200000bc        0x4 Drivers\STM32L4xx_HAL_Driver\Src\stm32l4xx_hal.o
                0x200000bc                uwTick
 COMMON         0x200000c0       0x98 Src\i2c.o
                0x200000c0                hi2c1
                0x2000010c                hi2c2
 COMMON         0x20000158       0x3c Src\lcd.o
                0x20000158                hlcd
 COMMON         0x20000194       0x16 Src\main.o
                0x20000194                spiTxBufz
                0x20000198                spiTxBufy
                0x2000019c                spiTxBufx
                0x200001a0                spiRxBufz
                0x200001a4                spiRxBufy
                0x200001a8                spiRxBufx
 *fill*         0x200001aa        0x2 
 COMMON         0x200001ac       0x44 Src\quadspi.o
                0x200001ac                hqspi
 COMMON         0x200001f0      0x108 Src\sai.o
                0x200001f0                hsai_BlockB1
                0x20000274                hsai_BlockA1
 COMMON         0x200002f8       0x64 Src\spi.o
                0x200002f8                hspi2
 COMMON         0x2000035c       0x4c Src\stm32l476g_discovery_glass_lcd.o
                0x2000035c                Digit
                0x2000036c                LCDHandle
 COMMON         0x200003a8       0x78 Src\usart.o
                0x200003a8                huart2
 COMMON         0x20000420      0x3cc Src\usb_host.o
                0x20000420                hUsbHostFS
 COMMON         0x200007ec      0x2c4 Src\usbh_conf.o
                0x200007ec                hhcd_USB_OTG_FS
 COMMON         0x20000ab0        0x4 e:/program files (x86)/atolic/truestudio for stm32 9.3.0/armtools/bin/../lib/gcc/arm-atollic-eabi/6.3.1/../../../../arm-atollic-eabi/lib/armv7e-m/fpu\libc_nano.a(lib_a-reent.o)
                0x20000ab0                errno
                0x20000ab4                . = ALIGN (0x4)
                0x20000ab4                _ebss = .
                0x20000ab4                __bss_end__ = _ebss

._user_heap_stack
                0x20000ab4      0x600 load address 0x0800a820
                0x20000ab4                . = ALIGN (0x4)
                0x20000ab4                PROVIDE (end, .)
                [!provide]                PROVIDE (_end, .)
                0x20000cb4                . = (. + _Min_Heap_Size)
 *fill*         0x20000ab4      0x200 
                0x200010b4                . = (. + _Min_Stack_Size)
 *fill*         0x20000cb4      0x400 
                0x200010b4                . = ALIGN (0x4)

/DISCARD/
 libc.a(*)
 libm.a(*)
 libgcc.a(*)

.ARM.attributes
                0x00000000       0x30
 *(.ARM.attributes)
 .ARM.attributes
                0x00000000       0x22 e:/program files (x86)/atolic/truestudio for stm32 9.3.0/armtools/bin/../lib/gcc/arm-atollic-eabi/6.3.1/armv7e-m/fpu/crti.o
 .ARM.attributes
                0x00000022       0x34 e:/program files (x86)/atolic/truestudio for stm32 9.3.0/armtools/bin/../lib/gcc/arm-atollic-eabi/6.3.1/armv7e-m/fpu/crtbegin.o
 .ARM.attributes
                0x00000056       0x39 Drivers\STM32L4xx_HAL_Driver\Src\stm32l4xx_hal.o
 .ARM.attributes
                0x0000008f       0x39 Drivers\STM32L4xx_HAL_Driver\Src\stm32l4xx_hal_cortex.o
 .ARM.attributes
                0x000000c8       0x39 Drivers\STM32L4xx_HAL_Driver\Src\stm32l4xx_hal_gpio.o
 .ARM.attributes
                0x00000101       0x39 Drivers\STM32L4xx_HAL_Driver\Src\stm32l4xx_hal_hcd.o
 .ARM.attributes
                0x0000013a       0x39 Drivers\STM32L4xx_HAL_Driver\Src\stm32l4xx_hal_i2c.o
 .ARM.attributes
                0x00000173       0x39 Drivers\STM32L4xx_HAL_Driver\Src\stm32l4xx_hal_i2c_ex.o
 .ARM.attributes
                0x000001ac       0x39 Drivers\STM32L4xx_HAL_Driver\Src\stm32l4xx_hal_lcd.o
 .ARM.attributes
                0x000001e5       0x39 Drivers\STM32L4xx_HAL_Driver\Src\stm32l4xx_hal_pwr.o
 .ARM.attributes
                0x0000021e       0x39 Drivers\STM32L4xx_HAL_Driver\Src\stm32l4xx_hal_pwr_ex.o
 .ARM.attributes
                0x00000257       0x39 Drivers\STM32L4xx_HAL_Driver\Src\stm32l4xx_hal_qspi.o
 .ARM.attributes
                0x00000290       0x39 Drivers\STM32L4xx_HAL_Driver\Src\stm32l4xx_hal_rcc.o
 .ARM.attributes
                0x000002c9       0x39 Drivers\STM32L4xx_HAL_Driver\Src\stm32l4xx_hal_rcc_ex.o
 .ARM.attributes
                0x00000302       0x39 Drivers\STM32L4xx_HAL_Driver\Src\stm32l4xx_hal_sai.o
 .ARM.attributes
                0x0000033b       0x39 Drivers\STM32L4xx_HAL_Driver\Src\stm32l4xx_hal_spi.o
 .ARM.attributes
                0x00000374       0x39 Drivers\STM32L4xx_HAL_Driver\Src\stm32l4xx_hal_uart.o
 .ARM.attributes
                0x000003ad       0x39 Drivers\STM32L4xx_HAL_Driver\Src\stm32l4xx_ll_usb.o
 .ARM.attributes
                0x000003e6       0x39 Middlewares\ST\STM32_USB_Host_Library\Class\CDC\Src\usbh_cdc.o
 .ARM.attributes
                0x0000041f       0x39 Middlewares\ST\STM32_USB_Host_Library\Core\Src\usbh_core.o
 .ARM.attributes
                0x00000458       0x39 Middlewares\ST\STM32_USB_Host_Library\Core\Src\usbh_ctlreq.o
 .ARM.attributes
                0x00000491       0x39 Middlewares\ST\STM32_USB_Host_Library\Core\Src\usbh_ioreq.o
 .ARM.attributes
                0x000004ca       0x39 Middlewares\ST\STM32_USB_Host_Library\Core\Src\usbh_pipes.o
 .ARM.attributes
                0x00000503       0x39 Src\gpio.o
 .ARM.attributes
                0x0000053c       0x39 Src\i2c.o
 .ARM.attributes
                0x00000575       0x39 Src\lcd.o
 .ARM.attributes
                0x000005ae       0x39 Src\main.o
 .ARM.attributes
                0x000005e7       0x39 Src\quadspi.o
 .ARM.attributes
                0x00000620       0x39 Src\sai.o
 .ARM.attributes
                0x00000659       0x39 Src\spi.o
 .ARM.attributes
                0x00000692       0x39 Src\stm32l476g_discovery_glass_lcd.o
 .ARM.attributes
                0x000006cb       0x39 Src\stm32l4xx_hal_msp.o
 .ARM.attributes
                0x00000704       0x39 Src\stm32l4xx_it.o
 .ARM.attributes
                0x0000073d       0x39 Src\syscalls.o
 .ARM.attributes
                0x00000776       0x39 Src\system_stm32l4xx.o
 .ARM.attributes
                0x000007af       0x39 Src\usart.o
 .ARM.attributes
                0x000007e8       0x39 Src\usb_host.o
 .ARM.attributes
                0x00000821       0x39 Src\usbh_conf.o
 .ARM.attributes
                0x0000085a       0x39 Src\usbh_platform.o
 .ARM.attributes
                0x00000893       0x21 startup\startup_stm32l476xx.o
 .ARM.attributes
                0x000008b4       0x34 e:/program files (x86)/atolic/truestudio for stm32 9.3.0/armtools/bin/../lib/gcc/arm-atollic-eabi/6.3.1/../../../../arm-atollic-eabi/lib/armv7e-m/fpu\libc_nano.a(lib_a-errno.o)
 .ARM.attributes
                0x000008e8       0x34 e:/program files (x86)/atolic/truestudio for stm32 9.3.0/armtools/bin/../lib/gcc/arm-atollic-eabi/6.3.1/../../../../arm-atollic-eabi/lib/armv7e-m/fpu\libc_nano.a(lib_a-impure.o)
 .ARM.attributes
                0x0000091c       0x34 e:/program files (x86)/atolic/truestudio for stm32 9.3.0/armtools/bin/../lib/gcc/arm-atollic-eabi/6.3.1/../../../../arm-atollic-eabi/lib/armv7e-m/fpu\libc_nano.a(lib_a-init.o)
 .ARM.attributes
                0x00000950       0x34 e:/program files (x86)/atolic/truestudio for stm32 9.3.0/armtools/bin/../lib/gcc/arm-atollic-eabi/6.3.1/../../../../arm-atollic-eabi/lib/armv7e-m/fpu\libc_nano.a(lib_a-itoa.o)
 .ARM.attributes
                0x00000984       0x34 e:/program files (x86)/atolic/truestudio for stm32 9.3.0/armtools/bin/../lib/gcc/arm-atollic-eabi/6.3.1/../../../../arm-atollic-eabi/lib/armv7e-m/fpu\libc_nano.a(lib_a-malloc.o)
 .ARM.attributes
                0x000009b8       0x34 e:/program files (x86)/atolic/truestudio for stm32 9.3.0/armtools/bin/../lib/gcc/arm-atollic-eabi/6.3.1/../../../../arm-atollic-eabi/lib/armv7e-m/fpu\libc_nano.a(lib_a-memset.o)
 .ARM.attributes
                0x000009ec       0x34 e:/program files (x86)/atolic/truestudio for stm32 9.3.0/armtools/bin/../lib/gcc/arm-atollic-eabi/6.3.1/../../../../arm-atollic-eabi/lib/armv7e-m/fpu\libc_nano.a(lib_a-nano-freer.o)
 .ARM.attributes
                0x00000a20       0x34 e:/program files (x86)/atolic/truestudio for stm32 9.3.0/armtools/bin/../lib/gcc/arm-atollic-eabi/6.3.1/../../../../arm-atollic-eabi/lib/armv7e-m/fpu\libc_nano.a(lib_a-nano-mallocr.o)
 .ARM.attributes
                0x00000a54       0x34 e:/program files (x86)/atolic/truestudio for stm32 9.3.0/armtools/bin/../lib/gcc/arm-atollic-eabi/6.3.1/../../../../arm-atollic-eabi/lib/armv7e-m/fpu\libc_nano.a(lib_a-sbrkr.o)
 .ARM.attributes
                0x00000a88       0x34 e:/program files (x86)/atolic/truestudio for stm32 9.3.0/armtools/bin/../lib/gcc/arm-atollic-eabi/6.3.1/../../../../arm-atollic-eabi/lib/armv7e-m/fpu\libc_nano.a(lib_a-strcpy.o)
 .ARM.attributes
                0x00000abc       0x34 e:/program files (x86)/atolic/truestudio for stm32 9.3.0/armtools/bin/../lib/gcc/arm-atollic-eabi/6.3.1/../../../../arm-atollic-eabi/lib/armv7e-m/fpu\libc_nano.a(lib_a-utoa.o)
 .ARM.attributes
                0x00000af0       0x34 e:/program files (x86)/atolic/truestudio for stm32 9.3.0/armtools/bin/../lib/gcc/arm-atollic-eabi/6.3.1/../../../../arm-atollic-eabi/lib/armv7e-m/fpu\libc_nano.a(lib_a-mlock.o)
 .ARM.attributes
                0x00000b24       0x34 e:/program files (x86)/atolic/truestudio for stm32 9.3.0/armtools/bin/../lib/gcc/arm-atollic-eabi/6.3.1/../../../../arm-atollic-eabi/lib/armv7e-m/fpu\libc_nano.a(lib_a-reent.o)
 .ARM.attributes
                0x00000b58       0x22 e:/program files (x86)/atolic/truestudio for stm32 9.3.0/armtools/bin/../lib/gcc/arm-atollic-eabi/6.3.1/armv7e-m/fpu\libgcc.a(_aeabi_uldivmod.o)
 .ARM.attributes
                0x00000b7a       0x34 e:/program files (x86)/atolic/truestudio for stm32 9.3.0/armtools/bin/../lib/gcc/arm-atollic-eabi/6.3.1/armv7e-m/fpu\libgcc.a(_udivmoddi4.o)
 .ARM.attributes
                0x00000bae       0x22 e:/program files (x86)/atolic/truestudio for stm32 9.3.0/armtools/bin/../lib/gcc/arm-atollic-eabi/6.3.1/armv7e-m/fpu\libgcc.a(_dvmd_tls.o)
 .ARM.attributes
                0x00000bd0       0x22 e:/program files (x86)/atolic/truestudio for stm32 9.3.0/armtools/bin/../lib/gcc/arm-atollic-eabi/6.3.1/armv7e-m/fpu/crtn.o
OUTPUT(acc.elf elf32-littlearm)

.debug_info     0x00000000    0x22deb
 .debug_info    0x00000000      0xb41 Drivers\STM32L4xx_HAL_Driver\Src\stm32l4xx_hal.o
 .debug_info    0x00000b41      0xe09 Drivers\STM32L4xx_HAL_Driver\Src\stm32l4xx_hal_cortex.o
 .debug_info    0x0000194a      0x854 Drivers\STM32L4xx_HAL_Driver\Src\stm32l4xx_hal_gpio.o
 .debug_info    0x0000219e      0xe80 Drivers\STM32L4xx_HAL_Driver\Src\stm32l4xx_hal_hcd.o
 .debug_info    0x0000301e     0x1f22 Drivers\STM32L4xx_HAL_Driver\Src\stm32l4xx_hal_i2c.o
 .debug_info    0x00004f40      0xa35 Drivers\STM32L4xx_HAL_Driver\Src\stm32l4xx_hal_i2c_ex.o
 .debug_info    0x00005975      0x59c Drivers\STM32L4xx_HAL_Driver\Src\stm32l4xx_hal_lcd.o
 .debug_info    0x00005f11      0x9a2 Drivers\STM32L4xx_HAL_Driver\Src\stm32l4xx_hal_pwr.o
 .debug_info    0x000068b3      0xa9d Drivers\STM32L4xx_HAL_Driver\Src\stm32l4xx_hal_pwr_ex.o
 .debug_info    0x00007350     0x1192 Drivers\STM32L4xx_HAL_Driver\Src\stm32l4xx_hal_qspi.o
 .debug_info    0x000084e2      0xbd0 Drivers\STM32L4xx_HAL_Driver\Src\stm32l4xx_hal_rcc.o
 .debug_info    0x000090b2      0xde2 Drivers\STM32L4xx_HAL_Driver\Src\stm32l4xx_hal_rcc_ex.o
 .debug_info    0x00009e94     0x11a3 Drivers\STM32L4xx_HAL_Driver\Src\stm32l4xx_hal_sai.o
 .debug_info    0x0000b037     0x15f6 Drivers\STM32L4xx_HAL_Driver\Src\stm32l4xx_hal_spi.o
 .debug_info    0x0000c62d     0x1623 Drivers\STM32L4xx_HAL_Driver\Src\stm32l4xx_hal_uart.o
 .debug_info    0x0000dc50     0x1823 Drivers\STM32L4xx_HAL_Driver\Src\stm32l4xx_ll_usb.o
 .debug_info    0x0000f473     0x1a65 Middlewares\ST\STM32_USB_Host_Library\Class\CDC\Src\usbh_cdc.o
 .debug_info    0x00010ed8     0x1637 Middlewares\ST\STM32_USB_Host_Library\Core\Src\usbh_core.o
 .debug_info    0x0001250f     0x1706 Middlewares\ST\STM32_USB_Host_Library\Core\Src\usbh_ctlreq.o
 .debug_info    0x00013c15     0x1473 Middlewares\ST\STM32_USB_Host_Library\Core\Src\usbh_ioreq.o
 .debug_info    0x00015088     0x12b6 Middlewares\ST\STM32_USB_Host_Library\Core\Src\usbh_pipes.o
 .debug_info    0x0001633e      0x553 Src\gpio.o
 .debug_info    0x00016891      0xa89 Src\i2c.o
 .debug_info    0x0001731a      0x778 Src\lcd.o
 .debug_info    0x00017a92     0x2343 Src\main.o
 .debug_info    0x00019dd5      0x99d Src\quadspi.o
 .debug_info    0x0001a772      0xaa8 Src\sai.o
 .debug_info    0x0001b21a      0x9da Src\spi.o
 .debug_info    0x0001bbf4     0x1000 Src\stm32l476g_discovery_glass_lcd.o
 .debug_info    0x0001cbf4      0x39c Src\stm32l4xx_hal_msp.o
 .debug_info    0x0001cf90      0x70b Src\stm32l4xx_it.o
 .debug_info    0x0001d69b      0xf16 Src\syscalls.o
 .debug_info    0x0001e5b1      0x5c9 Src\system_stm32l4xx.o
 .debug_info    0x0001eb7a      0xab5 Src\usart.o
 .debug_info    0x0001f62f     0x1209 Src\usb_host.o
 .debug_info    0x00020838     0x22c5 Src\usbh_conf.o
 .debug_info    0x00022afd      0x275 Src\usbh_platform.o
 .debug_info    0x00022d72       0x79 startup\startup_stm32l476xx.o

.debug_abbrev   0x00000000     0x4abe
 .debug_abbrev  0x00000000      0x1da Drivers\STM32L4xx_HAL_Driver\Src\stm32l4xx_hal.o
 .debug_abbrev  0x000001da      0x2be Drivers\STM32L4xx_HAL_Driver\Src\stm32l4xx_hal_cortex.o
 .debug_abbrev  0x00000498      0x1bb Drivers\STM32L4xx_HAL_Driver\Src\stm32l4xx_hal_gpio.o
 .debug_abbrev  0x00000653      0x252 Drivers\STM32L4xx_HAL_Driver\Src\stm32l4xx_hal_hcd.o
 .debug_abbrev  0x000008a5      0x225 Drivers\STM32L4xx_HAL_Driver\Src\stm32l4xx_hal_i2c.o
 .debug_abbrev  0x00000aca      0x1b4 Drivers\STM32L4xx_HAL_Driver\Src\stm32l4xx_hal_i2c_ex.o
 .debug_abbrev  0x00000c7e      0x19f Drivers\STM32L4xx_HAL_Driver\Src\stm32l4xx_hal_lcd.o
 .debug_abbrev  0x00000e1d      0x1a4 Drivers\STM32L4xx_HAL_Driver\Src\stm32l4xx_hal_pwr.o
 .debug_abbrev  0x00000fc1      0x1e4 Drivers\STM32L4xx_HAL_Driver\Src\stm32l4xx_hal_pwr_ex.o
 .debug_abbrev  0x000011a5      0x21a Drivers\STM32L4xx_HAL_Driver\Src\stm32l4xx_hal_qspi.o
 .debug_abbrev  0x000013bf      0x240 Drivers\STM32L4xx_HAL_Driver\Src\stm32l4xx_hal_rcc.o
 .debug_abbrev  0x000015ff      0x233 Drivers\STM32L4xx_HAL_Driver\Src\stm32l4xx_hal_rcc_ex.o
 .debug_abbrev  0x00001832      0x228 Drivers\STM32L4xx_HAL_Driver\Src\stm32l4xx_hal_sai.o
 .debug_abbrev  0x00001a5a      0x223 Drivers\STM32L4xx_HAL_Driver\Src\stm32l4xx_hal_spi.o
 .debug_abbrev  0x00001c7d      0x200 Drivers\STM32L4xx_HAL_Driver\Src\stm32l4xx_hal_uart.o
 .debug_abbrev  0x00001e7d      0x256 Drivers\STM32L4xx_HAL_Driver\Src\stm32l4xx_ll_usb.o
 .debug_abbrev  0x000020d3      0x301 Middlewares\ST\STM32_USB_Host_Library\Class\CDC\Src\usbh_cdc.o
 .debug_abbrev  0x000023d4      0x34c Middlewares\ST\STM32_USB_Host_Library\Core\Src\usbh_core.o
 .debug_abbrev  0x00002720      0x305 Middlewares\ST\STM32_USB_Host_Library\Core\Src\usbh_ctlreq.o
 .debug_abbrev  0x00002a25      0x263 Middlewares\ST\STM32_USB_Host_Library\Core\Src\usbh_ioreq.o
 .debug_abbrev  0x00002c88      0x29b Middlewares\ST\STM32_USB_Host_Library\Core\Src\usbh_pipes.o
 .debug_abbrev  0x00002f23      0x12f Src\gpio.o
 .debug_abbrev  0x00003052      0x19f Src\i2c.o
 .debug_abbrev  0x000031f1      0x16e Src\lcd.o
 .debug_abbrev  0x0000335f      0x273 Src\main.o
 .debug_abbrev  0x000035d2      0x194 Src\quadspi.o
 .debug_abbrev  0x00003766      0x19b Src\sai.o
 .debug_abbrev  0x00003901      0x194 Src\spi.o
 .debug_abbrev  0x00003a95      0x201 Src\stm32l476g_discovery_glass_lcd.o
 .debug_abbrev  0x00003c96       0xec Src\stm32l4xx_hal_msp.o
 .debug_abbrev  0x00003d82      0x161 Src\stm32l4xx_it.o
 .debug_abbrev  0x00003ee3      0x271 Src\syscalls.o
 .debug_abbrev  0x00004154      0x12f Src\system_stm32l4xx.o
 .debug_abbrev  0x00004283      0x194 Src\usart.o
 .debug_abbrev  0x00004417      0x261 Src\usb_host.o
 .debug_abbrev  0x00004678      0x335 Src\usbh_conf.o
 .debug_abbrev  0x000049ad       0xff Src\usbh_platform.o
 .debug_abbrev  0x00004aac       0x12 startup\startup_stm32l476xx.o

.debug_aranges  0x00000000     0x1990
 .debug_aranges
                0x00000000      0x118 Drivers\STM32L4xx_HAL_Driver\Src\stm32l4xx_hal.o
 .debug_aranges
                0x00000118      0x118 Drivers\STM32L4xx_HAL_Driver\Src\stm32l4xx_hal_cortex.o
 .debug_aranges
                0x00000230       0x58 Drivers\STM32L4xx_HAL_Driver\Src\stm32l4xx_hal_gpio.o
 .debug_aranges
                0x00000288       0xf0 Drivers\STM32L4xx_HAL_Driver\Src\stm32l4xx_hal_hcd.o
 .debug_aranges
                0x00000378      0x288 Drivers\STM32L4xx_HAL_Driver\Src\stm32l4xx_hal_i2c.o
 .debug_aranges
                0x00000600       0x48 Drivers\STM32L4xx_HAL_Driver\Src\stm32l4xx_hal_i2c_ex.o
 .debug_aranges
                0x00000648       0x68 Drivers\STM32L4xx_HAL_Driver\Src\stm32l4xx_hal_lcd.o
 .debug_aranges
                0x000006b0       0x98 Drivers\STM32L4xx_HAL_Driver\Src\stm32l4xx_hal_pwr.o
 .debug_aranges
                0x00000748      0x148 Drivers\STM32L4xx_HAL_Driver\Src\stm32l4xx_hal_pwr_ex.o
 .debug_aranges
                0x00000890      0x160 Drivers\STM32L4xx_HAL_Driver\Src\stm32l4xx_hal_qspi.o
 .debug_aranges
                0x000009f0       0x88 Drivers\STM32L4xx_HAL_Driver\Src\stm32l4xx_hal_rcc.o
 .debug_aranges
                0x00000a78       0xc0 Drivers\STM32L4xx_HAL_Driver\Src\stm32l4xx_hal_rcc_ex.o
 .debug_aranges
                0x00000b38      0x178 Drivers\STM32L4xx_HAL_Driver\Src\stm32l4xx_hal_sai.o
 .debug_aranges
                0x00000cb0      0x1d8 Drivers\STM32L4xx_HAL_Driver\Src\stm32l4xx_hal_spi.o
 .debug_aranges
                0x00000e88      0x1f8 Drivers\STM32L4xx_HAL_Driver\Src\stm32l4xx_hal_uart.o
 .debug_aranges
                0x00001080      0x190 Drivers\STM32L4xx_HAL_Driver\Src\stm32l4xx_ll_usb.o
 .debug_aranges
                0x00001210       0xa8 Middlewares\ST\STM32_USB_Host_Library\Class\CDC\Src\usbh_cdc.o
 .debug_aranges
                0x000012b8       0xc0 Middlewares\ST\STM32_USB_Host_Library\Core\Src\usbh_core.o
 .debug_aranges
                0x00001378       0xa0 Middlewares\ST\STM32_USB_Host_Library\Core\Src\usbh_ctlreq.o
 .debug_aranges
                0x00001418       0x60 Middlewares\ST\STM32_USB_Host_Library\Core\Src\usbh_ioreq.o
 .debug_aranges
                0x00001478       0x40 Middlewares\ST\STM32_USB_Host_Library\Core\Src\usbh_pipes.o
 .debug_aranges
                0x000014b8       0x20 Src\gpio.o
 .debug_aranges
                0x000014d8       0x38 Src\i2c.o
 .debug_aranges
                0x00001510       0x30 Src\lcd.o
 .debug_aranges
                0x00001540       0x48 Src\main.o
 .debug_aranges
                0x00001588       0x30 Src\quadspi.o
 .debug_aranges
                0x000015b8       0x30 Src\sai.o
 .debug_aranges
                0x000015e8       0x30 Src\spi.o
 .debug_aranges
                0x00001618       0x98 Src\stm32l476g_discovery_glass_lcd.o
 .debug_aranges
                0x000016b0       0x20 Src\stm32l4xx_hal_msp.o
 .debug_aranges
                0x000016d0       0x68 Src\stm32l4xx_it.o
 .debug_aranges
                0x00001738       0xb0 Src\syscalls.o
 .debug_aranges
                0x000017e8       0x28 Src\system_stm32l4xx.o
 .debug_aranges
                0x00001810       0x30 Src\usart.o
 .debug_aranges
                0x00001840       0x30 Src\usb_host.o
 .debug_aranges
                0x00001870       0xd8 Src\usbh_conf.o
 .debug_aranges
                0x00001948       0x20 Src\usbh_platform.o
 .debug_aranges
                0x00001968       0x28 startup\startup_stm32l476xx.o

.debug_ranges   0x00000000     0x1750
 .debug_ranges  0x00000000      0x108 Drivers\STM32L4xx_HAL_Driver\Src\stm32l4xx_hal.o
 .debug_ranges  0x00000108      0x108 Drivers\STM32L4xx_HAL_Driver\Src\stm32l4xx_hal_cortex.o
 .debug_ranges  0x00000210       0x48 Drivers\STM32L4xx_HAL_Driver\Src\stm32l4xx_hal_gpio.o
 .debug_ranges  0x00000258       0xe0 Drivers\STM32L4xx_HAL_Driver\Src\stm32l4xx_hal_hcd.o
 .debug_ranges  0x00000338      0x278 Drivers\STM32L4xx_HAL_Driver\Src\stm32l4xx_hal_i2c.o
 .debug_ranges  0x000005b0       0x38 Drivers\STM32L4xx_HAL_Driver\Src\stm32l4xx_hal_i2c_ex.o
 .debug_ranges  0x000005e8       0x58 Drivers\STM32L4xx_HAL_Driver\Src\stm32l4xx_hal_lcd.o
 .debug_ranges  0x00000640       0x88 Drivers\STM32L4xx_HAL_Driver\Src\stm32l4xx_hal_pwr.o
 .debug_ranges  0x000006c8      0x138 Drivers\STM32L4xx_HAL_Driver\Src\stm32l4xx_hal_pwr_ex.o
 .debug_ranges  0x00000800      0x150 Drivers\STM32L4xx_HAL_Driver\Src\stm32l4xx_hal_qspi.o
 .debug_ranges  0x00000950       0x78 Drivers\STM32L4xx_HAL_Driver\Src\stm32l4xx_hal_rcc.o
 .debug_ranges  0x000009c8       0xb0 Drivers\STM32L4xx_HAL_Driver\Src\stm32l4xx_hal_rcc_ex.o
 .debug_ranges  0x00000a78      0x180 Drivers\STM32L4xx_HAL_Driver\Src\stm32l4xx_hal_sai.o
 .debug_ranges  0x00000bf8      0x1c8 Drivers\STM32L4xx_HAL_Driver\Src\stm32l4xx_hal_spi.o
 .debug_ranges  0x00000dc0      0x1e8 Drivers\STM32L4xx_HAL_Driver\Src\stm32l4xx_hal_uart.o
 .debug_ranges  0x00000fa8      0x180 Drivers\STM32L4xx_HAL_Driver\Src\stm32l4xx_ll_usb.o
 .debug_ranges  0x00001128       0x98 Middlewares\ST\STM32_USB_Host_Library\Class\CDC\Src\usbh_cdc.o
 .debug_ranges  0x000011c0       0xb0 Middlewares\ST\STM32_USB_Host_Library\Core\Src\usbh_core.o
 .debug_ranges  0x00001270       0x90 Middlewares\ST\STM32_USB_Host_Library\Core\Src\usbh_ctlreq.o
 .debug_ranges  0x00001300       0x50 Middlewares\ST\STM32_USB_Host_Library\Core\Src\usbh_ioreq.o
 .debug_ranges  0x00001350       0x30 Middlewares\ST\STM32_USB_Host_Library\Core\Src\usbh_pipes.o
 .debug_ranges  0x00001380       0x10 Src\gpio.o
 .debug_ranges  0x00001390       0x28 Src\i2c.o
 .debug_ranges  0x000013b8       0x20 Src\lcd.o
 .debug_ranges  0x000013d8       0x38 Src\main.o
 .debug_ranges  0x00001410       0x20 Src\quadspi.o
 .debug_ranges  0x00001430       0x20 Src\sai.o
 .debug_ranges  0x00001450       0x20 Src\spi.o
 .debug_ranges  0x00001470       0x88 Src\stm32l476g_discovery_glass_lcd.o
 .debug_ranges  0x000014f8       0x10 Src\stm32l4xx_hal_msp.o
 .debug_ranges  0x00001508       0x58 Src\stm32l4xx_it.o
 .debug_ranges  0x00001560       0xa0 Src\syscalls.o
 .debug_ranges  0x00001600       0x18 Src\system_stm32l4xx.o
 .debug_ranges  0x00001618       0x20 Src\usart.o
 .debug_ranges  0x00001638       0x20 Src\usb_host.o
 .debug_ranges  0x00001658       0xc8 Src\usbh_conf.o
 .debug_ranges  0x00001720       0x10 Src\usbh_platform.o
 .debug_ranges  0x00001730       0x20 startup\startup_stm32l476xx.o

.debug_line     0x00000000     0xc955
 .debug_line    0x00000000      0x468 Drivers\STM32L4xx_HAL_Driver\Src\stm32l4xx_hal.o
 .debug_line    0x00000468      0x53b Drivers\STM32L4xx_HAL_Driver\Src\stm32l4xx_hal_cortex.o
 .debug_line    0x000009a3      0x3dc Drivers\STM32L4xx_HAL_Driver\Src\stm32l4xx_hal_gpio.o
 .debug_line    0x00000d7f      0x6bd Drivers\STM32L4xx_HAL_Driver\Src\stm32l4xx_hal_hcd.o
 .debug_line    0x0000143c     0x15b4 Drivers\STM32L4xx_HAL_Driver\Src\stm32l4xx_hal_i2c.o
 .debug_line    0x000029f0      0x37b Drivers\STM32L4xx_HAL_Driver\Src\stm32l4xx_hal_i2c_ex.o
 .debug_line    0x00002d6b      0x3ab Drivers\STM32L4xx_HAL_Driver\Src\stm32l4xx_hal_lcd.o
 .debug_line    0x00003116      0x390 Drivers\STM32L4xx_HAL_Driver\Src\stm32l4xx_hal_pwr.o
 .debug_line    0x000034a6      0x5ff Drivers\STM32L4xx_HAL_Driver\Src\stm32l4xx_hal_pwr_ex.o
 .debug_line    0x00003aa5      0x8ca Drivers\STM32L4xx_HAL_Driver\Src\stm32l4xx_hal_qspi.o
 .debug_line    0x0000436f      0x534 Drivers\STM32L4xx_HAL_Driver\Src\stm32l4xx_hal_rcc.o
 .debug_line    0x000048a3      0x7ff Drivers\STM32L4xx_HAL_Driver\Src\stm32l4xx_hal_rcc_ex.o
 .debug_line    0x000050a2      0xa81 Drivers\STM32L4xx_HAL_Driver\Src\stm32l4xx_hal_sai.o
 .debug_line    0x00005b23      0xcb9 Drivers\STM32L4xx_HAL_Driver\Src\stm32l4xx_hal_spi.o
 .debug_line    0x000067dc      0xd6a Drivers\STM32L4xx_HAL_Driver\Src\stm32l4xx_hal_uart.o
 .debug_line    0x00007546      0x8b1 Drivers\STM32L4xx_HAL_Driver\Src\stm32l4xx_ll_usb.o
 .debug_line    0x00007df7      0x5be Middlewares\ST\STM32_USB_Host_Library\Class\CDC\Src\usbh_cdc.o
 .debug_line    0x000083b5      0x671 Middlewares\ST\STM32_USB_Host_Library\Core\Src\usbh_core.o
 .debug_line    0x00008a26      0x5e3 Middlewares\ST\STM32_USB_Host_Library\Core\Src\usbh_ctlreq.o
 .debug_line    0x00009009      0x3ea Middlewares\ST\STM32_USB_Host_Library\Core\Src\usbh_ioreq.o
 .debug_line    0x000093f3      0x3a2 Middlewares\ST\STM32_USB_Host_Library\Core\Src\usbh_pipes.o
 .debug_line    0x00009795      0x237 Src\gpio.o
 .debug_line    0x000099cc      0x2b2 Src\i2c.o
 .debug_line    0x00009c7e      0x281 Src\lcd.o
 .debug_line    0x00009eff      0x4a0 Src\main.o
 .debug_line    0x0000a39f      0x283 Src\quadspi.o
 .debug_line    0x0000a622      0x2af Src\sai.o
 .debug_line    0x0000a8d1      0x27d Src\spi.o
 .debug_line    0x0000ab4e      0x534 Src\stm32l476g_discovery_glass_lcd.o
 .debug_line    0x0000b082      0x1e3 Src\stm32l4xx_hal_msp.o
 .debug_line    0x0000b265      0x2cb Src\stm32l4xx_it.o
 .debug_line    0x0000b530      0x3d4 Src\syscalls.o
 .debug_line    0x0000b904      0x227 Src\system_stm32l4xx.o
 .debug_line    0x0000bb2b      0x27e Src\usart.o
 .debug_line    0x0000bda9      0x3a1 Src\usb_host.o
 .debug_line    0x0000c14a      0x593 Src\usbh_conf.o
 .debug_line    0x0000c6dd      0x1f9 Src\usbh_platform.o
 .debug_line    0x0000c8d6       0x7f startup\startup_stm32l476xx.o

.debug_str      0x00000000     0x7d3f
 .debug_str     0x00000000      0xc49 Drivers\STM32L4xx_HAL_Driver\Src\stm32l4xx_hal.o
                                0xcd0 (size before relaxing)
 .debug_str     0x00000c49      0x408 Drivers\STM32L4xx_HAL_Driver\Src\stm32l4xx_hal_cortex.o
                                0xc79 (size before relaxing)
 .debug_str     0x00001051      0x1d4 Drivers\STM32L4xx_HAL_Driver\Src\stm32l4xx_hal_gpio.o
                                0x5ce (size before relaxing)
 .debug_str     0x00001225      0x7a3 Drivers\STM32L4xx_HAL_Driver\Src\stm32l4xx_hal_hcd.o
                                0xa93 (size before relaxing)
 .debug_str     0x000019c8      0xc77 Drivers\STM32L4xx_HAL_Driver\Src\stm32l4xx_hal_i2c.o
                                0xfd1 (size before relaxing)
 .debug_str     0x0000263f       0xf3 Drivers\STM32L4xx_HAL_Driver\Src\stm32l4xx_hal_i2c_ex.o
                                0x976 (size before relaxing)
 .debug_str     0x00002732      0x222 Drivers\STM32L4xx_HAL_Driver\Src\stm32l4xx_hal_lcd.o
                                0x4ef (size before relaxing)
 .debug_str     0x00002954      0x27f Drivers\STM32L4xx_HAL_Driver\Src\stm32l4xx_hal_pwr.o
                                0x6c9 (size before relaxing)
 .debug_str     0x00002bd3      0x49a Drivers\STM32L4xx_HAL_Driver\Src\stm32l4xx_hal_pwr_ex.o
                                0x851 (size before relaxing)
 .debug_str     0x0000306d      0x6af Drivers\STM32L4xx_HAL_Driver\Src\stm32l4xx_hal_qspi.o
                                0xb8e (size before relaxing)
 .debug_str     0x0000371c      0x346 Drivers\STM32L4xx_HAL_Driver\Src\stm32l4xx_hal_rcc.o
                                0x86a (size before relaxing)
 .debug_str     0x00003a62      0x562 Drivers\STM32L4xx_HAL_Driver\Src\stm32l4xx_hal_rcc_ex.o
                                0xaac (size before relaxing)
 .debug_str     0x00003fc4      0x616 Drivers\STM32L4xx_HAL_Driver\Src\stm32l4xx_hal_sai.o
                                0xb27 (size before relaxing)
 .debug_str     0x000045da      0x688 Drivers\STM32L4xx_HAL_Driver\Src\stm32l4xx_hal_spi.o
                                0xbe6 (size before relaxing)
 .debug_str     0x00004c62      0x8b2 Drivers\STM32L4xx_HAL_Driver\Src\stm32l4xx_hal_uart.o
                                0xf21 (size before relaxing)
 .debug_str     0x00005514      0x5e7 Drivers\STM32L4xx_HAL_Driver\Src\stm32l4xx_ll_usb.o
                                0xcba (size before relaxing)
 .debug_str     0x00005afb     0x1168 Middlewares\ST\STM32_USB_Host_Library\Class\CDC\Src\usbh_cdc.o
                               0x14d7 (size before relaxing)
 .debug_str     0x00006c63      0x209 Middlewares\ST\STM32_USB_Host_Library\Core\Src\usbh_core.o
                               0x1062 (size before relaxing)
 .debug_str     0x00006e6c      0x222 Middlewares\ST\STM32_USB_Host_Library\Core\Src\usbh_ctlreq.o
                               0x10de (size before relaxing)
 .debug_str     0x0000708e       0xfe Middlewares\ST\STM32_USB_Host_Library\Core\Src\usbh_ioreq.o
                                0xf59 (size before relaxing)
 .debug_str     0x0000718c       0x97 Middlewares\ST\STM32_USB_Host_Library\Core\Src\usbh_pipes.o
                                0xede (size before relaxing)
 .debug_str     0x00007223       0x1b Src\gpio.o
                                0x427 (size before relaxing)
 .debug_str     0x0000723e       0x3d Src\i2c.o
                                0x8fc (size before relaxing)
 .debug_str     0x0000727b       0x23 Src\lcd.o
                                0x5d6 (size before relaxing)
 .debug_str     0x0000729e       0xf3 Src\main.o
                               0x1ab6 (size before relaxing)
 .debug_str     0x00007391       0x2c Src\quadspi.o
                                0x842 (size before relaxing)
 .debug_str     0x000073bd       0x26 Src\sai.o
                                0x8d7 (size before relaxing)
 .debug_str     0x000073e3       0x1a Src\spi.o
                                0x825 (size before relaxing)
 .debug_str     0x000073fd      0x373 Src\stm32l476g_discovery_glass_lcd.o
                                0xce0 (size before relaxing)
 .debug_str     0x00007770       0x1b Src\stm32l4xx_hal_msp.o
                                0x391 (size before relaxing)
 .debug_str     0x0000778b       0xc8 Src\stm32l4xx_it.o
                                0x747 (size before relaxing)
 .debug_str     0x00007853      0x22a Src\syscalls.o
                                0x859 (size before relaxing)
 .debug_str     0x00007a7d       0x3b Src\system_stm32l4xx.o
                                0x41c (size before relaxing)
 .debug_str     0x00007ab8       0x2e Src\usart.o
                                0x8d7 (size before relaxing)
 .debug_str     0x00007ae6       0xbe Src\usb_host.o
                                0xeec (size before relaxing)
 .debug_str     0x00007ba4      0x174 Src\usbh_conf.o
                               0x1c81 (size before relaxing)
 .debug_str     0x00007d18       0x27 Src\usbh_platform.o
                                0x2c1 (size before relaxing)

.comment        0x00000000       0x7c
 .comment       0x00000000       0x7c Drivers\STM32L4xx_HAL_Driver\Src\stm32l4xx_hal.o
                                 0x7d (size before relaxing)
 .comment       0x0000007c       0x7d Drivers\STM32L4xx_HAL_Driver\Src\stm32l4xx_hal_cortex.o
 .comment       0x0000007c       0x7d Drivers\STM32L4xx_HAL_Driver\Src\stm32l4xx_hal_gpio.o
 .comment       0x0000007c       0x7d Drivers\STM32L4xx_HAL_Driver\Src\stm32l4xx_hal_hcd.o
 .comment       0x0000007c       0x7d Drivers\STM32L4xx_HAL_Driver\Src\stm32l4xx_hal_i2c.o
 .comment       0x0000007c       0x7d Drivers\STM32L4xx_HAL_Driver\Src\stm32l4xx_hal_i2c_ex.o
 .comment       0x0000007c       0x7d Drivers\STM32L4xx_HAL_Driver\Src\stm32l4xx_hal_lcd.o
 .comment       0x0000007c       0x7d Drivers\STM32L4xx_HAL_Driver\Src\stm32l4xx_hal_pwr.o
 .comment       0x0000007c       0x7d Drivers\STM32L4xx_HAL_Driver\Src\stm32l4xx_hal_pwr_ex.o
 .comment       0x0000007c       0x7d Drivers\STM32L4xx_HAL_Driver\Src\stm32l4xx_hal_qspi.o
 .comment       0x0000007c       0x7d Drivers\STM32L4xx_HAL_Driver\Src\stm32l4xx_hal_rcc.o
 .comment       0x0000007c       0x7d Drivers\STM32L4xx_HAL_Driver\Src\stm32l4xx_hal_rcc_ex.o
 .comment       0x0000007c       0x7d Drivers\STM32L4xx_HAL_Driver\Src\stm32l4xx_hal_sai.o
 .comment       0x0000007c       0x7d Drivers\STM32L4xx_HAL_Driver\Src\stm32l4xx_hal_spi.o
 .comment       0x0000007c       0x7d Drivers\STM32L4xx_HAL_Driver\Src\stm32l4xx_hal_uart.o
 .comment       0x0000007c       0x7d Drivers\STM32L4xx_HAL_Driver\Src\stm32l4xx_ll_usb.o
 .comment       0x0000007c       0x7d Middlewares\ST\STM32_USB_Host_Library\Class\CDC\Src\usbh_cdc.o
 .comment       0x0000007c       0x7d Middlewares\ST\STM32_USB_Host_Library\Core\Src\usbh_core.o
 .comment       0x0000007c       0x7d Middlewares\ST\STM32_USB_Host_Library\Core\Src\usbh_ctlreq.o
 .comment       0x0000007c       0x7d Middlewares\ST\STM32_USB_Host_Library\Core\Src\usbh_ioreq.o
 .comment       0x0000007c       0x7d Middlewares\ST\STM32_USB_Host_Library\Core\Src\usbh_pipes.o
 .comment       0x0000007c       0x7d Src\gpio.o
 .comment       0x0000007c       0x7d Src\i2c.o
 .comment       0x0000007c       0x7d Src\lcd.o
 .comment       0x0000007c       0x7d Src\main.o
 .comment       0x0000007c       0x7d Src\quadspi.o
 .comment       0x0000007c       0x7d Src\sai.o
 .comment       0x0000007c       0x7d Src\spi.o
 .comment       0x0000007c       0x7d Src\stm32l476g_discovery_glass_lcd.o
 .comment       0x0000007c       0x7d Src\stm32l4xx_hal_msp.o
 .comment       0x0000007c       0x7d Src\stm32l4xx_it.o
 .comment       0x0000007c       0x7d Src\syscalls.o
 .comment       0x0000007c       0x7d Src\system_stm32l4xx.o
 .comment       0x0000007c       0x7d Src\usart.o
 .comment       0x0000007c       0x7d Src\usb_host.o
 .comment       0x0000007c       0x7d Src\usbh_conf.o
 .comment       0x0000007c       0x7d Src\usbh_platform.o

.debug_frame    0x00000000     0x6abc
 .debug_frame   0x00000000      0x434 Drivers\STM32L4xx_HAL_Driver\Src\stm32l4xx_hal.o
 .debug_frame   0x00000434      0x498 Drivers\STM32L4xx_HAL_Driver\Src\stm32l4xx_hal_cortex.o
 .debug_frame   0x000008cc      0x14c Drivers\STM32L4xx_HAL_Driver\Src\stm32l4xx_hal_gpio.o
 .debug_frame   0x00000a18      0x428 Drivers\STM32L4xx_HAL_Driver\Src\stm32l4xx_hal_hcd.o
 .debug_frame   0x00000e40      0xbbc Drivers\STM32L4xx_HAL_Driver\Src\stm32l4xx_hal_i2c.o
 .debug_frame   0x000019fc      0x100 Drivers\STM32L4xx_HAL_Driver\Src\stm32l4xx_hal_i2c_ex.o
 .debug_frame   0x00001afc      0x188 Drivers\STM32L4xx_HAL_Driver\Src\stm32l4xx_hal_lcd.o
 .debug_frame   0x00001c84      0x230 Drivers\STM32L4xx_HAL_Driver\Src\stm32l4xx_hal_pwr.o
 .debug_frame   0x00001eb4      0x524 Drivers\STM32L4xx_HAL_Driver\Src\stm32l4xx_hal_pwr_ex.o
 .debug_frame   0x000023d8      0x658 Drivers\STM32L4xx_HAL_Driver\Src\stm32l4xx_hal_qspi.o
 .debug_frame   0x00002a30      0x1f4 Drivers\STM32L4xx_HAL_Driver\Src\stm32l4xx_hal_rcc.o
 .debug_frame   0x00002c24      0x2fc Drivers\STM32L4xx_HAL_Driver\Src\stm32l4xx_hal_rcc_ex.o
 .debug_frame   0x00002f20      0x69c Drivers\STM32L4xx_HAL_Driver\Src\stm32l4xx_hal_sai.o
 .debug_frame   0x000035bc      0x864 Drivers\STM32L4xx_HAL_Driver\Src\stm32l4xx_hal_spi.o
 .debug_frame   0x00003e20      0x900 Drivers\STM32L4xx_HAL_Driver\Src\stm32l4xx_hal_uart.o
 .debug_frame   0x00004720      0x764 Drivers\STM32L4xx_HAL_Driver\Src\stm32l4xx_ll_usb.o
 .debug_frame   0x00004e84      0x2c0 Middlewares\ST\STM32_USB_Host_Library\Class\CDC\Src\usbh_cdc.o
 .debug_frame   0x00005144      0x334 Middlewares\ST\STM32_USB_Host_Library\Core\Src\usbh_core.o
 .debug_frame   0x00005478      0x28c Middlewares\ST\STM32_USB_Host_Library\Core\Src\usbh_ctlreq.o
 .debug_frame   0x00005704      0x154 Middlewares\ST\STM32_USB_Host_Library\Core\Src\usbh_ioreq.o
 .debug_frame   0x00005858       0xcc Middlewares\ST\STM32_USB_Host_Library\Core\Src\usbh_pipes.o
 .debug_frame   0x00005924       0x38 Src\gpio.o
 .debug_frame   0x0000595c       0x90 Src\i2c.o
 .debug_frame   0x000059ec       0x74 Src\lcd.o
 .debug_frame   0x00005a60       0xd8 Src\main.o
 .debug_frame   0x00005b38       0x74 Src\quadspi.o
 .debug_frame   0x00005bac       0x74 Src\sai.o
 .debug_frame   0x00005c20       0x74 Src\spi.o
 .debug_frame   0x00005c94      0x244 Src\stm32l476g_discovery_glass_lcd.o
 .debug_frame   0x00005ed8       0x38 Src\stm32l4xx_hal_msp.o
 .debug_frame   0x00005f10      0x128 Src\stm32l4xx_it.o
 .debug_frame   0x00006038      0x2d4 Src\syscalls.o
 .debug_frame   0x0000630c       0x58 Src\system_stm32l4xx.o
 .debug_frame   0x00006364       0x74 Src\usart.o
 .debug_frame   0x000063d8       0x70 Src\usb_host.o
 .debug_frame   0x00006448      0x388 Src\usbh_conf.o
 .debug_frame   0x000067d0       0x34 Src\usbh_platform.o
 .debug_frame   0x00006804       0x20 e:/program files (x86)/atolic/truestudio for stm32 9.3.0/armtools/bin/../lib/gcc/arm-atollic-eabi/6.3.1/../../../../arm-atollic-eabi/lib/armv7e-m/fpu\libc_nano.a(lib_a-errno.o)
 .debug_frame   0x00006824       0x2c e:/program files (x86)/atolic/truestudio for stm32 9.3.0/armtools/bin/../lib/gcc/arm-atollic-eabi/6.3.1/../../../../arm-atollic-eabi/lib/armv7e-m/fpu\libc_nano.a(lib_a-init.o)
 .debug_frame   0x00006850       0x38 e:/program files (x86)/atolic/truestudio for stm32 9.3.0/armtools/bin/../lib/gcc/arm-atollic-eabi/6.3.1/../../../../arm-atollic-eabi/lib/armv7e-m/fpu\libc_nano.a(lib_a-itoa.o)
 .debug_frame   0x00006888       0x30 e:/program files (x86)/atolic/truestudio for stm32 9.3.0/armtools/bin/../lib/gcc/arm-atollic-eabi/6.3.1/../../../../arm-atollic-eabi/lib/armv7e-m/fpu\libc_nano.a(lib_a-malloc.o)
 .debug_frame   0x000068b8       0x20 e:/program files (x86)/atolic/truestudio for stm32 9.3.0/armtools/bin/../lib/gcc/arm-atollic-eabi/6.3.1/../../../../arm-atollic-eabi/lib/armv7e-m/fpu\libc_nano.a(lib_a-memset.o)
 .debug_frame   0x000068d8       0x38 e:/program files (x86)/atolic/truestudio for stm32 9.3.0/armtools/bin/../lib/gcc/arm-atollic-eabi/6.3.1/../../../../arm-atollic-eabi/lib/armv7e-m/fpu\libc_nano.a(lib_a-nano-freer.o)
 .debug_frame   0x00006910       0x2c e:/program files (x86)/atolic/truestudio for stm32 9.3.0/armtools/bin/../lib/gcc/arm-atollic-eabi/6.3.1/../../../../arm-atollic-eabi/lib/armv7e-m/fpu\libc_nano.a(lib_a-nano-mallocr.o)
 .debug_frame   0x0000693c       0x2c e:/program files (x86)/atolic/truestudio for stm32 9.3.0/armtools/bin/../lib/gcc/arm-atollic-eabi/6.3.1/../../../../arm-atollic-eabi/lib/armv7e-m/fpu\libc_nano.a(lib_a-sbrkr.o)
 .debug_frame   0x00006968       0x20 e:/program files (x86)/atolic/truestudio for stm32 9.3.0/armtools/bin/../lib/gcc/arm-atollic-eabi/6.3.1/../../../../arm-atollic-eabi/lib/armv7e-m/fpu\libc_nano.a(lib_a-strcpy.o)
 .debug_frame   0x00006988       0x48 e:/program files (x86)/atolic/truestudio for stm32 9.3.0/armtools/bin/../lib/gcc/arm-atollic-eabi/6.3.1/../../../../arm-atollic-eabi/lib/armv7e-m/fpu\libc_nano.a(lib_a-utoa.o)
 .debug_frame   0x000069d0       0x30 e:/program files (x86)/atolic/truestudio for stm32 9.3.0/armtools/bin/../lib/gcc/arm-atollic-eabi/6.3.1/../../../../arm-atollic-eabi/lib/armv7e-m/fpu\libc_nano.a(lib_a-mlock.o)
 .debug_frame   0x00006a00       0x5c e:/program files (x86)/atolic/truestudio for stm32 9.3.0/armtools/bin/../lib/gcc/arm-atollic-eabi/6.3.1/../../../../arm-atollic-eabi/lib/armv7e-m/fpu\libc_nano.a(lib_a-reent.o)
 .debug_frame   0x00006a5c       0x2c e:/program files (x86)/atolic/truestudio for stm32 9.3.0/armtools/bin/../lib/gcc/arm-atollic-eabi/6.3.1/armv7e-m/fpu\libgcc.a(_aeabi_uldivmod.o)
 .debug_frame   0x00006a88       0x34 e:/program files (x86)/atolic/truestudio for stm32 9.3.0/armtools/bin/../lib/gcc/arm-atollic-eabi/6.3.1/armv7e-m/fpu\libgcc.a(_udivmoddi4.o)
