stm32l476g_discovery_audio.c:300:9:BSP_AUDIO_OUT_Init	24	static
stm32l476g_discovery_audio.c:352:9:BSP_AUDIO_OUT_DeInit	8	static
stm32l476g_discovery_audio.c:372:9:BSP_AUDIO_OUT_Play	16	static
stm32l476g_discovery_audio.c:395:9:BSP_AUDIO_OUT_ChangeBuffer	16	static
stm32l476g_discovery_audio.c:415:9:BSP_AUDIO_OUT_Pause	8	static
stm32l476g_discovery_audio.c:440:9:BSP_AUDIO_OUT_Resume	8	static
stm32l476g_discovery_audio.c:466:9:BSP_AUDIO_OUT_Stop	16	static
stm32l476g_discovery_audio.c:495:9:BSP_AUDIO_OUT_SetVolume	16	static
stm32l476g_discovery_audio.c:512:9:BSP_AUDIO_OUT_SetMute	16	static
stm32l476g_discovery_audio.c:530:9:BSP_AUDIO_OUT_SetOutputMode	16	static
stm32l476g_discovery_audio.c:549:9:BSP_AUDIO_OUT_SetFrequency	16	static
stm32l476g_discovery_audio.c:578:6:BSP_AUDIO_OUT_ChangeAudioConfig	16	static
stm32l476g_discovery_audio.c:638:6:BSP_AUDIO_OUT_RegisterCallbacks	24	static
stm32l476g_discovery_audio.c:652:6:HAL_SAI_TxCpltCallback	16	static
stm32l476g_discovery_audio.c:666:6:HAL_SAI_TxHalfCpltCallback	16	static
stm32l476g_discovery_audio.c:680:6:HAL_SAI_ErrorCallback	16	static
stm32l476g_discovery_audio.c:706:9:BSP_AUDIO_IN_Init	24	static
stm32l476g_discovery_audio.c:736:9:BSP_AUDIO_IN_DeInit	8	static
stm32l476g_discovery_audio.c:757:9:BSP_AUDIO_IN_Record	16	static
stm32l476g_discovery_audio.c:791:9:BSP_AUDIO_IN_SetFrequency	16	static
stm32l476g_discovery_audio.c:821:6:HAL_DFSDM_FilterRegConvCpltCallback	24	static
stm32l476g_discovery_audio.c:843:6:HAL_DFSDM_FilterRegConvHalfCpltCallback	24	static
stm32l476g_discovery_audio.c:866:6:HAL_DFSDM_FilterErrorCallback	16	static
stm32l476g_discovery_audio.c:879:9:BSP_AUDIO_IN_Stop	8	static
stm32l476g_discovery_audio.c:901:9:BSP_AUDIO_IN_Pause	8	static
stm32l476g_discovery_audio.c:916:9:BSP_AUDIO_IN_Resume	8	static
stm32l476g_discovery_audio.c:936:6:BSP_AUDIO_IN_RegisterCallbacks	24	static
stm32l476g_discovery_audio.c:959:16:AUDIO_SAIx_Init	16	static
stm32l476g_discovery_audio.c:1025:16:AUDIO_SAIx_DeInit	8	static
stm32l476g_discovery_audio.c:1050:6:HAL_SAI_MspInit	48	static
stm32l476g_discovery_audio.c:1105:6:HAL_SAI_MspDeInit	16	static
stm32l476g_discovery_audio.c:1132:13:AUDIO_CODEC_Reset	8	static
stm32l476g_discovery_audio.c:1153:16:AUDIO_DFSDMx_Init	16	static
stm32l476g_discovery_audio.c:1216:16:AUDIO_DFSDMx_DeInit	8	static
stm32l476g_discovery_audio.c:1251:6:HAL_DFSDM_ChannelMspInit	48	static
stm32l476g_discovery_audio.c:1275:6:HAL_DFSDM_ChannelMspDeInit	40	static
stm32l476g_discovery_audio.c:1300:6:HAL_DFSDM_FilterMspInit	24	static
stm32l476g_discovery_audio.c:1339:6:HAL_DFSDM_FilterMspDeInit	16	static
stm32l476g_discovery_audio.c:1359:16:AUDIO_SAIPLLConfig	152	static
