stm32l4xx_hal_hcd.c:124:19:HAL_HCD_Init	72	static
stm32l4xx_hal_hcd.c:204:19:HAL_HCD_HC_Init	48	static
stm32l4xx_hal_hcd.c:252:19:HAL_HCD_HC_Halt	24	static
stm32l4xx_hal_hcd.c:268:19:HAL_HCD_DeInit	16	static
stm32l4xx_hal_hcd.c:303:14:HAL_HCD_MspInit	16	static
stm32l4xx_hal_hcd.c:318:14:HAL_HCD_MspDeInit	16	static
stm32l4xx_hal_hcd.c:370:19:HAL_HCD_HC_SubmitRequest	16	static
stm32l4xx_hal_hcd.c:498:6:HAL_HCD_IRQHandler	32	static
stm32l4xx_hal_hcd.c:612:13:HAL_HCD_SOF_Callback	16	static
stm32l4xx_hal_hcd.c:627:13:HAL_HCD_Connect_Callback	16	static
stm32l4xx_hal_hcd.c:642:13:HAL_HCD_Disconnect_Callback	16	static
stm32l4xx_hal_hcd.c:657:13:HAL_HCD_PortEnabled_Callback	16	static
stm32l4xx_hal_hcd.c:672:13:HAL_HCD_PortDisabled_Callback	16	static
stm32l4xx_hal_hcd.c:697:13:HAL_HCD_HC_NotifyURBChange_Callback	16	static
stm32l4xx_hal_hcd.c:1009:19:HAL_HCD_Start	16	static
stm32l4xx_hal_hcd.c:1024:19:HAL_HCD_Stop	16	static
stm32l4xx_hal_hcd.c:1037:19:HAL_HCD_ResetPort	16	static
stm32l4xx_hal_hcd.c:1066:18:HAL_HCD_GetState	16	static
stm32l4xx_hal_hcd.c:1085:21:HAL_HCD_HC_GetURBState	16	static
stm32l4xx_hal_hcd.c:1098:10:HAL_HCD_HC_GetXferCount	16	static
stm32l4xx_hal_hcd.c:1120:21:HAL_HCD_HC_GetState	16	static
stm32l4xx_hal_hcd.c:1130:10:HAL_HCD_GetCurrentFrame	16	static
stm32l4xx_hal_hcd.c:1140:10:HAL_HCD_GetCurrentSpeed	16	static
stm32l4xx_hal_hcd.c:1163:13:HCD_HC_IN_IRQHandler	32	static
stm32l4xx_hal_hcd.c:1338:13:HCD_HC_OUT_IRQHandler	32	static
stm32l4xx_hal_hcd.c:1487:13:HCD_RXQLVL_IRQHandler	48	static
stm32l4xx_hal_hcd.c:1541:13:HCD_Port_IRQHandler	32	static
