stm32l4xx_hal_sai.c:339:19:HAL_SAI_InitProtocol	32	static
stm32l4xx_hal_sai.c:378:19:HAL_SAI_Init	40	static
stm32l4xx_hal_sai.c:702:19:HAL_SAI_DeInit	16	static
stm32l4xx_hal_sai.c:772:13:HAL_SAI_MspInit	16	static
stm32l4xx_hal_sai.c:788:13:HAL_SAI_MspDeInit	16	static
stm32l4xx_hal_sai.c:1029:19:HAL_SAI_Transmit	32	static
stm32l4xx_hal_sai.c:1142:19:HAL_SAI_Receive	32	static
stm32l4xx_hal_sai.c:1252:19:HAL_SAI_Transmit_IT	24	static
stm32l4xx_hal_sai.c:1314:19:HAL_SAI_Receive_IT	24	static
stm32l4xx_hal_sai.c:1372:19:HAL_SAI_DMAPause	16	static
stm32l4xx_hal_sai.c:1392:19:HAL_SAI_DMAResume	16	static
stm32l4xx_hal_sai.c:1419:19:HAL_SAI_DMAStop	24	static
stm32l4xx_hal_sai.c:1481:19:HAL_SAI_Abort	24	static
stm32l4xx_hal_sai.c:1553:19:HAL_SAI_Transmit_DMA	32	static
stm32l4xx_hal_sai.c:1640:19:HAL_SAI_Receive_DMA	24	static
stm32l4xx_hal_sai.c:1709:19:HAL_SAI_EnableTxMuteMode	16	static
stm32l4xx_hal_sai.c:1728:19:HAL_SAI_DisableTxMuteMode	16	static
stm32l4xx_hal_sai.c:1746:19:HAL_SAI_EnableRxMuteMode	24	static
stm32l4xx_hal_sai.c:1769:19:HAL_SAI_DisableRxMuteMode	16	static
stm32l4xx_hal_sai.c:1788:6:HAL_SAI_IRQHandler	32	static
stm32l4xx_hal_sai.c:2028:13:HAL_SAI_TxCpltCallback	16	static
stm32l4xx_hal_sai.c:2044:13:HAL_SAI_TxHalfCpltCallback	16	static
stm32l4xx_hal_sai.c:2060:13:HAL_SAI_RxCpltCallback	16	static
stm32l4xx_hal_sai.c:2076:13:HAL_SAI_RxHalfCpltCallback	16	static
stm32l4xx_hal_sai.c:2092:13:HAL_SAI_ErrorCallback	16	static
stm32l4xx_hal_sai.c:2127:22:HAL_SAI_GetState	16	static
stm32l4xx_hal_sai.c:2138:10:HAL_SAI_GetError	16	static
stm32l4xx_hal_sai.c:2167:26:SAI_InitI2S	32	static
stm32l4xx_hal_sai.c:2266:26:SAI_InitPCM	32	static
stm32l4xx_hal_sai.c:2339:13:SAI_FillFifo	24	static
stm32l4xx_hal_sai.c:2382:17:SAI_InterruptFlag	24	static
stm32l4xx_hal_sai.c:2415:26:SAI_Disable	24	static
stm32l4xx_hal_sai.c:2446:13:SAI_Transmit_IT8Bit	16	static
stm32l4xx_hal_sai.c:2475:13:SAI_Transmit_IT16Bit	24	static
stm32l4xx_hal_sai.c:2508:13:SAI_Transmit_IT32Bit	24	static
stm32l4xx_hal_sai.c:2545:13:SAI_Receive_IT8Bit	16	static
stm32l4xx_hal_sai.c:2576:13:SAI_Receive_IT16Bit	24	static
stm32l4xx_hal_sai.c:2612:13:SAI_Receive_IT32Bit	24	static
stm32l4xx_hal_sai.c:2652:13:SAI_DMATxCplt	24	static
stm32l4xx_hal_sai.c:2681:13:SAI_DMATxHalfCplt	24	static
stm32l4xx_hal_sai.c:2698:13:SAI_DMARxCplt	24	static
stm32l4xx_hal_sai.c:2726:13:SAI_DMARxHalfCplt	24	static
stm32l4xx_hal_sai.c:2743:13:SAI_DMAError	24	static
stm32l4xx_hal_sai.c:2777:13:SAI_DMAAbort	24	static
