stm32l4xx_hal_rtc.c:248:19:HAL_RTC_Init	24	static
stm32l4xx_hal_rtc.c:394:19:HAL_RTC_DeInit	24	static
stm32l4xx_hal_rtc.c:752:13:HAL_RTC_MspInit	16	static
stm32l4xx_hal_rtc.c:767:13:HAL_RTC_MspDeInit	16	static
stm32l4xx_hal_rtc.c:805:19:HAL_RTC_SetTime	40	static
stm32l4xx_hal_rtc.c:944:19:HAL_RTC_GetTime	32	static
stm32l4xx_hal_rtc.c:988:19:HAL_RTC_SetDate	40	static
stm32l4xx_hal_rtc.c:1101:19:HAL_RTC_GetDate	32	static
stm32l4xx_hal_rtc.c:1155:19:HAL_RTC_SetAlarm	48	static
stm32l4xx_hal_rtc.c:1340:19:HAL_RTC_SetAlarm_IT	48	static
stm32l4xx_hal_rtc.c:1526:19:HAL_RTC_DeactivateAlarm	24	static
stm32l4xx_hal_rtc.c:1620:19:HAL_RTC_GetAlarm	32	static
stm32l4xx_hal_rtc.c:1680:6:HAL_RTC_AlarmIRQHandler	16	static
stm32l4xx_hal_rtc.c:1761:13:HAL_RTC_AlarmAEventCallback	16	static
stm32l4xx_hal_rtc.c:1777:19:HAL_RTC_PollForAlarmAEvent	24	static
stm32l4xx_hal_rtc.c:1836:19:HAL_RTC_WaitForSynchro	24	static
stm32l4xx_hal_rtc.c:1888:21:HAL_RTC_GetState	16	static
stm32l4xx_hal_rtc.c:1912:19:RTC_EnterInitMode	24	static
stm32l4xx_hal_rtc.c:1960:9:RTC_ByteToBcd2	24	static
stm32l4xx_hal_rtc.c:1979:9:RTC_Bcd2ToByte	24	static
